Microchip MPLAB XC8 Compiler V2.32

Linker command line:

-W-3 --edf=C:\Program Files\Microchip\xc8\v2.32\pic\dat\en_msgs.txt -cn \
  -h+dist/default/production\AutoHood_Final.X.production.sym \
  --cmf=dist/default/production\AutoHood_Final.X.production.cmf -z \
  -Q18LF26K40 -oC:\Users\tyler\AppData\Local\Temp\xcAs2hg.4 \
  --defsym=__MPLAB_BUILD=1 \
  -Mdist/default/production/AutoHood_Final.X.production.map -E1 \
  -ver=XC8 Compiler --acfsm=1493 -ASTACK=01CCh-0E87h -pstack=STACK \
  -ACODE=00h-0FFFFh -ACONST=00h-0FFFFh -ASMALLCONST=0F00h-0FFFhx241 \
  -AMEDIUMCONST=0F00h-0FFFFh -ACOMRAM=01h-05Fh -AABS1=00h-0E87h \
  -ABIGRAM=01h-0E87h -ARAM=060h-0FFh,0100h-01FFhx13,0E00h-0E87h \
  -ABANK0=060h-0FFh -ABANK1=0100h-01FFh -ABANK2=0200h-02FFh \
  -ABANK3=0300h-03FFh -ABANK4=0400h-04FFh -ABANK5=0500h-05FFh \
  -ABANK6=0600h-06FFh -ABANK7=0700h-07FFh -ABANK8=0800h-08FFh \
  -ABANK9=0900h-09FFh -ABANK10=0A00h-0AFFh -ABANK11=0B00h-0BFFh \
  -ABANK12=0C00h-0CFFh -ABANK13=0D00h-0DFFh -ABANK14=0E00h-0E87h \
  -ASFR=0E8Dh-0EFFh,0F00h-0F5Fh,0F60h-0FFFh -ACONFIG=0300000h-030000Bh \
  -AIDLOC=0200000h-020000Fh -AEEDATA=0310000h-03103FFh -peeprom_data=EEDATA \
  -preset_vec=00h,intcode=08h,intcodelo,powerup,init -pramtop=0F00h \
  -psmallconst=SMALLCONST -pmediumconst=MEDIUMCONST -pconst=CONST \
  -AFARRAM=00h-00h \
  -prdata=COMRAM,nvrram=COMRAM,nvbit=COMRAM,rbss=COMRAM,rbit=COMRAM \
  -pfarbss=FARRAM,fardata=FARRAM,nvFARRAM=FARRAM \
  -pintsave_regs=BIGRAM,bigbss=BIGRAM,bigdata=BIGRAM -pbss=RAM \
  -pidata=CODE,irdata=CODE,ibigdata=CODE,ifardata=CODE -prparam=COMRAM \
  C:\Users\tyler\AppData\Local\Temp\xcAs2hg.o \
  dist/default/production\AutoHood_Final.X.production.o 

Object code version is 3.11

Machine type is 18LF26K40



                Name                               Link     Load   Length Selector   Space Scale
C:\Users\tyler\AppData\Local\Temp\xcAs2hg.o
                idloc                            200000   200000       10        0       5
                config                           300000   300000        C        0       4
                init                                138      138        4        4       0
                reset_vec                             0        0        4        0       0
dist/default/production\AutoHood_Final.X.production.o
                intcode                               8        8      130        4       0
                idloc                            200000   200000       10        0       5
                config                           300000   300000        C        0       4
                temp                                 43       43        1        1       1
                smallconst                          F00      F00       62      780       0
                text125                            5E0A     5E0A       52      7B1       0
                text124                            62B8     62B8       2A      7B1       0
                text123                            6594     6594        6      7B1       0
                text122                            65C8     65C8        2     32E4       0
                text121                            658E     658E        6      7B1       0
                text120                            6432     6432       16      7B1       0
                text119                            33EC     33EC      42A      7B1       0
                text118                            2680     2680      4C0      7B1       0
                text117                            5F3C     5F3C       46      7B1       0
                text116                            44F0     44F0      1B4      7B1       0
                text115                            46A4     46A4      1A4      7B1       0
                text114                            53B8     53B8       BC      7B1       0
                text113                            5F82     5F82       42      7B1       0
                text112                            65BE     65BE        4      7B1       0
                text111                            65BA     65BA        4      7B1       0
                text110                            6354     6354       24      7B1       0
                text109                            59B2     59B2       7A      7B1       0
                text108                            6404     6404       18      7B1       0
                text107                            628C     628C       2C      7B1       0
                text106                            6260     6260       2C      7B1       0
                text105                            6234     6234       2C      7B1       0
                text104                            6208     6208       2C      7B1       0
                text103                            6004     6004       40      7B1       0
                text102                            65B6     65B6        4      7B1       0
                text101                            65B2     65B2        4      7B1       0
                text100                            61DC     61DC       2C      7B1       0
                text99                             61B0     61B0       2C      7B1       0
                text98                             65AE     65AE        4      7B1       0
                text97                             6588     6588        6      7B1       0
                text96                             65AA     65AA        4      7B1       0
                text95                             6582     6582        6      7B1       0
                text94                             6556     6556        8      7B1       0
                text93                             6470     6470       14      7B1       0
                text92                             657C     657C        6      7B1       0
                text91                             58BC     58BC       7C      7B1       0
                text90                             64BC     64BC        C      7B1       0
                text89                             6494     6494       10      7B1       0
                text88                             6484     6484       10      7B1       0
                text87                             52F4     52F4       C4      7B1       0
                text86                             55D0     55D0       A6      7B1       0
                text85                             64B0     64B0        C      7B1       0
                text84                             654E     654E        8      7B1       0
                text83                             6546     6546        8      7B1       0
                text82                             653E     653E        8      7B1       0
                text81                             6536     6536        8      7B1       0
                text80                             652E     652E        8      7B1       0
                text79                             6526     6526        8      7B1       0
                text78                             651E     651E        8      7B1       0
                text77                             64A4     64A4        C      7B1       0
                text76                             5B82     5B82       66      7B1       0
                text75                             6576     6576        6      7B1       0
                text74                             5AA4     5AA4       70      7B1       0
                text73                             6570     6570        6      7B1       0
                text71                             6156     6156       2E      7B1       0
                text70                             21BE     21BE      4C2      7B1       0
                text69                             2FC0     2FC0      42C      7B1       0
                text68                             4338     4338      1B8      7B1       0
                text67                             49E6     49E6      112      7B1       0
                text66                             656A     656A        6      7B1       0
                text65                             65A6     65A6        4      7B1       0
                text64                             6564     6564        6      7B1       0
                text63                             6184     6184       2C      7B1       0
                text62                             65A2     65A2        4      7B1       0
                text61                             5FC4     5FC4       40      7B1       0
                text60                             6516     6516        8      7B1       0
                text59                             655E     655E        6      7B1       0
                text58                             6378     6378       22      7B1       0
                text57                             6504     6504        A      7B1       0
                text56                             5676     5676       9E      7B1       0
                text55                             6330     6330       24      7B1       0
                text54                             5938     5938       7A      7B1       0
                text53                             63EC     63EC       18      7B1       0
                text52                             516A     516A       C6      7B1       0
                text51                             650E     650E        8      7B1       0
                text50                             5D64     5D64       54      7B1       0
                text49                             4FD4     4FD4       CE      7B1       0
                text48                             6122     6122       34      7B1       0
                text47                             3E8A     3E8A      298      7B1       0
                text46                             3BB2     3BB2      2D8      7B1       0
                text45                             5E5C     5E5C       50      7B1       0
                text44                             64FA     64FA        A      7B1       0
                text43                             64F0     64F0        A      7B1       0
                text42                             64E6     64E6        A      7B1       0
                text41                             64DC     64DC        A      7B1       0
                text40                             64D2     64D2        A      7B1       0
                text39                             5A2C     5A2C       78      7B1       0
                text38                             645C     645C       14      7B1       0
                text37                             659E     659E        4      7B1       0
                text36                             63D4     63D4       18      7B1       0
                text35                             5B14     5B14       6E      7B1       0
                text34                             63B8     63B8       1C      7B1       0
                text33                             639A     639A       1E      7B1       0
                text32                             4E04     4E04       F2      7B1       0
                text31                             6448     6448       14      7B1       0
                text30                             641C     641C       16      7B1       0
                text29                             630A     630A       26      7B1       0
                text28                             60B4     60B4       38      7B1       0
                text27                             5DB8     5DB8       52      7B1       0
                text26                             4848     4848      19E      7B1       0
                text25                             5230     5230       C4      7B1       0
                text24                             5474     5474       B0      7B1       0
                text23                             3816     3816      39C      7B1       0
                text22                             5524     5524       AC      7B1       0
                text21                             4BFE     4BFE      106      7B1       0
                text20                             607C     607C       38      7B1       0
                text19                             5EF4     5EF4       48      7B1       0
                text18                             4AF8     4AF8      106      7B1       0
                text17                             4D04     4D04      100      7B1       0
                text16                             4122     4122      216      7B1       0
                text15                             5D0C     5D0C       58      7B1       0
                text14                             64C8     64C8        A      7B1       0
                text13                             5714     5714       98      7B1       0
                text12                             5EAC     5EAC       48      7B1       0
                text11                             60EC     60EC       36      7B1       0
                text10                             50A2     50A2       C8      7B1       0
                text9                              5CAE     5CAE       5E      7B1       0
                text8                              6044     6044       38      7B1       0
                text7                              5C4C     5C4C       62      7B1       0
                text6                               F62      F62      CAC      7B1       0
                text5                              4EF6     4EF6       DE      7B1       0
                text4                              1C0E     1C0E      5B0      7B1       0
                text3                              5BE8     5BE8       64      7B1       0
                text2                              62E2     62E2       28      7B1       0
                text1                              57AC     57AC       8C      7B1       0
                text0                              2B40     2B40      480      7B1       0
                cstackCOMRAM                          1        1       26        1       1
                cstackBANK0                          60       60       84       60       1
                cstackBANK1                         1A4      1A4       1C      100       1
                dataBANK1                           1C8      1C8        4      100       1
                bssBANK1                            100      100       A4      100       1
                dataBANK0                            FD       FD        3       60       1
                bssBANK0                             E4       E4       19       60       1
                dataCOMRAM                           41       41        2        1       1
                bssCOMRAM                            27       27       17        1       1
                cinit                              5838     5838       84      7B1       0
                nvBANK1                             1C0      1C0        8      100       1
                nvCOMRAM                             3E       3E        3        1       1
                idataBANK1                         659A     659A        4      7B1       0
                idataBANK0                         65C2     65C2        3      7B1       0
                idataCOMRAM                        65C5     65C5        2      7B1       0

TOTAL           Name                               Link     Load   Length     Space
        CLASS   STACK          

        CLASS   CODE           
                intcode                               8        8      130         0
                init                                138      138        4         0
                reset_vec                             0        0        4         0
                text125                            5E0A     5E0A       52         0
                text124                            62B8     62B8       2A         0
                text123                            6594     6594        6         0
                text122                            65C8     65C8        2         0
                text121                            658E     658E        6         0
                text120                            6432     6432       16         0
                text119                            33EC     33EC      42A         0
                text118                            2680     2680      4C0         0
                text117                            5F3C     5F3C       46         0
                text116                            44F0     44F0      1B4         0
                text115                            46A4     46A4      1A4         0
                text114                            53B8     53B8       BC         0
                text113                            5F82     5F82       42         0
                text112                            65BE     65BE        4         0
                text111                            65BA     65BA        4         0
                text110                            6354     6354       24         0
                text109                            59B2     59B2       7A         0
                text108                            6404     6404       18         0
                text107                            628C     628C       2C         0
                text106                            6260     6260       2C         0
                text105                            6234     6234       2C         0
                text104                            6208     6208       2C         0
                text103                            6004     6004       40         0
                text102                            65B6     65B6        4         0
                text101                            65B2     65B2        4         0
                text100                            61DC     61DC       2C         0
                text99                             61B0     61B0       2C         0
                text98                             65AE     65AE        4         0
                text97                             6588     6588        6         0
                text96                             65AA     65AA        4         0
                text95                             6582     6582        6         0
                text94                             6556     6556        8         0
                text93                             6470     6470       14         0
                text92                             657C     657C        6         0
                text91                             58BC     58BC       7C         0
                text90                             64BC     64BC        C         0
                text89                             6494     6494       10         0
                text88                             6484     6484       10         0
                text87                             52F4     52F4       C4         0
                text86                             55D0     55D0       A6         0
                text85                             64B0     64B0        C         0
                text84                             654E     654E        8         0
                text83                             6546     6546        8         0
                text82                             653E     653E        8         0
                text81                             6536     6536        8         0
                text80                             652E     652E        8         0
                text79                             6526     6526        8         0
                text78                             651E     651E        8         0
                text77                             64A4     64A4        C         0
                text76                             5B82     5B82       66         0
                text75                             6576     6576        6         0
                text74                             5AA4     5AA4       70         0
                text73                             6570     6570        6         0
                text71                             6156     6156       2E         0
                text70                             21BE     21BE      4C2         0
                text69                             2FC0     2FC0      42C         0
                text68                             4338     4338      1B8         0
                text67                             49E6     49E6      112         0
                text66                             656A     656A        6         0
                text65                             65A6     65A6        4         0
                text64                             6564     6564        6         0
                text63                             6184     6184       2C         0
                text62                             65A2     65A2        4         0
                text61                             5FC4     5FC4       40         0
                text60                             6516     6516        8         0
                text59                             655E     655E        6         0
                text58                             6378     6378       22         0
                text57                             6504     6504        A         0
                text56                             5676     5676       9E         0
                text55                             6330     6330       24         0
                text54                             5938     5938       7A         0
                text53                             63EC     63EC       18         0
                text52                             516A     516A       C6         0
                text51                             650E     650E        8         0
                text50                             5D64     5D64       54         0
                text49                             4FD4     4FD4       CE         0
                text48                             6122     6122       34         0
                text47                             3E8A     3E8A      298         0
                text46                             3BB2     3BB2      2D8         0
                text45                             5E5C     5E5C       50         0
                text44                             64FA     64FA        A         0
                text43                             64F0     64F0        A         0
                text42                             64E6     64E6        A         0
                text41                             64DC     64DC        A         0
                text40                             64D2     64D2        A         0
                text39                             5A2C     5A2C       78         0
                text38                             645C     645C       14         0
                text37                             659E     659E        4         0
                text36                             63D4     63D4       18         0
                text35                             5B14     5B14       6E         0
                text34                             63B8     63B8       1C         0
                text33                             639A     639A       1E         0
                text32                             4E04     4E04       F2         0
                text31                             6448     6448       14         0
                text30                             641C     641C       16         0
                text29                             630A     630A       26         0
                text28                             60B4     60B4       38         0
                text27                             5DB8     5DB8       52         0
                text26                             4848     4848      19E         0
                text25                             5230     5230       C4         0
                text24                             5474     5474       B0         0
                text23                             3816     3816      39C         0
                text22                             5524     5524       AC         0
                text21                             4BFE     4BFE      106         0
                text20                             607C     607C       38         0
                text19                             5EF4     5EF4       48         0
                text18                             4AF8     4AF8      106         0
                text17                             4D04     4D04      100         0
                text16                             4122     4122      216         0
                text15                             5D0C     5D0C       58         0
                text14                             64C8     64C8        A         0
                text13                             5714     5714       98         0
                text12                             5EAC     5EAC       48         0
                text11                             60EC     60EC       36         0
                text10                             50A2     50A2       C8         0
                text9                              5CAE     5CAE       5E         0
                text8                              6044     6044       38         0
                text7                              5C4C     5C4C       62         0
                text6                               F62      F62      CAC         0
                text5                              4EF6     4EF6       DE         0
                text4                              1C0E     1C0E      5B0         0
                text3                              5BE8     5BE8       64         0
                text2                              62E2     62E2       28         0
                text1                              57AC     57AC       8C         0
                text0                              2B40     2B40      480         0
                cinit                              5838     5838       84         0
                idataBANK1                         659A     659A        4         0
                idataBANK0                         65C2     65C2        3         0
                idataCOMRAM                        65C5     65C5        2         0

        CLASS   CONST          

        CLASS   SMALLCONST     
                smallconst                          F00      F00       62         0

        CLASS   MEDIUMCONST    

        CLASS   COMRAM         
                temp                                 43       43        1         1
                cstackCOMRAM                          1        1       26         1
                dataCOMRAM                           41       41        2         1
                bssCOMRAM                            27       27       17         1
                nvCOMRAM                             3E       3E        3         1

        CLASS   ABS1           

        CLASS   BIGRAM         

        CLASS   RAM            

        CLASS   BANK0          
                cstackBANK0                          60       60       84         1
                dataBANK0                            FD       FD        3         1
                bssBANK0                             E4       E4       19         1

        CLASS   BANK1          
                cstackBANK1                         1A4      1A4       1C         1
                dataBANK1                           1C8      1C8        4         1
                bssBANK1                            100      100       A4         1
                nvBANK1                             1C0      1C0        8         1

        CLASS   BANK2          

        CLASS   BANK3          

        CLASS   BANK4          

        CLASS   BANK5          

        CLASS   BANK6          

        CLASS   BANK7          

        CLASS   BANK8          

        CLASS   BANK9          

        CLASS   BANK10         

        CLASS   BANK11         

        CLASS   BANK12         

        CLASS   BANK13         

        CLASS   BANK14         

        CLASS   SFR            

        CLASS   CONFIG         
                config                           300000   300000        C         4

        CLASS   IDLOC          
                idloc                            200000   200000       10         5

        CLASS   EEDATA         

        CLASS   FARRAM         



SEGMENTS        Name                           Load    Length   Top    Selector   Space  Class

                reset_vec                      000000  000004  000004         0       0  CODE    
                cstackCOMRAM                   000001  000043  000044         1       1  COMRAM  
                intcode                        000008  000134  00013C         4       0  CODE    
                cstackBANK0                    000060  0000A0  000100        60       1  BANK0   
                bssBANK1                       000100  0000CC  0001CC       100       1  BANK1   
                smallconst                     000F00  000062  000F62       780       0  SMALLCON
                text6                          000F62  005665  0065C7       7B1       0  CODE    
                text122                        0065C8  000002  0065CA      32E4       0  CODE    


UNUSED ADDRESS RANGES

        Name                Unused          Largest block    Delta
        BANK1            0001CC-0001FF               34
        BANK10           000A00-000AFF              100
        BANK11           000B00-000BFF              100
        BANK12           000C00-000CFF              100
        BANK13           000D00-000DFF              100
        BANK14           000E00-000E87               88
        BANK2            000200-0002FF              100
        BANK3            000300-0003FF              100
        BANK4            000400-0004FF              100
        BANK5            000500-0005FF              100
        BANK6            000600-0006FF              100
        BANK7            000700-0007FF              100
        BANK8            000800-0008FF              100
        BANK9            000900-0009FF              100
        BIGRAM           000044-00005F               1C
                         0001CC-000E87              CBC
        CODE             000004-000007                4
                         00013C-000EFF              DC4
                         0065C7-0065C7                1
                         0065CA-00FFFF             9A36
        COMRAM           000044-00005F               1C
        CONST            000004-000007                4
                         00013C-000EFF              DC4
                         0065C7-0065C7                1
                         0065CA-00FFFF             9A36
        EEDATA           310000-3103FF              400
        MEDIUMCONST      0065C7-0065C7                1
                         0065CA-00FFFF             9A36
        RAM              0001CC-000E87              100
        SFR              000E8D-000FFF               73
        SMALLCONST       0065C7-0065C7                1
                         0065CA-00FFFF              100
        STACK            0001CC-000E87              CBC

                                  Symbol Table

?_ADCC_GetSingleConversion                         cstackCOMRAM 00001D
?___awdiv                                          cstackCOMRAM 00001D
?___awmod                                          cstackCOMRAM 00001D
?___fladd                                          cstackCOMRAM 00001D
?___fldiv                                          cstackCOMRAM 00001D
?___flmul                                          cstackCOMRAM 00001D
?___flneg                                          cstackCOMRAM 00001D
?___flsub                                          cstackBANK0  000071
?___fltol                                          cstackCOMRAM 00001D
?___fpclassifyf                                    cstackCOMRAM 00001D
?___wmul                                           cstackCOMRAM 00001D
?___xxtofl                                         cstackCOMRAM 00001D
?_atoi                                             cstackCOMRAM 000024
?_efgtoa                                           cstackBANK0  000085
?_floorf                                           cstackBANK0  000071
?_isdigit                                          cstackCOMRAM 00001D
?_isspace                                          cstackCOMRAM 00001D
?_isupper                                          cstackCOMRAM 00001D
?_pad                                              cstackBANK0  000068
?_printf                                           cstackBANK1  0001AA
?_strlen                                           cstackCOMRAM 00001D
?_strncmp                                          cstackCOMRAM 00001D
?_tolower                                          cstackCOMRAM 000023
?_vfpfcnvrt                                        cstackBANK0  0000C9
?_vfprintf                                         cstackBANK1  0001A4
?i2___fladd                                        cstackCOMRAM 000001
?i2___flmul                                        cstackCOMRAM 000001
?i2___flsub                                        cstackCOMRAM 000011
?i2___xxtofl                                       cstackCOMRAM 000001
ADCC_GetSingleConversion@channel                   cstackCOMRAM 000021
ADCGetVal@convertedValue                           cstackBANK0  000071
EUSART1_Read@readValue                             cstackCOMRAM 000001
EUSART1_SetErrorHandler@interruptHandler           cstackCOMRAM 00001D
EUSART1_SetFramingErrorHandler@interruptHandler    cstackCOMRAM 00001D
EUSART1_SetOverrunErrorHandler@interruptHandler    cstackCOMRAM 00001D
EUSART1_SetRxInterruptHandler@interruptHandler     cstackCOMRAM 00001D
EUSART1_SetTxInterruptHandler@interruptHandler     cstackCOMRAM 00001D
EUSART1_Write@txData                               cstackCOMRAM 00001D
I2C1_Close@returnValue                             cstackCOMRAM 00001D
I2C1_MasterOperation@read                          cstackCOMRAM 00001D
I2C1_MasterOperation@returnValue                   cstackCOMRAM 00001E
I2C1_MasterSendTxData@data                         cstackCOMRAM 000001
I2C1_Open@address                                  cstackCOMRAM 00001F
I2C1_Open@returnValue                              cstackCOMRAM 000020
I2C1_SetBuffer@buffer                              cstackCOMRAM 00001D
I2C1_SetBuffer@bufferSize                          cstackCOMRAM 00001F
I2C1_SetCallback@cb                                cstackCOMRAM 00001D
I2C1_SetCallback@idx                               cstackCOMRAM 000021
I2C1_SetCallback@ptr                               cstackCOMRAM 00001F
I2C1_SetDataCompleteCallback@cb                    cstackCOMRAM 000022
I2C1_SetDataCompleteCallback@ptr                   cstackCOMRAM 000024
I2C1_SetInterruptHandler@InterruptHandler          cstackCOMRAM 00001D
I2C1_dataFetch@address                             cstackBANK0  00006A
I2C1_dataFetch@data                                cstackBANK0  000066
I2C1_dataFetch@len                                 cstackBANK0  000068
I2C1_dataFetch@returnValue                         cstackBANK0  00006B
I2C1_measReq@address                               cstackBANK0  000060
I2C1_measReq@returnValue                           cstackBANK0  000061
_ADACCH                                            (abs)        000F71
_ADACCL                                            (abs)        000F70
_ADACQ                                             (abs)        000F5C
_ADACT                                             (abs)        000F56
_ADCAP                                             (abs)        000F5D
_ADCC_GetSingleConversion                          text71       006156
_ADCC_Initialize                                   text45       005E5C
_ADCGetVal                                         text67       0049E6
_ADCLK                                             (abs)        000F57
_ADCNT                                             (abs)        000F67
_ADCON0                                            (abs)        000F60
_ADCON0bits                                        (abs)        000F60
_ADCON1                                            (abs)        000F59
_ADCON1bits                                        (abs)        000F59
_ADCON2                                            (abs)        000F5A
_ADCON2bits                                        (abs)        000F5A
_ADCON3                                            (abs)        000F5B
_ADCON3bits                                        (abs)        000F5B
_ADCOut                                            bssCOMRAM    00002B
_ADERRH                                            (abs)        000F6F
_ADERRL                                            (abs)        000F6E
_ADFLTRH                                           (abs)        000F73
_ADFLTRL                                           (abs)        000F72
_ADLTHH                                            (abs)        000F6B
_ADLTHL                                            (abs)        000F6A
_ADPCH                                             (abs)        000F5F
_ADPRE                                             (abs)        000F5E
_ADPREVH                                           (abs)        000F62
_ADPREVL                                           (abs)        000F61
_ADREF                                             (abs)        000F58
_ADRESH                                            (abs)        000F64
_ADRESL                                            (abs)        000F63
_ADRPT                                             (abs)        000F66
_ADSTAT                                            (abs)        000F65
_ADSTATbits                                        (abs)        000F65
_ADSTPTH                                           (abs)        000F69
_ADSTPTL                                           (abs)        000F68
_ADUTHH                                            (abs)        000F6D
_ADUTHL                                            (abs)        000F6C
_ANSELA                                            (abs)        000F11
_ANSELB                                            (abs)        000F19
_ANSELC                                            (abs)        000F21
_BAUD1CON                                          (abs)        000F9F
_BTN_Val                                           bssCOMRAM    000031
_EUSART1ISR                                        text115      0046A4
_EUSART1_DefaultErrorHandler                       text123      006594
_EUSART1_DefaultFramingErrorHandler                text122      0065C8
_EUSART1_DefaultOverrunErrorHandler                text121      00658E
_EUSART1_ErrorHandler                              nvBANK1      0001C0
_EUSART1_FramingErrorHandler                       nvBANK1      0001C4
_EUSART1_Initialize                                text39       005A2C
_EUSART1_OverrunErrorHandler                       nvBANK1      0001C2
_EUSART1_Read                                      text125      005E0A
_EUSART1_Receive_ISR                               text114      0053B8
_EUSART1_RxDataHandler                             text124      0062B8
_EUSART1_RxDefaultInterruptHandler                 nvBANK1      0001C6
_EUSART1_SetErrorHandler                           text44       0064FA
_EUSART1_SetFramingErrorHandler                    text43       0064F0
_EUSART1_SetOverrunErrorHandler                    text42       0064E6
_EUSART1_SetRxInterruptHandler                     text41       0064DC
_EUSART1_SetTxInterruptHandler                     text40       0064D2
_EUSART1_Transmit_ISR                              text113      005F82
_EUSART1_TxDefaultInterruptHandler                 nvCOMRAM     00003E
_EUSART1_Write                                     text15       005D0C
_EUSART1_is_rx_ready                               text120      006432
_EUSART1_is_tx_done                                text31       006448
_EUSART1_is_tx_ready                               text30       00641C
_HUdata                                            bssCOMRAM    00003C
_I2C1_CallbackReturnReset                          text101      0065B2
_I2C1_CallbackReturnStop                           text102      0065B6
_I2C1_Close                                        text63       006184
_I2C1_DO_ADDRESS_NACK                              text76       005B82
_I2C1_DO_IDLE                                      text90       0064BC
_I2C1_DO_RCEN                                      text85       0064B0
_I2C1_DO_RESET                                     text77       0064A4
_I2C1_DO_RX                                        text86       0055D0
_I2C1_DO_RX_ACK                                    text80       00652E
_I2C1_DO_RX_NACK_RESTART                           text78       00651E
_I2C1_DO_RX_NACK_STOP                              text79       006526
_I2C1_DO_SEND_ADR_READ                             text89       006494
_I2C1_DO_SEND_ADR_WRITE                            text88       006484
_I2C1_DO_SEND_RESTART                              text82       00653E
_I2C1_DO_SEND_RESTART_READ                         text84       00654E
_I2C1_DO_SEND_RESTART_WRITE                        text83       006546
_I2C1_DO_SEND_STOP                                 text81       006536
_I2C1_DO_TX                                        text87       0052F4
_I2C1_DO_TX_EMPTY                                  text91       0058BC
_I2C1_Initialize                                   text38       00645C
_I2C1_MasterClearIrq                               text66       00656A
_I2C1_MasterClose                                  text65       0065A6
_I2C1_MasterDisableIrq                             text64       006564
_I2C1_MasterEnableIrq                              text59       00655E
_I2C1_MasterEnableRestart                          text112      0065BE
_I2C1_MasterFsm                                    text74       005AA4
_I2C1_MasterGetRxData                              text96       0065AA
_I2C1_MasterIsNack                                 text93       006470
_I2C1_MasterIsr                                    text73       006570
_I2C1_MasterOpen                                   text58       006378
_I2C1_MasterOperation                              text61       005FC4
_I2C1_MasterRead                                   text60       006516
_I2C1_MasterSendAck                                text95       006582
_I2C1_MasterSendNack                               text97       006588
_I2C1_MasterSendTxData                             text94       006556
_I2C1_MasterSetIrq                                 text92       00657C
_I2C1_MasterStart                                  text62       0065A2
_I2C1_MasterStartRx                                text98       0065AE
_I2C1_MasterStop                                   text111      0065BA
_I2C1_MasterWrite                                  text51       00650E
_I2C1_Open                                         text56       005676
_I2C1_SetBuffer                                    text55       006330
_I2C1_SetCallback                                  text54       005938
_I2C1_SetDataCompleteCallback                      text53       0063EC
_I2C1_SetInterruptHandler                          text57       006504
_I2C1_Status                                       bssBANK1     000100
_I2C1_dataFetch                                    text52       00516A
_I2C1_measReq                                      text50       005D64
_INLVLA                                            (abs)        000F0D
_INLVLB                                            (abs)        000F15
_INLVLC                                            (abs)        000F1D
_INLVLE                                            (abs)        000F2A
_INTCONbits                                        (abs)        000FF2
_INTERRUPT_Initialize                              text37       00659E
_INTERRUPT_InterruptManager                        intcode      000008
_LATA                                              (abs)        000F83
_LATAbits                                          (abs)        000F83
_LATB                                              (abs)        000F84
_LATBbits                                          (abs)        000F84
_LATC                                              (abs)        000F85
_MSSP1_InterruptHandler                            bssCOMRAM    000033
_ODCONA                                            (abs)        000F0F
_ODCONB                                            (abs)        000F17
_ODCONC                                            (abs)        000F1F
_OSCCON1                                           (abs)        000ED8
_OSCCON3                                           (abs)        000EDA
_OSCEN                                             (abs)        000EDC
_OSCFRQ                                            (abs)        000EDE
_OSCILLATOR_Initialize                             text36       0063D4
_OSCTUNE                                           (abs)        000EDD
_PIE3bits                                          (abs)        000EC5
_PIN_MANAGER_Initialize                            text35       005B14
_PIR3bits                                          (abs)        000ECD
_PMD0                                              (abs)        000EE1
_PMD1                                              (abs)        000EE2
_PMD2                                              (abs)        000EE3
_PMD3                                              (abs)        000EE4
_PMD4                                              (abs)        000EE5
_PMD5                                              (abs)        000EE6
_PMD_Initialize                                    text34       0063B8
_PORTCbits                                         (abs)        000F8F
_RC1REG                                            (abs)        000F99
_RC1STA                                            (abs)        000F9D
_RC1STAbits                                        (abs)        000F9D
_RC2PPS                                            (abs)        000EF9
_RC3PPS                                            (abs)        000EFA
_RC7PPS                                            (abs)        000EFE
_RESOLUTION                                        dataBANK1    0001C8
_RX1PPS                                            (abs)        000EB5
_SLRCONA                                           (abs)        000F0E
_SLRCONB                                           (abs)        000F16
_SLRCONC                                           (abs)        000F1E
_SP1BRGH                                           (abs)        000F9C
_SP1BRGL                                           (abs)        000F9B
_SSP1ADD                                           (abs)        000F93
_SSP1BUF                                           (abs)        000F92
_SSP1CLKPPS                                        (abs)        000EB7
_SSP1CON1                                          (abs)        000F96
_SSP1CON1bits                                      (abs)        000F96
_SSP1CON2                                          (abs)        000F97
_SSP1CON2bits                                      (abs)        000F97
_SSP1DATPPS                                        (abs)        000EB8
_SSP1STAT                                          (abs)        000F95
_SSP1STATbits                                      (abs)        000F95
_SYSTEM_Initialize                                 text33       00639A
_TRISA                                             (abs)        000F88
_TRISB                                             (abs)        000F89
_TRISC                                             (abs)        000F8A
_TX1REG                                            (abs)        000F9A
_TX1STA                                            (abs)        000F9E
_TX1STAbits                                        (abs)        000F9E
_WPUA                                              (abs)        000F10
_WPUB                                              (abs)        000F18
_WPUC                                              (abs)        000F20
_WPUE                                              (abs)        000F2D
__HRAM                                             (abs)        000000
__Habs1                                            abs1         000000
__Hbank0                                           bank0        000000
__Hbank1                                           bank1        000000
__Hbank10                                          bank10       000000
__Hbank11                                          bank11       000000
__Hbank12                                          bank12       000000
__Hbank13                                          bank13       000000
__Hbank14                                          bank14       000000
__Hbank2                                           bank2        000000
__Hbank3                                           bank3        000000
__Hbank4                                           bank4        000000
__Hbank5                                           bank5        000000
__Hbank6                                           bank6        000000
__Hbank7                                           bank7        000000
__Hbank8                                           bank8        000000
__Hbank9                                           bank9        000000
__Hbigbss                                          bigbss       000000
__Hbigdata                                         bigdata      000000
__Hbigram                                          bigram       000000
__Hbss                                             bss          000000
__HbssBANK0                                        bssBANK0     000000
__HbssBANK1                                        bssBANK1     000000
__HbssCOMRAM                                       bssCOMRAM    000000
__Hcinit                                           cinit        000000
__Hclrtext                                         clrtext      000000
__Hcomram                                          comram       000000
__Hconfig                                          config       30000C
__Hconst                                           const        000000
__HcstackBANK0                                     cstackBANK0  000000
__HcstackBANK1                                     cstackBANK1  000000
__HcstackCOMRAM                                    cstackCOMRAM 000000
__Hdata                                            data         000000
__HdataBANK0                                       dataBANK0    000000
__HdataBANK1                                       dataBANK1    000000
__HdataCOMRAM                                      dataCOMRAM   000000
__Heeprom_data                                     eeprom_data  000000
__Hfarbss                                          farbss       000000
__Hfardata                                         fardata      000000
__Hibigdata                                        ibigdata     000000
__Hidata                                           idata        000000
__HidataBANK0                                      idataBANK0   000000
__HidataBANK1                                      idataBANK1   000000
__HidataCOMRAM                                     idataCOMRAM  000000
__Hidloc                                           idloc        200010
__Hifardata                                        ifardata     000000
__Hinit                                            init         00013C
__Hintcode                                         intcode      000138
__Hintcode_body                                    intcode_body 000000
__Hintcodelo                                       intcodelo    000138
__Hintentry                                        intentry     000000
__Hintret                                          intret       000000
__Hintsave_regs                                    intsave_regs 000000
__Hirdata                                          irdata       000000
__Hmediumconst                                     mediumconst  000000
__HnvBANK1                                         nvBANK1      000000
__HnvCOMRAM                                        nvCOMRAM     000000
__HnvFARRAM                                        nvFARRAM     000000
__Hnvbit                                           nvbit        000000
__Hnvrram                                          nvrram       000000
__Hparam                                           rparam       000000
__Hpowerup                                         powerup      000138
__Hram                                             ram          000000
__Hramtop                                          ramtop       000F00
__Hrbit                                            rbit         000000
__Hrbss                                            rbss         000000
__Hrdata                                           rdata        000000
__Hreset_vec                                       reset_vec    000004
__Hrparam                                          rparam       000000
__Hsfr                                             sfr          000000
__Hsmallconst                                      smallconst   000F62
__Hspace_0                                         (abs)        0065CA
__Hspace_1                                         (abs)        0001CC
__Hspace_2                                         (abs)        000000
__Hspace_4                                         (abs)        60000C
__Hstack                                           stack        000000
__Hstruct                                          struct       000000
__Htemp                                            temp         000044
__Htext                                            text         000000
__Htext0                                           text0        000000
__Htext1                                           text1        000000
__Htext10                                          text10       000000
__Htext100                                         text100      000000
__Htext101                                         text101      000000
__Htext102                                         text102      000000
__Htext103                                         text103      000000
__Htext104                                         text104      000000
__Htext105                                         text105      000000
__Htext106                                         text106      000000
__Htext107                                         text107      000000
__Htext108                                         text108      000000
__Htext109                                         text109      000000
__Htext11                                          text11       000000
__Htext110                                         text110      000000
__Htext111                                         text111      000000
__Htext112                                         text112      000000
__Htext113                                         text113      000000
__Htext114                                         text114      000000
__Htext115                                         text115      000000
__Htext116                                         text116      000000
__Htext117                                         text117      000000
__Htext118                                         text118      000000
__Htext119                                         text119      000000
__Htext12                                          text12       000000
__Htext120                                         text120      000000
__Htext121                                         text121      000000
__Htext122                                         text122      000000
__Htext123                                         text123      000000
__Htext124                                         text124      000000
__Htext125                                         text125      000000
__Htext126                                         text126      000000
__Htext13                                          text13       000000
__Htext14                                          text14       000000
__Htext15                                          text15       000000
__Htext16                                          text16       000000
__Htext17                                          text17       000000
__Htext18                                          text18       000000
__Htext19                                          text19       000000
__Htext2                                           text2        000000
__Htext20                                          text20       000000
__Htext21                                          text21       000000
__Htext22                                          text22       000000
__Htext23                                          text23       000000
__Htext24                                          text24       000000
__Htext25                                          text25       000000
__Htext26                                          text26       000000
__Htext27                                          text27       000000
__Htext28                                          text28       000000
__Htext29                                          text29       000000
__Htext3                                           text3        000000
__Htext30                                          text30       000000
__Htext31                                          text31       000000
__Htext32                                          text32       000000
__Htext33                                          text33       000000
__Htext34                                          text34       000000
__Htext35                                          text35       000000
__Htext36                                          text36       000000
__Htext37                                          text37       000000
__Htext38                                          text38       000000
__Htext39                                          text39       000000
__Htext4                                           text4        000000
__Htext40                                          text40       000000
__Htext41                                          text41       000000
__Htext42                                          text42       000000
__Htext43                                          text43       000000
__Htext44                                          text44       000000
__Htext45                                          text45       000000
__Htext46                                          text46       000000
__Htext47                                          text47       000000
__Htext48                                          text48       000000
__Htext49                                          text49       000000
__Htext5                                           text5        000000
__Htext50                                          text50       000000
__Htext51                                          text51       000000
__Htext52                                          text52       000000
__Htext53                                          text53       000000
__Htext54                                          text54       000000
__Htext55                                          text55       000000
__Htext56                                          text56       000000
__Htext57                                          text57       000000
__Htext58                                          text58       000000
__Htext59                                          text59       000000
__Htext6                                           text6        000000
__Htext60                                          text60       000000
__Htext61                                          text61       000000
__Htext62                                          text62       000000
__Htext63                                          text63       000000
__Htext64                                          text64       000000
__Htext65                                          text65       000000
__Htext66                                          text66       000000
__Htext67                                          text67       000000
__Htext68                                          text68       000000
__Htext69                                          text69       000000
__Htext7                                           text7        000000
__Htext70                                          text70       000000
__Htext71                                          text71       000000
__Htext73                                          text73       000000
__Htext74                                          text74       000000
__Htext75                                          text75       000000
__Htext76                                          text76       000000
__Htext77                                          text77       000000
__Htext78                                          text78       000000
__Htext79                                          text79       000000
__Htext8                                           text8        000000
__Htext80                                          text80       000000
__Htext81                                          text81       000000
__Htext82                                          text82       000000
__Htext83                                          text83       000000
__Htext84                                          text84       000000
__Htext85                                          text85       000000
__Htext86                                          text86       000000
__Htext87                                          text87       000000
__Htext88                                          text88       000000
__Htext89                                          text89       000000
__Htext9                                           text9        000000
__Htext90                                          text90       000000
__Htext91                                          text91       000000
__Htext92                                          text92       000000
__Htext93                                          text93       000000
__Htext94                                          text94       000000
__Htext95                                          text95       000000
__Htext96                                          text96       000000
__Htext97                                          text97       000000
__Htext98                                          text98       000000
__Htext99                                          text99       000000
__LRAM                                             (abs)        000001
__Labs1                                            abs1         000000
__Lbank0                                           bank0        000000
__Lbank1                                           bank1        000000
__Lbank10                                          bank10       000000
__Lbank11                                          bank11       000000
__Lbank12                                          bank12       000000
__Lbank13                                          bank13       000000
__Lbank14                                          bank14       000000
__Lbank2                                           bank2        000000
__Lbank3                                           bank3        000000
__Lbank4                                           bank4        000000
__Lbank5                                           bank5        000000
__Lbank6                                           bank6        000000
__Lbank7                                           bank7        000000
__Lbank8                                           bank8        000000
__Lbank9                                           bank9        000000
__Lbigbss                                          bigbss       000000
__Lbigdata                                         bigdata      000000
__Lbigram                                          bigram       000000
__Lbss                                             bss          000000
__LbssBANK0                                        bssBANK0     000000
__LbssBANK1                                        bssBANK1     000000
__LbssCOMRAM                                       bssCOMRAM    000000
__Lcinit                                           cinit        000000
__Lclrtext                                         clrtext      000000
__Lcomram                                          comram       000000
__Lconfig                                          config       000000
__Lconst                                           const        000000
__LcstackBANK0                                     cstackBANK0  000000
__LcstackBANK1                                     cstackBANK1  000000
__LcstackCOMRAM                                    cstackCOMRAM 000000
__Ldata                                            data         000000
__LdataBANK0                                       dataBANK0    000000
__LdataBANK1                                       dataBANK1    000000
__LdataCOMRAM                                      dataCOMRAM   000000
__Leeprom_data                                     eeprom_data  000000
__Lfarbss                                          farbss       000000
__Lfardata                                         fardata      000000
__Libigdata                                        ibigdata     000000
__Lidata                                           idata        000000
__LidataBANK0                                      idataBANK0   000000
__LidataBANK1                                      idataBANK1   000000
__LidataCOMRAM                                     idataCOMRAM  000000
__Lidloc                                           idloc        000000
__Lifardata                                        ifardata     000000
__Linit                                            init         000138
__Lintcode                                         intcode      000008
__Lintcode_body                                    intcode_body 000000
__Lintcodelo                                       intcodelo    000138
__Lintentry                                        intentry     000000
__Lintret                                          intret       000000
__Lintsave_regs                                    intsave_regs 000000
__Lirdata                                          irdata       000000
__Lmediumconst                                     mediumconst  000000
__LnvBANK1                                         nvBANK1      000000
__LnvCOMRAM                                        nvCOMRAM     000000
__LnvFARRAM                                        nvFARRAM     000000
__Lnvbit                                           nvbit        000000
__Lnvrram                                          nvrram       000000
__Lparam                                           rparam       000000
__Lpowerup                                         powerup      000138
__Lram                                             ram          000000
__Lramtop                                          ramtop       000F00
__Lrbit                                            rbit         000000
__Lrbss                                            rbss         000000
__Lrdata                                           rdata        000000
__Lreset_vec                                       reset_vec    000000
__Lrparam                                          rparam       000000
__Lsfr                                             sfr          000000
__Lsmallconst                                      smallconst   000F00
__Lspace_0                                         (abs)        000000
__Lspace_1                                         (abs)        000000
__Lspace_2                                         (abs)        000000
__Lspace_4                                         (abs)        000000
__Lstack                                           stack        000000
__Lstruct                                          struct       000000
__Ltemp                                            temp         000043
__Ltext                                            text         000000
__Ltext0                                           text0        000000
__Ltext1                                           text1        000000
__Ltext10                                          text10       000000
__Ltext100                                         text100      000000
__Ltext101                                         text101      000000
__Ltext102                                         text102      000000
__Ltext103                                         text103      000000
__Ltext104                                         text104      000000
__Ltext105                                         text105      000000
__Ltext106                                         text106      000000
__Ltext107                                         text107      000000
__Ltext108                                         text108      000000
__Ltext109                                         text109      000000
__Ltext11                                          text11       000000
__Ltext110                                         text110      000000
__Ltext111                                         text111      000000
__Ltext112                                         text112      000000
__Ltext113                                         text113      000000
__Ltext114                                         text114      000000
__Ltext115                                         text115      000000
__Ltext116                                         text116      000000
__Ltext117                                         text117      000000
__Ltext118                                         text118      000000
__Ltext119                                         text119      000000
__Ltext12                                          text12       000000
__Ltext120                                         text120      000000
__Ltext121                                         text121      000000
__Ltext122                                         text122      000000
__Ltext123                                         text123      000000
__Ltext124                                         text124      000000
__Ltext125                                         text125      000000
__Ltext126                                         text126      000000
__Ltext13                                          text13       000000
__Ltext14                                          text14       000000
__Ltext15                                          text15       000000
__Ltext16                                          text16       000000
__Ltext17                                          text17       000000
__Ltext18                                          text18       000000
__Ltext19                                          text19       000000
__Ltext2                                           text2        000000
__Ltext20                                          text20       000000
__Ltext21                                          text21       000000
__Ltext22                                          text22       000000
__Ltext23                                          text23       000000
__Ltext24                                          text24       000000
__Ltext25                                          text25       000000
__Ltext26                                          text26       000000
__Ltext27                                          text27       000000
__Ltext28                                          text28       000000
__Ltext29                                          text29       000000
__Ltext3                                           text3        000000
__Ltext30                                          text30       000000
__Ltext31                                          text31       000000
__Ltext32                                          text32       000000
__Ltext33                                          text33       000000
__Ltext34                                          text34       000000
__Ltext35                                          text35       000000
__Ltext36                                          text36       000000
__Ltext37                                          text37       000000
__Ltext38                                          text38       000000
__Ltext39                                          text39       000000
__Ltext4                                           text4        000000
__Ltext40                                          text40       000000
__Ltext41                                          text41       000000
__Ltext42                                          text42       000000
__Ltext43                                          text43       000000
__Ltext44                                          text44       000000
__Ltext45                                          text45       000000
__Ltext46                                          text46       000000
__Ltext47                                          text47       000000
__Ltext48                                          text48       000000
__Ltext49                                          text49       000000
__Ltext5                                           text5        000000
__Ltext50                                          text50       000000
__Ltext51                                          text51       000000
__Ltext52                                          text52       000000
__Ltext53                                          text53       000000
__Ltext54                                          text54       000000
__Ltext55                                          text55       000000
__Ltext56                                          text56       000000
__Ltext57                                          text57       000000
__Ltext58                                          text58       000000
__Ltext59                                          text59       000000
__Ltext6                                           text6        000000
__Ltext60                                          text60       000000
__Ltext61                                          text61       000000
__Ltext62                                          text62       000000
__Ltext63                                          text63       000000
__Ltext64                                          text64       000000
__Ltext65                                          text65       000000
__Ltext66                                          text66       000000
__Ltext67                                          text67       000000
__Ltext68                                          text68       000000
__Ltext69                                          text69       000000
__Ltext7                                           text7        000000
__Ltext70                                          text70       000000
__Ltext71                                          text71       000000
__Ltext73                                          text73       000000
__Ltext74                                          text74       000000
__Ltext75                                          text75       000000
__Ltext76                                          text76       000000
__Ltext77                                          text77       000000
__Ltext78                                          text78       000000
__Ltext79                                          text79       000000
__Ltext8                                           text8        000000
__Ltext80                                          text80       000000
__Ltext81                                          text81       000000
__Ltext82                                          text82       000000
__Ltext83                                          text83       000000
__Ltext84                                          text84       000000
__Ltext85                                          text85       000000
__Ltext86                                          text86       000000
__Ltext87                                          text87       000000
__Ltext88                                          text88       000000
__Ltext89                                          text89       000000
__Ltext9                                           text9        000000
__Ltext90                                          text90       000000
__Ltext91                                          text91       000000
__Ltext92                                          text92       000000
__Ltext93                                          text93       000000
__Ltext94                                          text94       000000
__Ltext95                                          text95       000000
__Ltext96                                          text96       000000
__Ltext97                                          text97       000000
__Ltext98                                          text98       000000
__Ltext99                                          text99       000000
__S0                                               (abs)        0065CA
__S1                                               (abs)        0001CC
__S2                                               (abs)        000000
__S4                                               (abs)        000000
__S5                                               (abs)        000000
___awdiv                                           text25       005230
___awdiv@counter                                   cstackCOMRAM 000021
___awdiv@dividend                                  cstackCOMRAM 00001D
___awdiv@divisor                                   cstackCOMRAM 00001F
___awdiv@quotient                                  cstackCOMRAM 000023
___awdiv@sign                                      cstackCOMRAM 000022
___awmod                                           text24       005474
___awmod@counter                                   cstackCOMRAM 000021
___awmod@dividend                                  cstackCOMRAM 00001D
___awmod@divisor                                   cstackCOMRAM 00001F
___awmod@sign                                      cstackCOMRAM 000022
___fladd                                           text70       0021BE
___fladd@a                                         cstackCOMRAM 000021
___fladd@aexp                                      cstackBANK0  000065
___fladd@b                                         cstackCOMRAM 00001D
___fladd@bexp                                      cstackBANK0  000066
___fladd@grs                                       cstackBANK0  000067
___fladd@signs                                     cstackBANK0  000064
___fldiv                                           text23       003816
___fldiv@a                                         cstackCOMRAM 000021
___fldiv@aexp                                      cstackBANK0  000070
___fldiv@b                                         cstackCOMRAM 00001D
___fldiv@bexp                                      cstackBANK0  00006F
[...]
efgtoa@p                                           cstackBANK0  0000AD
efgtoa@pp                                          cstackBANK0  00009F
efgtoa@sign                                        cstackBANK0  0000AB
efgtoa@t                                           cstackBANK0  00009D
efgtoa@u                                           cstackBANK0  0000C5
efgtoa@w                                           cstackBANK0  0000AF
end_of_initialization                              cinit        0058B2
floorf@F527                                        bssBANK1     00013C
floorf@e                                           cstackBANK0  00007F
floorf@m                                           cstackBANK0  00007B
floorf@u                                           cstackBANK0  000081
floorf@x                                           cstackBANK0  000071
fputc@c                                            cstackCOMRAM 00001F
fputc@fp                                           cstackCOMRAM 000021
fputs@c                                            cstackBANK0  000065
fputs@fp                                           cstackCOMRAM 000025
fputs@i                                            cstackBANK0  000066
fputs@s                                            cstackCOMRAM 000023
i2I2C1_SetBuffer@buffer                            cstackCOMRAM 000001
i2I2C1_SetBuffer@bufferSize                        cstackCOMRAM 000003
i2I2C1_SetCallback@cb                              cstackCOMRAM 000001
i2I2C1_SetCallback@idx                             cstackCOMRAM 000005
i2I2C1_SetCallback@ptr                             cstackCOMRAM 000003
i2I2C1_SetDataCompleteCallback@cb                  cstackCOMRAM 000006
i2I2C1_SetDataCompleteCallback@ptr                 cstackCOMRAM 000008
i2_I2C1_MasterClearIrq                             text75       006576
i2_I2C1_SetBuffer                                  text110      006354
i2_I2C1_SetCallback                                text109      0059B2
i2_I2C1_SetDataCompleteCallback                    text108      006404
i2___fladd                                         text118      002680
i2___fladd@a                                       cstackCOMRAM 000005
i2___fladd@aexp                                    cstackCOMRAM 00000E
i2___fladd@b                                       cstackCOMRAM 000001
i2___fladd@bexp                                    cstackCOMRAM 00000F
i2___fladd@grs                                     cstackCOMRAM 000010
i2___fladd@signs                                   cstackCOMRAM 00000D
i2___flmul                                         text119      0033EC
i2___flmul@a                                       cstackCOMRAM 000005
i2___flmul@aexp                                    cstackCOMRAM 000012
i2___flmul@b                                       cstackCOMRAM 000001
i2___flmul@bexp                                    cstackCOMRAM 000013
i2___flmul@grs                                     cstackCOMRAM 00000E
i2___flmul@prod                                    cstackCOMRAM 000014
i2___flmul@sign                                    cstackCOMRAM 00000D
i2___flmul@temp                                    cstackCOMRAM 000018
i2___flsub                                         text117      005F3C
i2___flsub@a                                       cstackCOMRAM 000015
i2___flsub@b                                       cstackCOMRAM 000011
i2___xxtofl                                        text116      0044F0
i2___xxtofl@arg                                    cstackCOMRAM 00000B
i2___xxtofl@exp                                    cstackCOMRAM 00000A
i2___xxtofl@sign                                   cstackCOMRAM 000009
i2___xxtofl@val                                    cstackCOMRAM 000001
int$flags                                          temp         000043
intlevel0                                          text         000000
intlevel1                                          text         000000
intlevel2                                          text         000000
intlevel3                                          text         000000
isa$std                                            (abs)        000001
isa$xinst                                          (abs)        000000
isdigit@c                                          cstackCOMRAM 00001D
isspace@c                                          cstackCOMRAM 00001D
isupper@c                                          cstackCOMRAM 00001D
motorCCW@delay                                     cstackCOMRAM 000020
motorCCW@i                                         cstackCOMRAM 000025
motorCCW@step                                      cstackCOMRAM 000022
motorCW@delay                                      cstackCOMRAM 000020
motorCW@i                                          cstackCOMRAM 000025
motorCW@step                                       cstackCOMRAM 000022
pad@buf                                            cstackBANK0  00006A
pad@fp                                             cstackBANK0  000068
pad@i                                              cstackBANK0  00006F
pad@p                                              cstackBANK0  00006C
pad@w                                              cstackBANK0  000071
printf@ap                                          cstackBANK1  0001B4
printf@fmt                                         cstackBANK1  0001AA
putch@txData                                       cstackCOMRAM 00001E
rd1RegCompleteHandler@ptr                          cstackCOMRAM 00000A
rd1RegCompleteHandler@temphumidity$F2049@ptr       cstackCOMRAM 00000A
rd2RegCompleteHandler@ptr                          cstackCOMRAM 00000A
rdBlkRegCompleteHandler@ptr                        cstackCOMRAM 00000A
stackhi                                            (abs)        000E87
stacklo                                            (abs)        0001CC
start                                              init         000138
start_initialization                               cinit        005838
strcpy@d                                           cstackCOMRAM 000025
strcpy@dest                                        cstackCOMRAM 00001D
strcpy@s                                           cstackCOMRAM 000023
strcpy@src                                         cstackCOMRAM 00001F
strlen@a                                           cstackCOMRAM 00001F
strlen@s                                           cstackCOMRAM 00001D
strncmp@_l                                         cstackCOMRAM 00001D
strncmp@_r                                         cstackCOMRAM 00001F
strncmp@l                                          cstackBANK0  000060
strncmp@n                                          cstackCOMRAM 000021
strncmp@r                                          cstackBANK0  000062
tolower@c                                          cstackCOMRAM 000023
ttemp5                                             temp         000044
ttemp6                                             temp         000047
ttemp7                                             temp         00004B
txWeather@RH                                       cstackBANK1  0001BA
txWeather@speed                                    cstackBANK1  0001B6
vfpfcnvrt@ap                                       cstackBANK0  0000CD
vfpfcnvrt@c                                        cstackBANK0  0000E0
vfpfcnvrt@ct                                       cstackBANK0  0000DD
vfpfcnvrt@f                                        cstackBANK0  0000D9
vfpfcnvrt@fmt                                      cstackBANK0  0000CB
vfpfcnvrt@fp                                       cstackBANK0  0000C9
vfprintf@ap                                        cstackBANK1  0001A8
vfprintf@cfmt                                      cstackBANK0  0000E1
vfprintf@fmt                                       cstackBANK1  0001A6
vfprintf@fp                                        cstackBANK1  0001A4
wr1RegCompleteHandler@ptr                          cstackCOMRAM 00000A
wr1RegCompleteHandler@temphumidity$F2047@ptr       cstackCOMRAM 00000A
wr2RegCompleteHandler@ptr                          cstackCOMRAM 00000A
wtemp8                                             temp         000044


MODULE INFORMATION

Module		Function		Class		Link	Load	Size
C:\Program Files\Microchip\xc8\v2.32\pic\sources\c99\common\awdiv.c
		___awdiv       		CODE           	5230	0000	196

C:\Program Files\Microchip\xc8\v2.32\pic\sources\c99\common\awdiv.c estimated size: 196

C:\Program Files\Microchip\xc8\v2.32\pic\sources\c99\common\isdigit.c
		_isdigit       		CODE           	60B4	0000	56

C:\Program Files\Microchip\xc8\v2.32\pic\sources\c99\common\isdigit.c estimated size: 56

C:\Program Files\Microchip\xc8\v2.32\pic\sources\c99\common\sprcadd.c
		___flsub       		CODE           	5EF4	0000	72
		___fladd       		CODE           	21BE	0000	1218

C:\Program Files\Microchip\xc8\v2.32\pic\sources\c99\common\sprcadd.c estimated size: 1290

./BTN_E.h
		_getBTNPress   		CODE           	4FD4	0000	206

./BTN_E.h estimated size: 206

mcc_generated_files/examples/i2c1_master_example.c
		_wr1RegCompleteHandler		CODE           	6208	0000	44
		_wr2RegCompleteHandler		CODE           	628C	0000	44
		_rdBlkRegCompleteHandler		CODE           	6004	0000	64
		_rd1RegCompleteHandler		CODE           	6260	0000	44
		_rd2RegCompleteHandler		CODE           	6234	0000	44

mcc_generated_files/examples/i2c1_master_example.c estimated size: 240

./systemInit.h
		_systemInit    		CODE           	4E04	0000	242

./systemInit.h estimated size: 242

./anemometer.h
		_ADCGetVal     		CODE           	49E6	0000	274

./anemometer.h estimated size: 274

./temphumidity.h
		_rd1RegCompleteHandler@temphumidity$F2049		CODE           	61B0	0000	44
		_wr1RegCompleteHandler@temphumidity$F2047		CODE           	61DC	0000	44
		_I2C1_measReq  		CODE           	5D64	0000	84
		_I2C1_dataFetch		CODE           	516A	0000	198

./temphumidity.h estimated size: 370

C:\Program Files\Microchip\xc8\v2.32\pic\sources\c99\common\doprnt.c
		_vfpfcnvrt     		CODE           	1C0E	0000	1456
		_efgtoa        		CODE           	0F62	0000	3244
		_pad           		CODE           	50A2	0000	200
		_vfprintf      		CODE           	5BE8	0000	100

C:\Program Files\Microchip\xc8\v2.32\pic\sources\c99\common\doprnt.c estimated size: 5000

C:\Program Files\Microchip\xc8\v2.32\pic\sources\c99\common\flneg.c
		___flneg       		CODE           	607C	0000	56

C:\Program Files\Microchip\xc8\v2.32\pic\sources\c99\common\flneg.c estimated size: 56

mcc_generated_files/i2c1_master.c
		_I2C1_DO_SEND_RESTART		CODE           	653E	0000	8
		_I2C1_DO_TX_EMPTY		CODE           	58BC	0000	124
		_I2C1_DO_SEND_RESTART_READ		CODE           	654E	0000	8
		_I2C1_CallbackReturnStop		CODE           	65B6	0000	4
		_I2C1_MasterRead		CODE           	6516	0000	8
		_I2C1_DO_RX    		CODE           	55D0	0000	166
		_I2C1_DO_TX    		CODE           	52F4	0000	196
		_I2C1_DO_IDLE  		CODE           	64BC	0000	12
		_I2C1_MasterOpen		CODE           	6378	0000	34
		_I2C1_DO_RCEN  		CODE           	64B0	0000	12
		_I2C1_MasterSendTxData		CODE           	6556	0000	8
		_I2C1_MasterStop		CODE           	65BA	0000	4
		_I2C1_CallbackReturnReset		CODE           	65B2	0000	4
		_I2C1_DO_RESET 		CODE           	64A4	0000	12
		_I2C1_MasterStartRx		CODE           	65AE	0000	4
		_I2C1_DO_RX_ACK		CODE           	652E	0000	8
		_I2C1_MasterSendNack		CODE           	6588	0000	6
		_I2C1_DO_RX_NACK_RESTART		CODE           	651E	0000	8
		_I2C1_MasterDisableIrq		CODE           	6564	0000	6
		_I2C1_MasterOperation		CODE           	5FC4	0000	64
		_I2C1_SetCallback		CODE           	5938	0000	122
		_I2C1_MasterEnableRestart		CODE           	65BE	0000	4
		_I2C1_Open     		CODE           	5676	0000	158
		_I2C1_DO_ADDRESS_NACK		CODE           	5B82	0000	102
		_I2C1_SetBuffer		CODE           	6330	0000	36
		_I2C1_DO_SEND_RESTART_WRITE		CODE           	6546	0000	8
		_I2C1_MasterClose		CODE           	65A6	0000	4
		_I2C1_MasterWrite		CODE           	650E	0000	8
		_I2C1_Initialize		CODE           	645C	0000	20
		_I2C1_Close    		CODE           	6184	0000	44
		_I2C1_MasterIsNack		CODE           	6470	0000	20
		_I2C1_MasterStart		CODE           	65A2	0000	4
		_I2C1_DO_SEND_ADR_WRITE		CODE           	6484	0000	16
		_I2C1_MasterClearIrq		CODE           	656A	0000	6
		_I2C1_SetDataCompleteCallback		CODE           	63EC	0000	24
		_I2C1_DO_SEND_STOP		CODE           	6536	0000	8
		_I2C1_MasterSendAck		CODE           	6582	0000	6
		_I2C1_MasterFsm		CODE           	5AA4	0000	112
		_I2C1_MasterIsr		CODE           	6570	0000	6
		_I2C1_MasterGetRxData		CODE           	65AA	0000	4
		_I2C1_SetInterruptHandler		CODE           	6504	0000	10
		_I2C1_MasterSetIrq		CODE           	657C	0000	6
		_I2C1_DO_SEND_ADR_READ		CODE           	6494	0000	16
		_I2C1_MasterEnableIrq		CODE           	655E	0000	6
		_I2C1_DO_RX_NACK_STOP		CODE           	6526	0000	8

mcc_generated_files/i2c1_master.c estimated size: 1454

./esp32.h
		_txWeather     		CODE           	57AC	0000	140
		_EUSART1ISR    		CODE           	46A4	0000	420

./esp32.h estimated size: 560

mcc_generated_files/interrupt_manager.c
		_INTERRUPT_Initialize		CODE           	659E	0000	4
		_INTERRUPT_InterruptManager		CODE           	0008	0000	304

mcc_generated_files/interrupt_manager.c estimated size: 308

mcc_generated_files/pin_manager.c
		_PIN_MANAGER_Initialize		CODE           	5B14	0000	110

mcc_generated_files/pin_manager.c estimated size: 110

C:\Program Files\Microchip\xc8\v2.32\pic\sources\c99\common\atoi.c
		_atoi          		CODE           	4848	0000	414

C:\Program Files\Microchip\xc8\v2.32\pic\sources\c99\common\atoi.c estimated size: 414

C:\Program Files\Microchip\xc8\v2.32\pic\sources\c99\common\nf_fputs.c
		_fputs         		CODE           	5EAC	0000	72

C:\Program Files\Microchip\xc8\v2.32\pic\sources\c99\common\nf_fputs.c estimated size: 72

C:\Program Files\Microchip\xc8\v2.32\pic\sources\c99\common\fleq.c
		___fleq        		CODE           	5524	0000	172

C:\Program Files\Microchip\xc8\v2.32\pic\sources\c99\common\fleq.c estimated size: 172

C:\Program Files\Microchip\xc8\v2.32\pic\sources\c99\common\__fpclassifyf.c
		___fpclassifyf 		CODE           	4D04	0000	256

C:\Program Files\Microchip\xc8\v2.32\pic\sources\c99\common\__fpclassifyf.c estimated size: 256

C:\Program Files\Microchip\xc8\v2.32\pic\sources\c99\common\isupper.c
		_isupper       		CODE           	6044	0000	56

C:\Program Files\Microchip\xc8\v2.32\pic\sources\c99\common\isupper.c estimated size: 56

C:\Program Files\Microchip\xc8\v2.32\pic\sources\c99\common\Umul16.c
		___wmul        		CODE           	630A	0000	38

C:\Program Files\Microchip\xc8\v2.32\pic\sources\c99\common\Umul16.c estimated size: 38

./stepper.h
		_motorCW       		CODE           	3BB2	0000	728
		_delay_ms      		CODE           	6122	0000	52
		_motorCCW      		CODE           	3E8A	0000	664

./stepper.h estimated size: 1444

C:\Program Files\Microchip\xc8\v2.32\pic\sources\c99\common\isspace.c
		_isspace       		CODE           	5DB8	0000	82

C:\Program Files\Microchip\xc8\v2.32\pic\sources\c99\common\isspace.c estimated size: 82

C:\Program Files\Microchip\xc8\v2.32\pic\sources\c99\common\strncmp.c
		_strncmp       		CODE           	4EF6	0000	222

C:\Program Files\Microchip\xc8\v2.32\pic\sources\c99\common\strncmp.c estimated size: 222

C:\Program Files\Microchip\xc8\v2.32\pic\sources\c99\common\tolower.c
		_tolower       		CODE           	5C4C	0000	98

C:\Program Files\Microchip\xc8\v2.32\pic\sources\c99\common\tolower.c estimated size: 98

shared
		i2_I2C1_SetBuffer		CODE           	6354	0000	36
		i2_I2C1_SetCallback		CODE           	59B2	0000	122
		i2___fladd     		CODE           	2680	0000	1216
		__initialization		CODE           	5838	0000	122
		i2___flmul     		CODE           	33EC	0000	1066
		_i2c1_fsmStateTable		SMALLCONST     	0F01	0000	32
		i2___xxtofl    		CODE           	44F0	0000	436
		i2___flsub     		CODE           	5F3C	0000	70
		i2_I2C1_MasterClearIrq		CODE           	6576	0000	6
		i2_I2C1_SetDataCompleteCallback		CODE           	6404	0000	24

shared estimated size: 3130

mcc_generated_files/eusart1.c
		_EUSART1_is_tx_done		CODE           	6448	0000	20
		_EUSART1_SetRxInterruptHandler		CODE           	64DC	0000	10
		_EUSART1_SetTxInterruptHandler		CODE           	64D2	0000	10
		_EUSART1_is_rx_ready		CODE           	6432	0000	22
		_EUSART1_is_tx_ready		CODE           	641C	0000	22
		_EUSART1_Initialize		CODE           	5A2C	0000	120
		_putch         		CODE           	64C8	0000	10
		_EUSART1_DefaultErrorHandler		CODE           	6594	0000	6
		_EUSART1_SetFramingErrorHandler		CODE           	64F0	0000	10
		_EUSART1_Read  		CODE           	5E0A	0000	82
		_EUSART1_SetOverrunErrorHandler		CODE           	64E6	0000	10
		_EUSART1_SetErrorHandler		CODE           	64FA	0000	10
		_EUSART1_Write 		CODE           	5D0C	0000	88
		_EUSART1_Receive_ISR		CODE           	53B8	0000	188
		_EUSART1_RxDataHandler		CODE           	62B8	0000	42
		_EUSART1_DefaultOverrunErrorHandler		CODE           	658E	0000	6
		_EUSART1_Transmit_ISR		CODE           	5F82	0000	66
		_EUSART1_DefaultFramingErrorHandler		CODE           	65C8	0000	2

mcc_generated_files/eusart1.c estimated size: 724

C:\Program Files\Microchip\xc8\v2.32\pic\sources\c99\common\sprcmul.c
		___flmul       		CODE           	2FC0	0000	1068

C:\Program Files\Microchip\xc8\v2.32\pic\sources\c99\common\sprcmul.c estimated size: 1068

C:\Program Files\Microchip\xc8\v2.32\pic\sources\c99\common\awmod.c
		___awmod       		CODE           	5474	0000	176

C:\Program Files\Microchip\xc8\v2.32\pic\sources\c99\common\awmod.c estimated size: 176

mcc_generated_files/mcc.c
		_PMD_Initialize		CODE           	63B8	0000	28
		_OSCILLATOR_Initialize		CODE           	63D4	0000	24
		_SYSTEM_Initialize		CODE           	639A	0000	30

mcc_generated_files/mcc.c estimated size: 82

C:\Program Files\Microchip\xc8\v2.32\pic\sources\c99\common\sprcdiv.c
		___fldiv       		CODE           	3816	0000	924

C:\Program Files\Microchip\xc8\v2.32\pic\sources\c99\common\sprcdiv.c estimated size: 924

C:\Program Files\Microchip\xc8\v2.32\pic\sources\c99\common\fltol.c
		___fltol       		CODE           	4AF8	0000	262

C:\Program Files\Microchip\xc8\v2.32\pic\sources\c99\common\fltol.c estimated size: 262

C:\Program Files\Microchip\xc8\v2.32\pic\sources\c99\common\xxtofl.c
		___xxtofl      		CODE           	4338	0000	440

C:\Program Files\Microchip\xc8\v2.32\pic\sources\c99\common\xxtofl.c estimated size: 440

C:\Program Files\Microchip\xc8\v2.32\pic\sources\c99\common\printf.c
		_printf        		CODE           	62E2	0000	40

C:\Program Files\Microchip\xc8\v2.32\pic\sources\c99\common\printf.c estimated size: 40

C:\Program Files\Microchip\xc8\v2.32\pic\sources\c99\common\nf_fputc.c
		_fputc         		CODE           	5714	0000	152

C:\Program Files\Microchip\xc8\v2.32\pic\sources\c99\common\nf_fputc.c estimated size: 152

mcc_generated_files/adcc.c
		_ADCC_GetSingleConversion		CODE           	6156	0000	46
		_ADCC_Initialize		CODE           	5E5C	0000	80

mcc_generated_files/adcc.c estimated size: 126

main.c
		_main          		CODE           	2B40	0000	1152

main.c estimated size: 1152

C:\Program Files\Microchip\xc8\v2.32\pic\sources\c99\common\strlen.c
		_strlen        		CODE           	60EC	0000	54

C:\Program Files\Microchip\xc8\v2.32\pic\sources\c99\common\strlen.c estimated size: 54

C:\Program Files\Microchip\xc8\v2.32\pic\sources\c99\common\flge.c
		___flge        		CODE           	4BFE	0000	262

C:\Program Files\Microchip\xc8\v2.32\pic\sources\c99\common\flge.c estimated size: 262

C:\Program Files\Microchip\xc8\v2.32\pic\sources\c99\common\floorf.c
		_floorf        		CODE           	4122	0000	534

C:\Program Files\Microchip\xc8\v2.32\pic\sources\c99\common\floorf.c estimated size: 534

C:\Program Files\Microchip\xc8\v2.32\pic\sources\c99\common\strcpy.c
		_strcpy        		CODE           	5CAE	0000	94

C:\Program Files\Microchip\xc8\v2.32\pic\sources\c99\common\strcpy.c estimated size: 94

