Microchip MPLAB XC8 Compiler V2.32

Linker command line:

-W-3 --edf=C:\Program Files\Microchip\xc8\v2.32\pic\dat\en_msgs.txt -cn \
  -h+dist/default/production\AutoHood_Draft_2.X.production.sym \
  --cmf=dist/default/production\AutoHood_Draft_2.X.production.cmf -z \
  -Q18LF26K40 -oC:\Users\tyler\AppData\Local\Temp\xcAsg28.4 \
  --defsym=__MPLAB_BUILD=1 \
  -Mdist/default/production/AutoHood_Draft_2.X.production.map -E1 \
  -ver=XC8 Compiler --acfsm=1493 -ASTACK=060h-0E87h -pstack=STACK \
  -ACODE=00h-0FFFFh -ACONST=00h-0FFFFh -ASMALLCONST=0F00h-0FFFhx241 \
  -AMEDIUMCONST=0F00h-0FFFFh -ACOMRAM=01h-05Fh -AABS1=00h-0E87h \
  -ABIGRAM=01h-0E87h -ARAM=060h-0FFh,0100h-01FFhx13,0E00h-0E87h \
  -ABANK0=060h-0FFh -ABANK1=0100h-01FFh -ABANK2=0200h-02FFh \
  -ABANK3=0300h-03FFh -ABANK4=0400h-04FFh -ABANK5=0500h-05FFh \
  -ABANK6=0600h-06FFh -ABANK7=0700h-07FFh -ABANK8=0800h-08FFh \
  -ABANK9=0900h-09FFh -ABANK10=0A00h-0AFFh -ABANK11=0B00h-0BFFh \
  -ABANK12=0C00h-0CFFh -ABANK13=0D00h-0DFFh -ABANK14=0E00h-0E87h \
  -ASFR=0E8Dh-0EFFh,0F00h-0F5Fh,0F60h-0FFFh -ACONFIG=0300000h-030000Bh \
  -AIDLOC=0200000h-020000Fh -AEEDATA=0310000h-03103FFh -peeprom_data=EEDATA \
  -preset_vec=00h,intcode,intcodelo,powerup,init -pramtop=0F00h \
  -psmallconst=SMALLCONST -pmediumconst=MEDIUMCONST -pconst=CONST \
  -AFARRAM=00h-00h \
  -prdata=COMRAM,nvrram=COMRAM,nvbit=COMRAM,rbss=COMRAM,rbit=COMRAM \
  -pfarbss=FARRAM,fardata=FARRAM,nvFARRAM=FARRAM \
  -pintsave_regs=BIGRAM,bigbss=BIGRAM,bigdata=BIGRAM -pbss=RAM \
  -pidata=CODE,irdata=CODE,ibigdata=CODE,ifardata=CODE -prparam=COMRAM \
  C:\Users\tyler\AppData\Local\Temp\xcAsg28.o \
  dist/default/production\AutoHood_Draft_2.X.production.o 

Object code version is 3.11

Machine type is 18LF26K40



                Name                               Link     Load   Length Selector   Space Scale
C:\Users\tyler\AppData\Local\Temp\xcAsg28.o
                idloc                            200000   200000       10        0       5
                config                           300000   300000        C        0       4
                init                                  0        0        4        0       0
dist/default/production\AutoHood_Draft_2.X.production.o
                idloc                            200000   200000       10        0       5
                config                           300000   300000        C        0       4
                smallconst                          F00      F00       22      780       0
                text14                              F90      F90       50      791       0
                text13                             1150     1150        A      791       0
                text12                             1146     1146        A      791       0
                text11                             113C     113C        A      791       0
                text10                             1068     1068       3E      791       0
                text9                              1132     1132        A      791       0
                text8                              1128     1128        A      791       0
                text7                              111E     111E        A      791       0
                text6                              1028     1028       40      791       0
                text5                              10F8     10F8       14      791       0
                text4                              10E0     10E0       18      791       0
                text3                               F22      F22       6E      791       0
                text2                              10C4     10C4       1C      791       0
                text1                              10A6     10A6       1E      791       0
                text0                               FE0      FE0       48      791       0
                cstackCOMRAM                         33       33        4        1       1
                bssCOMRAM                             1        1       26        1       1
                cinit                              110C     110C       12      791       0
                nvCOMRAM                             27       27        C        1       1

TOTAL           Name                               Link     Load   Length     Space
        CLASS   STACK          

        CLASS   CODE           
                init                                  0        0        4         0
                text14                              F90      F90       50         0
                text13                             1150     1150        A         0
                text12                             1146     1146        A         0
                text11                             113C     113C        A         0
                text10                             1068     1068       3E         0
                text9                              1132     1132        A         0
                text8                              1128     1128        A         0
                text7                              111E     111E        A         0
                text6                              1028     1028       40         0
                text5                              10F8     10F8       14         0
                text4                              10E0     10E0       18         0
                text3                               F22      F22       6E         0
                text2                              10C4     10C4       1C         0
                text1                              10A6     10A6       1E         0
                text0                               FE0      FE0       48         0
                cinit                              110C     110C       12         0

        CLASS   CONST          

        CLASS   SMALLCONST     
                smallconst                          F00      F00       22         0

        CLASS   MEDIUMCONST    

        CLASS   COMRAM         
                cstackCOMRAM                         33       33        4         1
                bssCOMRAM                             1        1       26         1
                nvCOMRAM                             27       27        C         1

        CLASS   ABS1           

        CLASS   BIGRAM         

        CLASS   RAM            

        CLASS   BANK0          

        CLASS   BANK1          

        CLASS   BANK2          

        CLASS   BANK3          

        CLASS   BANK4          

        CLASS   BANK5          

        CLASS   BANK6          

        CLASS   BANK7          

        CLASS   BANK8          

        CLASS   BANK9          

        CLASS   BANK10         

        CLASS   BANK11         

        CLASS   BANK12         

        CLASS   BANK13         

        CLASS   BANK14         

        CLASS   SFR            

        CLASS   CONFIG         
                config                           300000   300000        C         4

        CLASS   IDLOC          
                idloc                            200000   200000       10         5

        CLASS   EEDATA         

        CLASS   FARRAM         



SEGMENTS        Name                           Load    Length   Top    Selector   Space  Class

                reset_vec                      000000  000004  000004         0       0  CODE    
                bssCOMRAM                      000001  000036  000037         1       1  COMRAM  
                smallconst                     000F00  000022  000F22       780       0  SMALLCON
                text3                          000F22  000238  00115A       791       0  CODE    


UNUSED ADDRESS RANGES

        Name                Unused          Largest block    Delta
        BANK0            000060-0000FF               A0
        BANK1            000100-0001FF              100
        BANK10           000A00-000AFF              100
        BANK11           000B00-000BFF              100
        BANK12           000C00-000CFF              100
        BANK13           000D00-000DFF              100
        BANK14           000E00-000E87               88
        BANK2            000200-0002FF              100
        BANK3            000300-0003FF              100
        BANK4            000400-0004FF              100
        BANK5            000500-0005FF              100
        BANK6            000600-0006FF              100
        BANK7            000700-0007FF              100
        BANK8            000800-0008FF              100
        BANK9            000900-0009FF              100
        BIGRAM           000037-000E87              E51
        CODE             000004-000EFF              EFC
                         00115A-00FFFF             EEA6
        COMRAM           000037-00005F               29
        CONST            000004-000EFF              EFC
                         00115A-00FFFF             EEA6
        EEDATA           310000-3103FF              400
        MEDIUMCONST      00115A-00FFFF             EEA6
        RAM              000060-000E87              100
        SFR              000E8D-000FFF               73
        SMALLCONST       00115A-00FFFF              100
        STACK            000060-000E87              E28

                                  Symbol Table

EUSART1_SetErrorHandler@interruptHandler        cstackCOMRAM 000033
EUSART1_SetFramingErrorHandler@interruptHandler cstackCOMRAM 000033
EUSART1_SetOverrunErrorHandler@interruptHandler cstackCOMRAM 000033
EUSART2_SetErrorHandler@interruptHandler        cstackCOMRAM 000033
EUSART2_SetFramingErrorHandler@interruptHandler cstackCOMRAM 000033
EUSART2_SetOverrunErrorHandler@interruptHandler cstackCOMRAM 000033
_ADACCH                                         (abs)        000F71
_ADACCL                                         (abs)        000F70
_ADACQ                                          (abs)        000F5C
_ADACT                                          (abs)        000F56
_ADCAP                                          (abs)        000F5D
_ADCC_Initialize                                text14       000F90
_ADCLK                                          (abs)        000F57
_ADCNT                                          (abs)        000F67
_ADCON0                                         (abs)        000F60
_ADCON0bits                                     (abs)        000F60
_ADCON1                                         (abs)        000F59
_ADCON1bits                                     (abs)        000F59
_ADCON2                                         (abs)        000F5A
_ADCON2bits                                     (abs)        000F5A
_ADCON3                                         (abs)        000F5B
_ADCON3bits                                     (abs)        000F5B
_ADERRH                                         (abs)        000F6F
_ADERRL                                         (abs)        000F6E
_ADFLTRH                                        (abs)        000F73
_ADFLTRL                                        (abs)        000F72
_ADLTHH                                         (abs)        000F6B
_ADLTHL                                         (abs)        000F6A
_ADPCH                                          (abs)        000F5F
_ADPRE                                          (abs)        000F5E
_ADPREVH                                        (abs)        000F62
_ADPREVL                                        (abs)        000F61
_ADREF                                          (abs)        000F58
_ADRESH                                         (abs)        000F64
_ADRESL                                         (abs)        000F63
_ADRPT                                          (abs)        000F66
_ADSTAT                                         (abs)        000F65
_ADSTATbits                                     (abs)        000F65
_ADSTPTH                                        (abs)        000F69
_ADSTPTL                                        (abs)        000F68
_ADUTHH                                         (abs)        000F6D
_ADUTHL                                         (abs)        000F6C
_ANSELA                                         (abs)        000F11
_ANSELB                                         (abs)        000F19
_ANSELC                                         (abs)        000F21
_BAUD1CON                                       (abs)        000F9F
_BAUD2CON                                       (abs)        000E9F
_EUSART1_DefaultErrorHandler                    (abs)        000000
_EUSART1_DefaultFramingErrorHandler             (abs)        000000
_EUSART1_DefaultOverrunErrorHandler             (abs)        000000
_EUSART1_ErrorHandler                           nvCOMRAM     00002D
_EUSART1_FramingErrorHandler                    nvCOMRAM     000031
_EUSART1_Initialize                             text10       001068
_EUSART1_OverrunErrorHandler                    nvCOMRAM     00002F
_EUSART1_SetErrorHandler                        text13       001150
_EUSART1_SetFramingErrorHandler                 text12       001146
_EUSART1_SetOverrunErrorHandler                 text11       00113C
_EUSART2_DefaultErrorHandler                    (abs)        000000
_EUSART2_DefaultFramingErrorHandler             (abs)        000000
_EUSART2_DefaultOverrunErrorHandler             (abs)        000000
_EUSART2_ErrorHandler                           nvCOMRAM     000027
_EUSART2_FramingErrorHandler                    nvCOMRAM     00002B
_EUSART2_Initialize                             text6        001028
_EUSART2_OverrunErrorHandler                    nvCOMRAM     000029
_EUSART2_SetErrorHandler                        text9        001132
_EUSART2_SetFramingErrorHandler                 text8        001128
_EUSART2_SetOverrunErrorHandler                 text7        00111E
_I2C1_CallbackReturnReset                       (abs)        000000
_I2C1_CallbackReturnStop                        (abs)        000000
_I2C1_DO_ADDRESS_NACK                           (abs)        000000
_I2C1_DO_IDLE                                   (abs)        000000
_I2C1_DO_RCEN                                   (abs)        000000
_I2C1_DO_RESET                                  (abs)        000000
_I2C1_DO_RX                                     (abs)        000000
_I2C1_DO_RX_ACK                                 (abs)        000000
_I2C1_DO_RX_NACK_RESTART                        (abs)        000000
_I2C1_DO_RX_NACK_STOP                           (abs)        000000
_I2C1_DO_SEND_ADR_READ                          (abs)        000000
_I2C1_DO_SEND_ADR_WRITE                         (abs)        000000
_I2C1_DO_SEND_RESTART                           (abs)        000000
_I2C1_DO_SEND_RESTART_READ                      (abs)        000000
_I2C1_DO_SEND_RESTART_WRITE                     (abs)        000000
_I2C1_DO_SEND_STOP                              (abs)        000000
_I2C1_DO_TX                                     (abs)        000000
_I2C1_DO_TX_EMPTY                               (abs)        000000
_I2C1_Initialize                                text5        0010F8
_I2C1_Status                                    bssCOMRAM    000001
_INLVLA                                         (abs)        000F0D
_INLVLB                                         (abs)        000F15
_INLVLC                                         (abs)        000F1D
_INLVLE                                         (abs)        000F2A
_LATA                                           (abs)        000F83
_LATAbits                                       (abs)        000F83
_LATB                                           (abs)        000F84
_LATC                                           (abs)        000F85
_ODCONA                                         (abs)        000F0F
_ODCONB                                         (abs)        000F17
_ODCONC                                         (abs)        000F1F
_OSCCON1                                        (abs)        000ED8
_OSCCON3                                        (abs)        000EDA
_OSCEN                                          (abs)        000EDC
_OSCFRQ                                         (abs)        000EDE
_OSCILLATOR_Initialize                          text4        0010E0
_OSCTUNE                                        (abs)        000EDD
_PIE3bits                                       (abs)        000EC5
_PIN_MANAGER_Initialize                         text3        000F22
_PIR3bits                                       (abs)        000ECD
_PMD0                                           (abs)        000EE1
_PMD1                                           (abs)        000EE2
_PMD2                                           (abs)        000EE3
_PMD3                                           (abs)        000EE4
_PMD4                                           (abs)        000EE5
_PMD5                                           (abs)        000EE6
_PMD_Initialize                                 text2        0010C4
_RC1REG                                         (abs)        000F99
_RC1STA                                         (abs)        000F9D
_RC1STAbits                                     (abs)        000F9D
_RC2PPS                                         (abs)        000EF9
_RC2REG                                         (abs)        000E99
_RC2STA                                         (abs)        000E9D
_RC2STAbits                                     (abs)        000E9D
_RC3PPS                                         (abs)        000EFA
_RC6PPS                                         (abs)        000EFD
_RX1PPS                                         (abs)        000EB5
_SLRCONA                                        (abs)        000F0E
_SLRCONB                                        (abs)        000F16
_SLRCONC                                        (abs)        000F1E
_SP1BRGH                                        (abs)        000F9C
_SP1BRGL                                        (abs)        000F9B
_SP2BRGH                                        (abs)        000E9C
_SP2BRGL                                        (abs)        000E9B
_SSP1ADD                                        (abs)        000F93
_SSP1BUF                                        (abs)        000F92
_SSP1CLKPPS                                     (abs)        000EB7
_SSP1CON1                                       (abs)        000F96
_SSP1CON1bits                                   (abs)        000F96
_SSP1CON2                                       (abs)        000F97
_SSP1CON2bits                                   (abs)        000F97
_SSP1DATPPS                                     (abs)        000EB8
_SSP1STAT                                       (abs)        000F95
_SSP1STATbits                                   (abs)        000F95
_SYSTEM_Initialize                              text1        0010A6
_TRISA                                          (abs)        000F88
_TRISB                                          (abs)        000F89
_TRISC                                          (abs)        000F8A
_TX1REG                                         (abs)        000F9A
_TX1STA                                         (abs)        000F9E
_TX1STAbits                                     (abs)        000F9E
_TX2REG                                         (abs)        000E9A
_TX2STA                                         (abs)        000E9E
_TX2STAbits                                     (abs)        000E9E
_WPUA                                           (abs)        000F10
_WPUB                                           (abs)        000F18
_WPUC                                           (abs)        000F20
_WPUE                                           (abs)        000F2D
__HRAM                                          (abs)        000000
__Habs1                                         abs1         000000
__Hbank0                                        bank0        000000
__Hbank1                                        bank1        000000
__Hbank10                                       bank10       000000
__Hbank11                                       bank11       000000
__Hbank12                                       bank12       000000
__Hbank13                                       bank13       000000
__Hbank14                                       bank14       000000
__Hbank2                                        bank2        000000
__Hbank3                                        bank3        000000
__Hbank4                                        bank4        000000
__Hbank5                                        bank5        000000
__Hbank6                                        bank6        000000
__Hbank7                                        bank7        000000
__Hbank8                                        bank8        000000
__Hbank9                                        bank9        000000
__Hbigbss                                       bigbss       000000
__Hbigdata                                      bigdata      000000
__Hbigram                                       bigram       000000
__Hbss                                          bss          000000
__HbssCOMRAM                                    bssCOMRAM    000000
__Hcinit                                        cinit        000000
__Hclrtext                                      clrtext      000000
__Hcomram                                       comram       000000
__Hconfig                                       config       30000C
__Hconst                                        const        000000
__HcstackCOMRAM                                 cstackCOMRAM 000000
__Hdata                                         data         000000
__Heeprom_data                                  eeprom_data  000000
__Hfarbss                                       farbss       000000
__Hfardata                                      fardata      000000
__Hibigdata                                     ibigdata     000000
__Hidata                                        idata        000000
__Hidloc                                        idloc        200010
__Hifardata                                     ifardata     000000
__Hinit                                         init         000004
__Hintcode                                      intcode      000000
__Hintcode_body                                 intcode_body 000000
__Hintcodelo                                    intcodelo    000000
__Hintentry                                     intentry     000000
__Hintret                                       intret       000000
__Hintsave_regs                                 intsave_regs 000000
__Hirdata                                       irdata       000000
__Hmediumconst                                  mediumconst  000000
__HnvCOMRAM                                     nvCOMRAM     000000
__HnvFARRAM                                     nvFARRAM     000000
__Hnvbit                                        nvbit        000000
__Hnvrram                                       nvrram       000000
__Hparam                                        rparam       000000
__Hpowerup                                      powerup      000000
__Hram                                          ram          000000
__Hramtop                                       ramtop       000F00
__Hrbit                                         rbit         000000
__Hrbss                                         rbss         000000
__Hrdata                                        rdata        000000
__Hreset_vec                                    reset_vec    000000
__Hrparam                                       rparam       000000
__Hsfr                                          sfr          000000
__Hsmallconst                                   smallconst   000F22
__Hspace_0                                      (abs)        00115A
__Hspace_1                                      (abs)        000037
__Hspace_2                                      (abs)        000000
__Hspace_4                                      (abs)        60000C
__Hstack                                        stack        000000
__Hstruct                                       struct       000000
__Htemp                                         temp         000000
__Htext                                         text         000000
__Htext0                                        text0        000000
__Htext1                                        text1        000000
__Htext10                                       text10       000000
__Htext11                                       text11       000000
__Htext12                                       text12       000000
__Htext13                                       text13       000000
__Htext14                                       text14       000000
__Htext2                                        text2        000000
__Htext3                                        text3        000000
__Htext4                                        text4        000000
__Htext5                                        text5        000000
__Htext6                                        text6        000000
__Htext7                                        text7        000000
__Htext8                                        text8        000000
__Htext9                                        text9        000000
__LRAM                                          (abs)        000001
__Labs1                                         abs1         000000
__Lbank0                                        bank0        000000
__Lbank1                                        bank1        000000
__Lbank10                                       bank10       000000
__Lbank11                                       bank11       000000
__Lbank12                                       bank12       000000
__Lbank13                                       bank13       000000
__Lbank14                                       bank14       000000
__Lbank2                                        bank2        000000
__Lbank3                                        bank3        000000
__Lbank4                                        bank4        000000
__Lbank5                                        bank5        000000
__Lbank6                                        bank6        000000
__Lbank7                                        bank7        000000
__Lbank8                                        bank8        000000
__Lbank9                                        bank9        000000
__Lbigbss                                       bigbss       000000
__Lbigdata                                      bigdata      000000
__Lbigram                                       bigram       000000
__Lbss                                          bss          000000
__LbssCOMRAM                                    bssCOMRAM    000000
__Lcinit                                        cinit        000000
__Lclrtext                                      clrtext      000000
__Lcomram                                       comram       000000
__Lconfig                                       config       000000
__Lconst                                        const        000000
__LcstackCOMRAM                                 cstackCOMRAM 000000
__Ldata                                         data         000000
__Leeprom_data                                  eeprom_data  000000
__Lfarbss                                       farbss       000000
__Lfardata                                      fardata      000000
__Libigdata                                     ibigdata     000000
__Lidata                                        idata        000000
__Lidloc                                        idloc        000000
__Lifardata                                     ifardata     000000
__Linit                                         init         000000
__Lintcode                                      intcode      000000
__Lintcode_body                                 intcode_body 000000
__Lintcodelo                                    intcodelo    000000
__Lintentry                                     intentry     000000
__Lintret                                       intret       000000
__Lintsave_regs                                 intsave_regs 000000
__Lirdata                                       irdata       000000
__Lmediumconst                                  mediumconst  000000
__LnvCOMRAM                                     nvCOMRAM     000000
__LnvFARRAM                                     nvFARRAM     000000
__Lnvbit                                        nvbit        000000
__Lnvrram                                       nvrram       000000
__Lparam                                        rparam       000000
__Lpowerup                                      powerup      000000
__Lram                                          ram          000000
__Lramtop                                       ramtop       000F00
__Lrbit                                         rbit         000000
__Lrbss                                         rbss         000000
__Lrdata                                        rdata        000000
__Lreset_vec                                    reset_vec    000000
__Lrparam                                       rparam       000000
__Lsfr                                          sfr          000000
__Lsmallconst                                   smallconst   000F00
__Lspace_0                                      (abs)        000000
__Lspace_1                                      (abs)        000000
__Lspace_2                                      (abs)        000000
__Lspace_4                                      (abs)        000000
__Lstack                                        stack        000000
__Lstruct                                       struct       000000
__Ltemp                                         temp         000000
__Ltext                                         text         000000
__Ltext0                                        text0        000000
__Ltext1                                        text1        000000
__Ltext10                                       text10       000000
__Ltext11                                       text11       000000
__Ltext12                                       text12       000000
__Ltext13                                       text13       000000
__Ltext14                                       text14       000000
__Ltext2                                        text2        000000
__Ltext3                                        text3        000000
__Ltext4                                        text4        000000
__Ltext5                                        text5        000000
__Ltext6                                        text6        000000
__Ltext7                                        text7        000000
__Ltext8                                        text8        000000
__Ltext9                                        text9        000000
__S0                                            (abs)        00115A
__S1                                            (abs)        000037
__S2                                            (abs)        000000
__S4                                            (abs)        000000
__S5                                            (abs)        000000
___inthi_sp                                     stack        000000
___intlo_sp                                     stack        000000
___param_bank                                   (abs)        000000
___rparam_used                                  (abs)        000001
___sp                                           stack        000000
__accesstop                                     (abs)        000060
__activetblptr                                  (abs)        000003
__end_of_ADCC_Initialize                        text14       000FE0
__end_of_EUSART1_Initialize                     text10       0010A6
__end_of_EUSART1_SetErrorHandler                text13       00115A
__end_of_EUSART1_SetFramingErrorHandler         text12       001150
__end_of_EUSART1_SetOverrunErrorHandler         text11       001146
__end_of_EUSART2_Initialize                     text6        001068
__end_of_EUSART2_SetErrorHandler                text9        00113C
__end_of_EUSART2_SetFramingErrorHandler         text8        001132
__end_of_EUSART2_SetOverrunErrorHandler         text7        001128
__end_of_I2C1_Initialize                        text5        00110C
__end_of_OSCILLATOR_Initialize                  text4        0010F8
__end_of_PIN_MANAGER_Initialize                 text3        000F90
__end_of_PMD_Initialize                         text2        0010E0
__end_of_SYSTEM_Initialize                      text1        0010C4
__end_of__initialization                        cinit        001118
__end_of_i2c1_fsmStateTable                     smallconst   000F21
__end_of_main                                   text0        001028
__initialization                                cinit        00110C
__mediumconst                                   mediumconst  000000
__pbssCOMRAM                                    bssCOMRAM    000001
__pcinit                                        cinit        00110C
__pcstackCOMRAM                                 cstackCOMRAM 000033
__pnvCOMRAM                                     nvCOMRAM     000027
__psmallconst                                   smallconst   000F00
__ptext0                                        text0        000FE0
__ptext1                                        text1        0010A6
__ptext10                                       text10       001068
__ptext11                                       text11       00113C
__ptext12                                       text12       001146
__ptext13                                       text13       001150
__ptext14                                       text14       000F90
__ptext2                                        text2        0010C4
__ptext3                                        text3        000F22
__ptext4                                        text4        0010E0
__ptext5                                        text5        0010F8
__ptext6                                        text6        001028
__ptext7                                        text7        00111E
__ptext8                                        text8        001128
__ptext9                                        text9        001132
__ramtop                                        ramtop       000F00
__size_of_ADCC_Initialize                       (abs)        000000
__size_of_EUSART1_Initialize                    (abs)        000000
__size_of_EUSART1_SetErrorHandler               (abs)        000000
__size_of_EUSART1_SetFramingErrorHandler        (abs)        000000
__size_of_EUSART1_SetOverrunErrorHandler        (abs)        000000
__size_of_EUSART2_Initialize                    (abs)        000000
__size_of_EUSART2_SetErrorHandler               (abs)        000000
__size_of_EUSART2_SetFramingErrorHandler        (abs)        000000
__size_of_EUSART2_SetOverrunErrorHandler        (abs)        000000
__size_of_I2C1_Initialize                       (abs)        000000
__size_of_OSCILLATOR_Initialize                 (abs)        000000
__size_of_PIN_MANAGER_Initialize                (abs)        000000
__size_of_PMD_Initialize                        (abs)        000000
__size_of_SYSTEM_Initialize                     (abs)        000000
__size_of_main                                  (abs)        000000
__smallconst                                    smallconst   000F00
_eusart1RxLastError                             bssCOMRAM    000026
_eusart2RxLastError                             bssCOMRAM    000025
_i2c1_fsmStateTable                             smallconst   000F01
_main                                           text0        000FE0
_rd1RegCompleteHandler                          (abs)        000000
_rd2RegCompleteHandler                          (abs)        000000
_rdBlkRegCompleteHandler                        (abs)        000000
_wr1RegCompleteHandler                          (abs)        000000
_wr2RegCompleteHandler                          (abs)        000000
end_of_initialization                           cinit        001118
intlevel0                                       text         000000
intlevel1                                       text         000000
intlevel2                                       text         000000
intlevel3                                       text         000000
isa$std                                         (abs)        000001
isa$xinst                                       (abs)        000000
stackhi                                         (abs)        000E87
stacklo                                         (abs)        000060
start                                           init         000000
start_initialization                            cinit        00110C


MODULE INFORMATION

Module		Function		Class		Link	Load	Size
mcc_generated_files/eusart2.c
		_EUSART2_SetOverrunErrorHandler		CODE           	111E	0000	10
		_EUSART2_SetErrorHandler		CODE           	1132	0000	10
		_EUSART2_Initialize		CODE           	1028	0000	64
		_EUSART2_SetFramingErrorHandler		CODE           	1128	0000	10

mcc_generated_files/eusart2.c estimated size: 94

mcc_generated_files/i2c1_master.c
		_I2C1_Initialize		CODE           	10F8	0000	20

mcc_generated_files/i2c1_master.c estimated size: 20

mcc_generated_files/pin_manager.c
		_PIN_MANAGER_Initialize		CODE           	0F22	0000	110

mcc_generated_files/pin_manager.c estimated size: 110

shared
		__initialization		CODE           	110C	0000	12
		_i2c1_fsmStateTable		SMALLCONST     	0F01	0000	32

shared estimated size: 44

mcc_generated_files/eusart1.c
		_EUSART1_Initialize		CODE           	1068	0000	62
		_EUSART1_SetFramingErrorHandler		CODE           	1146	0000	10
		_EUSART1_SetOverrunErrorHandler		CODE           	113C	0000	10
		_EUSART1_SetErrorHandler		CODE           	1150	0000	10

mcc_generated_files/eusart1.c estimated size: 92

mcc_generated_files/mcc.c
		_PMD_Initialize		CODE           	10C4	0000	28
		_OSCILLATOR_Initialize		CODE           	10E0	0000	24
		_SYSTEM_Initialize		CODE           	10A6	0000	30

mcc_generated_files/mcc.c estimated size: 82

mcc_generated_files/adcc.c
		_ADCC_Initialize		CODE           	0F90	0000	80

mcc_generated_files/adcc.c estimated size: 80

main.c
		_main          		CODE           	0FE0	0000	72

main.c estimated size: 72

