Microchip MPLAB XC8 Compiler V2.32

Linker command line:

-W-3 --edf=C:\Program Files\Microchip\xc8\v2.32\pic\dat\en_msgs.txt -cn \
  -h+dist/default/debug\AutoHood_Final.X.debug.sym \
  --cmf=dist/default/debug\AutoHood_Final.X.debug.cmf -z -Q18LF26K40 \
  -oC:\Users\tyler\AppData\Local\Temp\xcAsobk.4 --defsym=__MPLAB_BUILD=1 \
  -Mdist/default/debug/AutoHood_Final.X.debug.map -E1 -ver=XC8 Compiler \
  --acfsm=1493 -ASTACK=01A2h-0E87h -pstack=STACK -ACODE=00h-0FFFFh \
  -ACONST=00h-0FFFFh -ASMALLCONST=0F00h-0FFFhx241 \
  -AMEDIUMCONST=0F00h-0FFFFh -ACOMRAM=01h-05Fh -AABS1=00h-0E87h \
  -ABIGRAM=01h-0E87h -ARAM=060h-0FFh,0100h-01FFhx13,0E00h-0E87h \
  -ABANK0=060h-0FFh -ABANK1=0100h-01FFh -ABANK2=0200h-02FFh \
  -ABANK3=0300h-03FFh -ABANK4=0400h-04FFh -ABANK5=0500h-05FFh \
  -ABANK6=0600h-06FFh -ABANK7=0700h-07FFh -ABANK8=0800h-08FFh \
  -ABANK9=0900h-09FFh -ABANK10=0A00h-0AFFh -ABANK11=0B00h-0BFFh \
  -ABANK12=0C00h-0CFFh -ABANK13=0D00h-0DFFh -ABANK14=0E00h-0E87h \
  -ASFR=0E8Dh-0EFFh,0F00h-0F5Fh,0F60h-0FFFh -ACONFIG=0300000h-030000Bh \
  -AIDLOC=0200000h-020000Fh -AEEDATA=0310000h-03103FFh -peeprom_data=EEDATA \
  -preset_vec=00h,intcode=08h,intcodelo,powerup,init -pramtop=0F00h \
  -psmallconst=SMALLCONST -pmediumconst=MEDIUMCONST -pconst=CONST \
  -AFARRAM=00h-00h \
  -prdata=COMRAM,nvrram=COMRAM,nvbit=COMRAM,rbss=COMRAM,rbit=COMRAM \
  -pfarbss=FARRAM,fardata=FARRAM,nvFARRAM=FARRAM \
  -pintsave_regs=BIGRAM,bigbss=BIGRAM,bigdata=BIGRAM -pbss=RAM \
  -pidata=CODE,irdata=CODE,ibigdata=CODE,ifardata=CODE -prparam=COMRAM \
  C:\Users\tyler\AppData\Local\Temp\xcAsobk.o \
  dist/default/debug\AutoHood_Final.X.debug.o 

Object code version is 3.11

Machine type is 18LF26K40



                Name                               Link     Load   Length Selector   Space Scale
C:\Users\tyler\AppData\Local\Temp\xcAsobk.o
                idloc                            200000   200000       10        0       5
                config                           300000   300000        C        0       4
                init                                138      138        4        4       0
                reset_vec                             0        0        4        0       0
dist/default/debug\AutoHood_Final.X.debug.o
                intcode                               8        8      130        4       0
                idloc                            200000   200000       10        0       5
                config                           300000   300000        C        0       4
                temp                                 45       45        1        1       1
                smallconst                          F00      F00       4A      780       0
                text99                             4D84     4D84       52      7A5       0
                text98                             511E     511E       2A      7A5       0
                text97                             5378     5378        6      7A5       0
                text96                             539A     539A        2      7A5       0
                text95                             5372     5372        6      7A5       0
                text94                             523A     523A       16      7A5       0
                text93                             393A     393A      1B4      7A5       0
                text92                             2672     2672      4C0      7A5       0
                text91                             2F5E     2F5E      42A      7A5       0
                text90                             4710     4710       98      7A5       0
                text89                             4450     4450       C0      7A5       0
                text88                             4EB6     4EB6       42      7A5       0
                text87                             5396     5396        4      7A5       0
                text86                             5392     5392        4      7A5       0
                text85                             5196     5196       24      7A5       0
                text84                             4934     4934       7A      7A5       0
                text83                             520C     520C       18      7A5       0
                text82                             50F2     50F2       2C      7A5       0
                text81                             50C6     50C6       2C      7A5       0
                text80                             509A     509A       2C      7A5       0
                text79                             506E     506E       2C      7A5       0
                text78                             4EF8     4EF8       40      7A5       0
                text77                             538E     538E        4      7A5       0
                text76                             538A     538A        4      7A5       0
                text75                             5042     5042       2C      7A5       0
                text74                             5016     5016       2C      7A5       0
                text73                             5386     5386        4      7A5       0
                text72                             536C     536C        6      7A5       0
                text71                             5382     5382        4      7A5       0
                text70                             5366     5366        6      7A5       0
                text69                             534C     534C        8      7A5       0
                text68                             5278     5278       14      7A5       0
                text67                             5360     5360        6      7A5       0
                text66                             483E     483E       7C      7A5       0
                text65                             52C4     52C4        C      7A5       0
                text64                             529C     529C       10      7A5       0
                text63                             528C     528C       10      7A5       0
                text62                             438C     438C       C4      7A5       0
                text61                             466A     466A       A6      7A5       0
                text60                             52B8     52B8        C      7A5       0
                text59                             5344     5344        8      7A5       0
                text58                             533C     533C        8      7A5       0
                text57                             5334     5334        8      7A5       0
                text56                             532C     532C        8      7A5       0
                text55                             5324     5324        8      7A5       0
                text54                             531C     531C        8      7A5       0
                text53                             5314     5314        8      7A5       0
                text52                             52AC     52AC        C      7A5       0
                text51                             4AF2     4AF2       66      7A5       0
                text50                             535A     535A        6      7A5       0
                text49                             49AE     49AE       70      7A5       0
                text48                             5354     5354        6      7A5       0
                text46                             4DD6     4DD6       50      7A5       0
                text45                             5302     5302        A      7A5       0
                text44                             52F8     52F8        A      7A5       0
                text43                             52EE     52EE        A      7A5       0
                text42                             52E4     52E4        A      7A5       0
                text41                             52DA     52DA        A      7A5       0
                text40                             48BA     48BA       7A      7A5       0
                text39                             5264     5264       14      7A5       0
                text38                             537E     537E        4      7A5       0
                text37                             51F4     51F4       18      7A5       0
                text36                             4A1E     4A1E       6E      7A5       0
                text35                             51D8     51D8       1C      7A5       0
                text34                             51BA     51BA       1E      7A5       0
                text33                             5250     5250       14      7A5       0
                text32                             5224     5224       16      7A5       0
                text31                             5170     5170       26      7A5       0
                text30                             4FA8     4FA8       38      7A5       0
                text29                             4D32     4D32       52      7A5       0
                text28                             3AEE     3AEE      19E      7A5       0
                text27                             42C8     42C8       C4      7A5       0
                text26                             4510     4510       B0      7A5       0
                text25                             3388     3388      39C      7A5       0
                text24                             45C0     45C0       AA      7A5       0
                text23                             3F20     3F20      106      7A5       0
                text22                             2B32     2B32      42C      7A5       0
                text21                             4F70     4F70       38      7A5       0
                text20                             21B2     21B2      4C0      7A5       0
                text19                             4E6E     4E6E       48      7A5       0
                text18                             3E1A     3E1A      106      7A5       0
                text17                             4026     4026       FE      7A5       0
                text16                             3724     3724      216      7A5       0
                text15                             4CDA     4CDA       58      7A5       0
                text14                             52D0     52D0        A      7A5       0
                text13                             47A8     47A8       96      7A5       0
                text12                             4E26     4E26       48      7A5       0
                text11                             4FE0     4FE0       36      7A5       0
                text10                             4200     4200       C8      7A5       0
                text9                              4C7C     4C7C       5E      7A5       0
                text8                              4F38     4F38       38      7A5       0
                text7                              4C1C     4C1C       60      7A5       0
                text6                               F4A      F4A      CAC      7A5       0
                text5                              4124     4124       DC      7A5       0
                text4                              1BF6     1BF6      5BC      7A5       0
                text3                              4B58     4B58       64      7A5       0
                text2                              5148     5148       28      7A5       0
                text1                              4A8C     4A8C       66      7A5       0
                text0                              3C8C     3C8C      18E      7A5       0
                cstackCOMRAM                          1        1       2B        1       1
                cstackBANK0                          60       60       77       60       1
                cstackBANK1                         184      184       18      100       1
                bssBANK1                            100      100       84      100       1
                dataBANK0                            F5       F5        8       60       1
                bssBANK0                             D7       D7       1E       60       1
                dataCOMRAM                           44       44        1        1       1
                bssCOMRAM                            2C       2C       15        1       1
                cinit                              4BBC     4BBC       60      7A5       0
                nvBANK1                             19C      19C        6      100       1
                nvBANK0                              FD       FD        2       60       1
                nvCOMRAM                             41       41        3        1       1
                idataBANK0                         530C     530C        8      7A5       0
                idataCOMRAM                        539C     539C        1      7A5       0

TOTAL           Name                               Link     Load   Length     Space
        CLASS   STACK          

        CLASS   CODE           
                intcode                               8        8      130         0
                init                                138      138        4         0
                reset_vec                             0        0        4         0
                text99                             4D84     4D84       52         0
                text98                             511E     511E       2A         0
                text97                             5378     5378        6         0
                text96                             539A     539A        2         0
                text95                             5372     5372        6         0
                text94                             523A     523A       16         0
                text93                             393A     393A      1B4         0
                text92                             2672     2672      4C0         0
                text91                             2F5E     2F5E      42A         0
                text90                             4710     4710       98         0
                text89                             4450     4450       C0         0
                text88                             4EB6     4EB6       42         0
                text87                             5396     5396        4         0
                text86                             5392     5392        4         0
                text85                             5196     5196       24         0
                text84                             4934     4934       7A         0
                text83                             520C     520C       18         0
                text82                             50F2     50F2       2C         0
                text81                             50C6     50C6       2C         0
                text80                             509A     509A       2C         0
                text79                             506E     506E       2C         0
                text78                             4EF8     4EF8       40         0
                text77                             538E     538E        4         0
                text76                             538A     538A        4         0
                text75                             5042     5042       2C         0
                text74                             5016     5016       2C         0
                text73                             5386     5386        4         0
                text72                             536C     536C        6         0
                text71                             5382     5382        4         0
                text70                             5366     5366        6         0
                text69                             534C     534C        8         0
                text68                             5278     5278       14         0
                text67                             5360     5360        6         0
                text66                             483E     483E       7C         0
                text65                             52C4     52C4        C         0
                text64                             529C     529C       10         0
                text63                             528C     528C       10         0
                text62                             438C     438C       C4         0
                text61                             466A     466A       A6         0
                text60                             52B8     52B8        C         0
                text59                             5344     5344        8         0
                text58                             533C     533C        8         0
                text57                             5334     5334        8         0
                text56                             532C     532C        8         0
                text55                             5324     5324        8         0
                text54                             531C     531C        8         0
                text53                             5314     5314        8         0
                text52                             52AC     52AC        C         0
                text51                             4AF2     4AF2       66         0
                text50                             535A     535A        6         0
                text49                             49AE     49AE       70         0
                text48                             5354     5354        6         0
                text46                             4DD6     4DD6       50         0
                text45                             5302     5302        A         0
                text44                             52F8     52F8        A         0
                text43                             52EE     52EE        A         0
                text42                             52E4     52E4        A         0
                text41                             52DA     52DA        A         0
                text40                             48BA     48BA       7A         0
                text39                             5264     5264       14         0
                text38                             537E     537E        4         0
                text37                             51F4     51F4       18         0
                text36                             4A1E     4A1E       6E         0
                text35                             51D8     51D8       1C         0
                text34                             51BA     51BA       1E         0
                text33                             5250     5250       14         0
                text32                             5224     5224       16         0
                text31                             5170     5170       26         0
                text30                             4FA8     4FA8       38         0
                text29                             4D32     4D32       52         0
                text28                             3AEE     3AEE      19E         0
                text27                             42C8     42C8       C4         0
                text26                             4510     4510       B0         0
                text25                             3388     3388      39C         0
                text24                             45C0     45C0       AA         0
                text23                             3F20     3F20      106         0
                text22                             2B32     2B32      42C         0
                text21                             4F70     4F70       38         0
                text20                             21B2     21B2      4C0         0
                text19                             4E6E     4E6E       48         0
                text18                             3E1A     3E1A      106         0
                text17                             4026     4026       FE         0
                text16                             3724     3724      216         0
                text15                             4CDA     4CDA       58         0
                text14                             52D0     52D0        A         0
                text13                             47A8     47A8       96         0
                text12                             4E26     4E26       48         0
                text11                             4FE0     4FE0       36         0
                text10                             4200     4200       C8         0
                text9                              4C7C     4C7C       5E         0
                text8                              4F38     4F38       38         0
                text7                              4C1C     4C1C       60         0
                text6                               F4A      F4A      CAC         0
                text5                              4124     4124       DC         0
                text4                              1BF6     1BF6      5BC         0
                text3                              4B58     4B58       64         0
                text2                              5148     5148       28         0
                text1                              4A8C     4A8C       66         0
                text0                              3C8C     3C8C      18E         0
                cinit                              4BBC     4BBC       60         0
                idataBANK0                         530C     530C        8         0
                idataCOMRAM                        539C     539C        1         0

        CLASS   CONST          

        CLASS   SMALLCONST     
                smallconst                          F00      F00       4A         0

        CLASS   MEDIUMCONST    

        CLASS   COMRAM         
                temp                                 45       45        1         1
                cstackCOMRAM                          1        1       2B         1
                dataCOMRAM                           44       44        1         1
                bssCOMRAM                            2C       2C       15         1
                nvCOMRAM                             41       41        3         1

        CLASS   ABS1           

        CLASS   BIGRAM         

        CLASS   RAM            

        CLASS   BANK0          
                cstackBANK0                          60       60       77         1
                dataBANK0                            F5       F5        8         1
                bssBANK0                             D7       D7       1E         1
                nvBANK0                              FD       FD        2         1

        CLASS   BANK1          
                cstackBANK1                         184      184       18         1
                bssBANK1                            100      100       84         1
                nvBANK1                             19C      19C        6         1

        CLASS   BANK2          

        CLASS   BANK3          

        CLASS   BANK4          

        CLASS   BANK5          

        CLASS   BANK6          

        CLASS   BANK7          

        CLASS   BANK8          

        CLASS   BANK9          

        CLASS   BANK10         

        CLASS   BANK11         

        CLASS   BANK12         

        CLASS   BANK13         

        CLASS   BANK14         

        CLASS   SFR            

        CLASS   CONFIG         
                config                           300000   300000        C         4

        CLASS   IDLOC          
                idloc                            200000   200000       10         5

        CLASS   EEDATA         

        CLASS   FARRAM         



SEGMENTS        Name                           Load    Length   Top    Selector   Space  Class

                reset_vec                      000000  000004  000004         0       0  CODE    
                cstackCOMRAM                   000001  000045  000046         1       1  COMRAM  
                intcode                        000008  000134  00013C         4       0  CODE    
                cstackBANK0                    000060  00009F  0000FF        60       1  BANK0   
                bssBANK1                       000100  0000A2  0001A2       100       1  BANK1   
                smallconst                     000F00  00004A  000F4A       780       0  SMALLCON
                text6                          000F4A  004453  00539D       7A5       0  CODE    


UNUSED ADDRESS RANGES

        Name                Unused          Largest block    Delta
        BANK0            0000FF-0000FF                1
        BANK1            0001A2-0001FF               5E
        BANK10           000A00-000AFF              100
        BANK11           000B00-000BFF              100
        BANK12           000C00-000CFF              100
        BANK13           000D00-000DFF              100
        BANK14           000E00-000E87               88
        BANK2            000200-0002FF              100
        BANK3            000300-0003FF              100
        BANK4            000400-0004FF              100
        BANK5            000500-0005FF              100
        BANK6            000600-0006FF              100
        BANK7            000700-0007FF              100
        BANK8            000800-0008FF              100
        BANK9            000900-0009FF              100
        BIGRAM           000046-00005F               1A
                         0000FF-0000FF                1
                         0001A2-000E87              CE6
        CODE             000004-000007                4
                         00013C-000EFF              DC4
                         00539D-00FFFF             AC63
        COMRAM           000046-00005F               1A
        CONST            000004-000007                4
                         00013C-000EFF              DC4
                         00539D-00FFFF             AC63
        EEDATA           310000-3103FF              400
        MEDIUMCONST      00539D-00FFFF             AC63
        RAM              0000FF-0000FF                1
                         0001A2-000E87              100
        SFR              000E8D-000FFF               73
        SMALLCONST       00539D-00FFFF              100
        STACK            0001A2-000E87              CE6

                                  Symbol Table

?___awdiv                                          cstackCOMRAM 00001B
?___awmod                                          cstackCOMRAM 00001B
?___fladd                                          cstackCOMRAM 00001B
?___fldiv                                          cstackCOMRAM 00001B
?___flmul                                          cstackCOMRAM 00001B
?___flneg                                          cstackCOMRAM 00001B
?___flsub                                          cstackBANK0  00006D
?___fltol                                          cstackCOMRAM 00001B
?___fpclassifyf                                    cstackCOMRAM 00001B
?___wmul                                           cstackCOMRAM 00001B
?___xxtofl                                         cstackCOMRAM 000001
?_atoi                                             cstackCOMRAM 000022
?_efgtoa                                           cstackBANK0  00007D
?_floorf                                           cstackCOMRAM 000027
?_isdigit                                          cstackCOMRAM 00001B
?_isspace                                          cstackCOMRAM 00001B
?_isupper                                          cstackCOMRAM 00001B
?_pad                                              cstackBANK0  000063
?_printf                                           cstackBANK1  000192
?_strlen                                           cstackCOMRAM 00001B
?_strncmp                                          cstackCOMRAM 00001B
?_tolower                                          cstackCOMRAM 000021
?_vfpfcnvrt                                        cstackBANK0  0000C1
?_vfprintf                                         cstackBANK0  0000CB
?i2___fladd                                        cstackCOMRAM 000001
?i2___flmul                                        cstackCOMRAM 000011
EUSART1_Read@readValue                             cstackCOMRAM 000001
EUSART1_SetErrorHandler@interruptHandler           cstackCOMRAM 00001B
EUSART1_SetFramingErrorHandler@interruptHandler    cstackCOMRAM 00001B
EUSART1_SetOverrunErrorHandler@interruptHandler    cstackCOMRAM 00001B
EUSART1_SetRxInterruptHandler@interruptHandler     cstackCOMRAM 00001B
EUSART1_SetTxInterruptHandler@interruptHandler     cstackCOMRAM 00001B
EUSART1_Write@txData                               cstackCOMRAM 00001B
I2C1_MasterSendTxData@data                         cstackCOMRAM 000001
I2C1_SetBuffer@buffer                              cstackCOMRAM 000001
I2C1_SetBuffer@bufferSize                          cstackCOMRAM 000003
I2C1_SetCallback@cb                                cstackCOMRAM 000001
I2C1_SetCallback@idx                               cstackCOMRAM 000005
I2C1_SetCallback@ptr                               cstackCOMRAM 000003
I2C1_SetDataCompleteCallback@cb                    cstackCOMRAM 000006
I2C1_SetDataCompleteCallback@ptr                   cstackCOMRAM 000008
_ADACCH                                            (abs)        000F71
_ADACCL                                            (abs)        000F70
_ADACQ                                             (abs)        000F5C
_ADACT                                             (abs)        000F56
_ADCAP                                             (abs)        000F5D
_ADCC_Initialize                                   text46       004DD6
_ADCLK                                             (abs)        000F57
_ADCNT                                             (abs)        000F67
_ADCON0                                            (abs)        000F60
_ADCON0bits                                        (abs)        000F60
_ADCON1                                            (abs)        000F59
_ADCON1bits                                        (abs)        000F59
_ADCON2                                            (abs)        000F5A
_ADCON2bits                                        (abs)        000F5A
_ADCON3                                            (abs)        000F5B
_ADCON3bits                                        (abs)        000F5B
_ADCOut                                            bssBANK0     0000EB
_ADERRH                                            (abs)        000F6F
_ADERRL                                            (abs)        000F6E
_ADFLTRH                                           (abs)        000F73
_ADFLTRL                                           (abs)        000F72
_ADLTHH                                            (abs)        000F6B
_ADLTHL                                            (abs)        000F6A
_ADPCH                                             (abs)        000F5F
_ADPRE                                             (abs)        000F5E
_ADPREVH                                           (abs)        000F62
_ADPREVL                                           (abs)        000F61
_ADREF                                             (abs)        000F58
_ADRESH                                            (abs)        000F64
_ADRESL                                            (abs)        000F63
_ADRPT                                             (abs)        000F66
_ADSTAT                                            (abs)        000F65
_ADSTATbits                                        (abs)        000F65
_ADSTPTH                                           (abs)        000F69
_ADSTPTL                                           (abs)        000F68
_ADUTHH                                            (abs)        000F6D
_ADUTHL                                            (abs)        000F6C
_ANSELA                                            (abs)        000F11
_ANSELB                                            (abs)        000F19
_ANSELC                                            (abs)        000F21
_BAUD1CON                                          (abs)        000F9F
_EUSART1ISR                                        text90       004710
_EUSART1_DefaultErrorHandler                       text97       005378
_EUSART1_DefaultFramingErrorHandler                text96       00539A
_EUSART1_DefaultOverrunErrorHandler                text95       005372
_EUSART1_ErrorHandler                              nvBANK1      00019C
_EUSART1_FramingErrorHandler                       nvBANK1      0001A0
_EUSART1_Initialize                                text40       0048BA
_EUSART1_OverrunErrorHandler                       nvBANK1      00019E
_EUSART1_Read                                      text99       004D84
_EUSART1_Receive_ISR                               text89       004450
_EUSART1_RxDataHandler                             text98       00511E
_EUSART1_RxDefaultInterruptHandler                 nvBANK0      0000FD
_EUSART1_SetErrorHandler                           text45       005302
_EUSART1_SetFramingErrorHandler                    text44       0052F8
_EUSART1_SetOverrunErrorHandler                    text43       0052EE
_EUSART1_SetRxInterruptHandler                     text42       0052E4
_EUSART1_SetTxInterruptHandler                     text41       0052DA
_EUSART1_Transmit_ISR                              text88       004EB6
_EUSART1_TxDefaultInterruptHandler                 nvCOMRAM     000041
_EUSART1_Write                                     text15       004CDA
_EUSART1_is_rx_ready                               text94       00523A
_EUSART1_is_tx_done                                text33       005250
_EUSART1_is_tx_ready                               text32       005224
_HUdata                                            bssCOMRAM    000036
_I2C1_CallbackReturnReset                          text76       00538A
_I2C1_CallbackReturnStop                           text77       00538E
_I2C1_DO_ADDRESS_NACK                              text51       004AF2
_I2C1_DO_IDLE                                      text65       0052C4
_I2C1_DO_RCEN                                      text60       0052B8
_I2C1_DO_RESET                                     text52       0052AC
_I2C1_DO_RX                                        text61       00466A
_I2C1_DO_RX_ACK                                    text55       005324
_I2C1_DO_RX_NACK_RESTART                           text53       005314
_I2C1_DO_RX_NACK_STOP                              text54       00531C
_I2C1_DO_SEND_ADR_READ                             text64       00529C
_I2C1_DO_SEND_ADR_WRITE                            text63       00528C
_I2C1_DO_SEND_RESTART                              text57       005334
_I2C1_DO_SEND_RESTART_READ                         text59       005344
_I2C1_DO_SEND_RESTART_WRITE                        text58       00533C
_I2C1_DO_SEND_STOP                                 text56       00532C
_I2C1_DO_TX                                        text62       00438C
_I2C1_DO_TX_EMPTY                                  text66       00483E
_I2C1_Initialize                                   text39       005264
_I2C1_MasterClearIrq                               text50       00535A
_I2C1_MasterEnableRestart                          text87       005396
_I2C1_MasterFsm                                    text49       0049AE
_I2C1_MasterGetRxData                              text71       005382
_I2C1_MasterIsNack                                 text68       005278
_I2C1_MasterIsr                                    text48       005354
_I2C1_MasterSendAck                                text70       005366
_I2C1_MasterSendNack                               text72       00536C
_I2C1_MasterSendTxData                             text69       00534C
_I2C1_MasterSetIrq                                 text67       005360
_I2C1_MasterStartRx                                text73       005386
_I2C1_MasterStop                                   text86       005392
_I2C1_SetBuffer                                    text85       005196
_I2C1_SetCallback                                  text84       004934
_I2C1_SetDataCompleteCallback                      text83       00520C
_I2C1_Status                                       bssBANK1     000100
_INLVLA                                            (abs)        000F0D
_INLVLB                                            (abs)        000F15
_INLVLC                                            (abs)        000F1D
_INLVLE                                            (abs)        000F2A
_INTCONbits                                        (abs)        000FF2
_INTERRUPT_Initialize                              text38       00537E
_INTERRUPT_InterruptManager                        intcode      000008
_LATA                                              (abs)        000F83
_LATAbits                                          (abs)        000F83
_LATB                                              (abs)        000F84
_LATBbits                                          (abs)        000F84
_LATC                                              (abs)        000F85
_MSSP1_InterruptHandler                            bssCOMRAM    000038
_ODCONA                                            (abs)        000F0F
_ODCONB                                            (abs)        000F17
_ODCONC                                            (abs)        000F1F
_OSCCON1                                           (abs)        000ED8
_OSCCON3                                           (abs)        000EDA
_OSCEN                                             (abs)        000EDC
_OSCFRQ                                            (abs)        000EDE
_OSCILLATOR_Initialize                             text37       0051F4
_OSCTUNE                                           (abs)        000EDD
_PIE3bits                                          (abs)        000EC5
_PIN_MANAGER_Initialize                            text36       004A1E
_PIR3bits                                          (abs)        000ECD
_PMD0                                              (abs)        000EE1
_PMD1                                              (abs)        000EE2
_PMD2                                              (abs)        000EE3
_PMD3                                              (abs)        000EE4
_PMD4                                              (abs)        000EE5
_PMD5                                              (abs)        000EE6
_PMD_Initialize                                    text35       0051D8
_RC1REG                                            (abs)        000F99
_RC1STA                                            (abs)        000F9D
_RC1STAbits                                        (abs)        000F9D
_RC2PPS                                            (abs)        000EF9
_RC3PPS                                            (abs)        000EFA
_RC7PPS                                            (abs)        000EFE
_RESOLUTION                                        dataBANK0    0000F9
_RX1PPS                                            (abs)        000EB5
_SLRCONA                                           (abs)        000F0E
_SLRCONB                                           (abs)        000F16
_SLRCONC                                           (abs)        000F1E
_SP1BRGH                                           (abs)        000F9C
_SP1BRGL                                           (abs)        000F9B
_SSP1ADD                                           (abs)        000F93
_SSP1BUF                                           (abs)        000F92
_SSP1CLKPPS                                        (abs)        000EB7
_SSP1CON1                                          (abs)        000F96
_SSP1CON1bits                                      (abs)        000F96
_SSP1CON2                                          (abs)        000F97
_SSP1CON2bits                                      (abs)        000F97
_SSP1DATPPS                                        (abs)        000EB8
_SSP1STAT                                          (abs)        000F95
_SSP1STATbits                                      (abs)        000F95
_SYSTEM_Initialize                                 text34       0051BA
_TRISA                                             (abs)        000F88
_TRISB                                             (abs)        000F89
_TRISC                                             (abs)        000F8A
_TX1REG                                            (abs)        000F9A
_TX1STA                                            (abs)        000F9E
_TX1STAbits                                        (abs)        000F9E
_WPUA                                              (abs)        000F10
_WPUB                                              (abs)        000F18
_WPUC                                              (abs)        000F20
_WPUE                                              (abs)        000F2D
__HRAM                                             (abs)        000000
__Habs1                                            abs1         000000
__Hbank0                                           bank0        000000
__Hbank1                                           bank1        000000
__Hbank10                                          bank10       000000
__Hbank11                                          bank11       000000
__Hbank12                                          bank12       000000
__Hbank13                                          bank13       000000
__Hbank14                                          bank14       000000
__Hbank2                                           bank2        000000
__Hbank3                                           bank3        000000
__Hbank4                                           bank4        000000
__Hbank5                                           bank5        000000
__Hbank6                                           bank6        000000
__Hbank7                                           bank7        000000
__Hbank8                                           bank8        000000
__Hbank9                                           bank9        000000
__Hbigbss                                          bigbss       000000
__Hbigdata                                         bigdata      000000
__Hbigram                                          bigram       000000
__Hbss                                             bss          000000
__HbssBANK0                                        bssBANK0     000000
__HbssBANK1                                        bssBANK1     000000
__HbssCOMRAM                                       bssCOMRAM    000000
__Hcinit                                           cinit        000000
__Hclrtext                                         clrtext      000000
__Hcomram                                          comram       000000
__Hconfig                                          config       30000C
__Hconst                                           const        000000
__HcstackBANK0                                     cstackBANK0  000000
__HcstackBANK1                                     cstackBANK1  000000
__HcstackCOMRAM                                    cstackCOMRAM 000000
__Hdata                                            data         000000
__HdataBANK0                                       dataBANK0    000000
__HdataCOMRAM                                      dataCOMRAM   000000
__Heeprom_data                                     eeprom_data  000000
__Hfarbss                                          farbss       000000
__Hfardata                                         fardata      000000
__Hibigdata                                        ibigdata     000000
__Hidata                                           idata        000000
__HidataBANK0                                      idataBANK0   000000
__HidataCOMRAM                                     idataCOMRAM  000000
__Hidloc                                           idloc        200010
__Hifardata                                        ifardata     000000
__Hinit                                            init         00013C
__Hintcode                                         intcode      000138
__Hintcode_body                                    intcode_body 000000
__Hintcodelo                                       intcodelo    000138
__Hintentry                                        intentry     000000
__Hintret                                          intret       000000
__Hintsave_regs                                    intsave_regs 000000
__Hirdata                                          irdata       000000
__Hmediumconst                                     mediumconst  000000
__HnvBANK0                                         nvBANK0      000000
__HnvBANK1                                         nvBANK1      000000
__HnvCOMRAM                                        nvCOMRAM     000000
__HnvFARRAM                                        nvFARRAM     000000
__Hnvbit                                           nvbit        000000
__Hnvrram                                          nvrram       000000
__Hparam                                           rparam       000000
__Hpowerup                                         powerup      000138
__Hram                                             ram          000000
__Hramtop                                          ramtop       000F00
__Hrbit                                            rbit         000000
__Hrbss                                            rbss         000000
__Hrdata                                           rdata        000000
__Hreset_vec                                       reset_vec    000004
__Hrparam                                          rparam       000000
__Hsfr                                             sfr          000000
__Hsmallconst                                      smallconst   000F4A
__Hspace_0                                         (abs)        00539D
__Hspace_1                                         (abs)        0001A2
__Hspace_2                                         (abs)        000000
__Hspace_4                                         (abs)        60000C
__Hstack                                           stack        000000
__Hstruct                                          struct       000000
__Htemp                                            temp         000046
__Htext                                            text         000000
__Htext0                                           text0        000000
__Htext1                                           text1        000000
__Htext10                                          text10       000000
__Htext100                                         text100      000000
__Htext11                                          text11       000000
__Htext12                                          text12       000000
__Htext13                                          text13       000000
__Htext14                                          text14       000000
__Htext15                                          text15       000000
__Htext16                                          text16       000000
__Htext17                                          text17       000000
__Htext18                                          text18       000000
__Htext19                                          text19       000000
__Htext2                                           text2        000000
__Htext20                                          text20       000000
__Htext21                                          text21       000000
__Htext22                                          text22       000000
__Htext23                                          text23       000000
__Htext24                                          text24       000000
__Htext25                                          text25       000000
__Htext26                                          text26       000000
__Htext27                                          text27       000000
__Htext28                                          text28       000000
__Htext29                                          text29       000000
__Htext3                                           text3        000000
__Htext30                                          text30       000000
__Htext31                                          text31       000000
__Htext32                                          text32       000000
__Htext33                                          text33       000000
__Htext34                                          text34       000000
__Htext35                                          text35       000000
__Htext36                                          text36       000000
__Htext37                                          text37       000000
__Htext38                                          text38       000000
__Htext39                                          text39       000000
__Htext4                                           text4        000000
__Htext40                                          text40       000000
__Htext41                                          text41       000000
__Htext42                                          text42       000000
__Htext43                                          text43       000000
__Htext44                                          text44       000000
__Htext45                                          text45       000000
__Htext46                                          text46       000000
__Htext48                                          text48       000000
__Htext49                                          text49       000000
__Htext5                                           text5        000000
__Htext50                                          text50       000000
__Htext51                                          text51       000000
__Htext52                                          text52       000000
__Htext53                                          text53       000000
__Htext54                                          text54       000000
__Htext55                                          text55       000000
__Htext56                                          text56       000000
__Htext57                                          text57       000000
__Htext58                                          text58       000000
__Htext59                                          text59       000000
__Htext6                                           text6        000000
__Htext60                                          text60       000000
__Htext61                                          text61       000000
__Htext62                                          text62       000000
__Htext63                                          text63       000000
__Htext64                                          text64       000000
__Htext65                                          text65       000000
__Htext66                                          text66       000000
__Htext67                                          text67       000000
__Htext68                                          text68       000000
__Htext69                                          text69       000000
__Htext7                                           text7        000000
__Htext70                                          text70       000000
__Htext71                                          text71       000000
__Htext72                                          text72       000000
__Htext73                                          text73       000000
__Htext74                                          text74       000000
__Htext75                                          text75       000000
__Htext76                                          text76       000000
__Htext77                                          text77       000000
__Htext78                                          text78       000000
__Htext79                                          text79       000000
__Htext8                                           text8        000000
__Htext80                                          text80       000000
__Htext81                                          text81       000000
__Htext82                                          text82       000000
__Htext83                                          text83       000000
__Htext84                                          text84       000000
__Htext85                                          text85       000000
__Htext86                                          text86       000000
__Htext87                                          text87       000000
__Htext88                                          text88       000000
__Htext89                                          text89       000000
__Htext9                                           text9        000000
__Htext90                                          text90       000000
__Htext91                                          text91       000000
__Htext92                                          text92       000000
__Htext93                                          text93       000000
__Htext94                                          text94       000000
__Htext95                                          text95       000000
__Htext96                                          text96       000000
__Htext97                                          text97       000000
__Htext98                                          text98       000000
__Htext99                                          text99       000000
__LRAM                                             (abs)        000001
__Labs1                                            abs1         000000
__Lbank0                                           bank0        000000
__Lbank1                                           bank1        000000
__Lbank10                                          bank10       000000
__Lbank11                                          bank11       000000
__Lbank12                                          bank12       000000
__Lbank13                                          bank13       000000
__Lbank14                                          bank14       000000
__Lbank2                                           bank2        000000
__Lbank3                                           bank3        000000
__Lbank4                                           bank4        000000
__Lbank5                                           bank5        000000
__Lbank6                                           bank6        000000
__Lbank7                                           bank7        000000
__Lbank8                                           bank8        000000
__Lbank9                                           bank9        000000
__Lbigbss                                          bigbss       000000
__Lbigdata                                         bigdata      000000
__Lbigram                                          bigram       000000
__Lbss                                             bss          000000
__LbssBANK0                                        bssBANK0     000000
__LbssBANK1                                        bssBANK1     000000
__LbssCOMRAM                                       bssCOMRAM    000000
__Lcinit                                           cinit        000000
__Lclrtext                                         clrtext      000000
__Lcomram                                          comram       000000
__Lconfig                                          config       000000
__Lconst                                           const        000000
__LcstackBANK0                                     cstackBANK0  000000
__LcstackBANK1                                     cstackBANK1  000000
__LcstackCOMRAM                                    cstackCOMRAM 000000
__Ldata                                            data         000000
__LdataBANK0                                       dataBANK0    000000
__LdataCOMRAM                                      dataCOMRAM   000000
__Leeprom_data                                     eeprom_data  000000
__Lfarbss                                          farbss       000000
__Lfardata                                         fardata      000000
__Libigdata                                        ibigdata     000000
__Lidata                                           idata        000000
__LidataBANK0                                      idataBANK0   000000
__LidataCOMRAM                                     idataCOMRAM  000000
__Lidloc                                           idloc        000000
__Lifardata                                        ifardata     000000
__Linit                                            init         000138
__Lintcode                                         intcode      000008
__Lintcode_body                                    intcode_body 000000
__Lintcodelo                                       intcodelo    000138
__Lintentry                                        intentry     000000
__Lintret                                          intret       000000
__Lintsave_regs                                    intsave_regs 000000
__Lirdata                                          irdata       000000
__Lmediumconst                                     mediumconst  000000
__LnvBANK0                                         nvBANK0      000000
__LnvBANK1                                         nvBANK1      000000
__LnvCOMRAM                                        nvCOMRAM     000000
__LnvFARRAM                                        nvFARRAM     000000
__Lnvbit                                           nvbit        000000
__Lnvrram                                          nvrram       000000
__Lparam                                           rparam       000000
__Lpowerup                                         powerup      000138
__Lram                                             ram          000000
__Lramtop                                          ramtop       000F00
__Lrbit                                            rbit         000000
__Lrbss                                            rbss         000000
__Lrdata                                           rdata        000000
__Lreset_vec                                       reset_vec    000000
__Lrparam                                          rparam       000000
__Lsfr                                             sfr          000000
__Lsmallconst                                      smallconst   000F00
__Lspace_0                                         (abs)        000000
__Lspace_1                                         (abs)        000000
__Lspace_2                                         (abs)        000000
__Lspace_4                                         (abs)        000000
__Lstack                                           stack        000000
__Lstruct                                          struct       000000
__Ltemp                                            temp         000045
__Ltext                                            text         000000
__Ltext0                                           text0        000000
__Ltext1                                           text1        000000
__Ltext10                                          text10       000000
__Ltext100                                         text100      000000
__Ltext11                                          text11       000000
__Ltext12                                          text12       000000
__Ltext13                                          text13       000000
__Ltext14                                          text14       000000
__Ltext15                                          text15       000000
__Ltext16                                          text16       000000
__Ltext17                                          text17       000000
__Ltext18                                          text18       000000
__Ltext19                                          text19       000000
__Ltext2                                           text2        000000
__Ltext20                                          text20       000000
__Ltext21                                          text21       000000
__Ltext22                                          text22       000000
__Ltext23                                          text23       000000
__Ltext24                                          text24       000000
__Ltext25                                          text25       000000
__Ltext26                                          text26       000000
__Ltext27                                          text27       000000
__Ltext28                                          text28       000000
__Ltext29                                          text29       000000
__Ltext3                                           text3        000000
__Ltext30                                          text30       000000
__Ltext31                                          text31       000000
__Ltext32                                          text32       000000
__Ltext33                                          text33       000000
__Ltext34                                          text34       000000
__Ltext35                                          text35       000000
__Ltext36                                          text36       000000
__Ltext37                                          text37       000000
__Ltext38                                          text38       000000
__Ltext39                                          text39       000000
__Ltext4                                           text4        000000
__Ltext40                                          text40       000000
__Ltext41                                          text41       000000
__Ltext42                                          text42       000000
__Ltext43                                          text43       000000
__Ltext44                                          text44       000000
__Ltext45                                          text45       000000
__Ltext46                                          text46       000000
__Ltext48                                          text48       000000
__Ltext49                                          text49       000000
__Ltext5                                           text5        000000
__Ltext50                                          text50       000000
__Ltext51                                          text51       000000
__Ltext52                                          text52       000000
__Ltext53                                          text53       000000
__Ltext54                                          text54       000000
__Ltext55                                          text55       000000
__Ltext56                                          text56       000000
__Ltext57                                          text57       000000
__Ltext58                                          text58       000000
__Ltext59                                          text59       000000
__Ltext6                                           text6        000000
__Ltext60                                          text60       000000
__Ltext61                                          text61       000000
__Ltext62                                          text62       000000
__Ltext63                                          text63       000000
__Ltext64                                          text64       000000
__Ltext65                                          text65       000000
__Ltext66                                          text66       000000
__Ltext67                                          text67       000000
__Ltext68                                          text68       000000
__Ltext69                                          text69       000000
__Ltext7                                           text7        000000
__Ltext70                                          text70       000000
__Ltext71                                          text71       000000
__Ltext72                                          text72       000000
__Ltext73                                          text73       000000
__Ltext74                                          text74       000000
__Ltext75                                          text75       000000
__Ltext76                                          text76       000000
__Ltext77                                          text77       000000
__Ltext78                                          text78       000000
__Ltext79                                          text79       000000
__Ltext8                                           text8        000000
__Ltext80                                          text80       000000
__Ltext81                                          text81       000000
__Ltext82                                          text82       000000
__Ltext83                                          text83       000000
__Ltext84                                          text84       000000
__Ltext85                                          text85       000000
__Ltext86                                          text86       000000
__Ltext87                                          text87       000000
__Ltext88                                          text88       000000
__Ltext89                                          text89       000000
__Ltext9                                           text9        000000
__Ltext90                                          text90       000000
__Ltext91                                          text91       000000
__Ltext92                                          text92       000000
__Ltext93                                          text93       000000
__Ltext94                                          text94       000000
__Ltext95                                          text95       000000
__Ltext96                                          text96       000000
__Ltext97                                          text97       000000
__Ltext98                                          text98       000000
__Ltext99                                          text99       000000
__S0                                               (abs)        00539D
__S1                                               (abs)        0001A2
__S2                                               (abs)        000000
__S4                                               (abs)        000000
__S5                                               (abs)        000000
___awdiv                                           text27       0042C8
___awdiv@counter                                   cstackCOMRAM 00001F
___awdiv@dividend                                  cstackCOMRAM 00001B
___awdiv@divisor                                   cstackCOMRAM 00001D
___awdiv@quotient                                  cstackCOMRAM 000021
___awdiv@sign                                      cstackCOMRAM 000020
___awmod                                           text26       004510
___awmod@counter                                   cstackCOMRAM 00001F
___awmod@dividend                                  cstackCOMRAM 00001B
___awmod@divisor                                   cstackCOMRAM 00001D
___awmod@sign                                      cstackCOMRAM 000020
___fladd                                           text20       0021B2
___fladd@a                                         cstackCOMRAM 00001F
___fladd@aexp                                      cstackCOMRAM 000028
___fladd@b                                         cstackCOMRAM 00001B
___fladd@bexp                                      cstackCOMRAM 000029
___fladd@grs                                       cstackCOMRAM 00002A
___fladd@signs                                     cstackCOMRAM 000027
___fldiv                                           text25       003388
___fldiv@a                                         cstackCOMRAM 00001F
___fldiv@aexp                                      cstackBANK0  00006C
___fldiv@b                                         cstackCOMRAM 00001B
___fldiv@bexp                                      cstackBANK0  00006B
___fldiv@grs                                       cstackBANK0  000067
___fldiv@new_exp                                   cstackBANK0  000065
___fldiv@rem                                       cstackBANK0  000060
___fldiv@sign                                      cstackBANK0  000064
___fleq                                            text24       0045C0
___fleq@ff1                                        cstackCOMRAM 00001B
___fleq@ff2                                        cstackCOMRAM 00001F
___flge                                            text23       003F20
___flge@ff1                                        cstackBANK0  00006D
___flge@ff2                                        cstackBANK0  000071
___flmul                                           text22       002B32
___flmul@a                                         cstackCOMRAM 00001F
___flmul@aexp                                      cstackBANK0  000061
___flmul@b                                         cstackCOMRAM 00001B
___flmul@bexp                                      cstackBANK0  000066
___flmul@grs                                       cstackBANK0  000062
___flmul@prod                                      cstackBANK0  000067
___flmul@sign                                      cstackBANK0  000060
___flmul@temp                                      cstackBANK0  00006B
___flneg                                           text21       004F70
___flneg@f1                                        cstackCOMRAM 00001B
___flsub                                           text19       004E6E
___flsub@a                                         cstackBANK0  000071
___flsub@b                                         cstackBANK0  00006D
___fltol                                           text18       003E1A
___fltol@exp1                                      cstackCOMRAM 000024
___fltol@f1                                        cstackCOMRAM 00001B
___fltol@sign1                                     cstackCOMRAM 000023
___fpclassifyf                                     text17       004026
___fpclassifyf@F465                                bssBANK0     0000E3
___fpclassifyf@e                                   cstackCOMRAM 000023
___fpclassifyf@u                                   cstackCOMRAM 000025
___fpclassifyf@x                                   cstackCOMRAM 00001B
___inthi_sp                                        stack        000000
___intlo_sp                                        stack        000000
___param_bank                                      (abs)        000000
___rparam_used                                     (abs)        000001
___sp                                              stack        000000
___wmul                                            text31       005170
___wmul@multiplicand                               cstackCOMRAM 00001D
___wmul@multiplier                                 cstackCOMRAM 00001B
___wmul@product                                    cstackCOMRAM 00001F
___xxtofl                                          text93       00393A
___xxtofl@arg                                      cstackCOMRAM 00000B
___xxtofl@exp                                      cstackCOMRAM 00000A
___xxtofl@sign                                     cstackCOMRAM 000009
___xxtofl@val                                      cstackCOMRAM 000001
__accesstop                                        (abs)        000060
__activetblptr                                     (abs)        000003
__end_of_ADCC_Initialize                           text46       004E26
__end_of_EUSART1ISR                                text90       0047A8
__end_of_EUSART1_DefaultErrorHandler               text97       00537E
__end_of_EUSART1_DefaultFramingErrorHandler        text96       00539C
__end_of_EUSART1_DefaultOverrunErrorHandler        text95       005378
__end_of_EUSART1_Initialize                        text40       004934
__end_of_EUSART1_Read                              text99       004DD6
__end_of_EUSART1_Receive_ISR                       text89       004510
__end_of_EUSART1_RxDataHandler                     text98       005148
__end_of_EUSART1_SetErrorHandler                   text45       00530C
__end_of_EUSART1_SetFramingErrorHandler            text44       005302
__end_of_EUSART1_SetOverrunErrorHandler            text43       0052F8
__end_of_EUSART1_SetRxInterruptHandler             text42       0052EE
__end_of_EUSART1_SetTxInterruptHandler             text41       0052E4
__end_of_EUSART1_Transmit_ISR                      text88       004EF8
__end_of_EUSART1_Write                             text15       004D32
__end_of_EUSART1_is_rx_ready                       text94       005250
__end_of_EUSART1_is_tx_done                        text33       005264
__end_of_EUSART1_is_tx_ready                       text32       00523A
__end_of_I2C1_CallbackReturnReset                  text76       00538E
__end_of_I2C1_CallbackReturnStop                   text77       005392
__end_of_I2C1_DO_ADDRESS_NACK                      text51       004B58
__end_of_I2C1_DO_IDLE                              text65       0052D0
__end_of_I2C1_DO_RCEN                              text60       0052C4
__end_of_I2C1_DO_RESET                             text52       0052B8
__end_of_I2C1_DO_RX                                text61       004710
__end_of_I2C1_DO_RX_ACK                            text55       00532C
__end_of_I2C1_DO_RX_NACK_RESTART                   text53       00531C
__end_of_I2C1_DO_RX_NACK_STOP                      text54       005324
__end_of_I2C1_DO_SEND_ADR_READ                     text64       0052AC
__end_of_I2C1_DO_SEND_ADR_WRITE                    text63       00529C
__end_of_I2C1_DO_SEND_RESTART                      text57       00533C
__end_of_I2C1_DO_SEND_RESTART_READ                 text59       00534C
__end_of_I2C1_DO_SEND_RESTART_WRITE                text58       005344
__end_of_I2C1_DO_SEND_STOP                         text56       005334
__end_of_I2C1_DO_TX                                text62       004450
__end_of_I2C1_DO_TX_EMPTY                          text66       0048BA
__end_of_I2C1_Initialize                           text39       005278
__end_of_I2C1_MasterClearIrq                       text50       005360
__end_of_I2C1_MasterEnableRestart                  text87       00539A
__end_of_I2C1_MasterFsm                            text49       004A1E
__end_of_I2C1_MasterGetRxData                      text71       005386
__end_of_I2C1_MasterIsNack                         text68       00528C
__end_of_I2C1_MasterIsr                            text48       00535A
__end_of_I2C1_MasterSendAck                        text70       00536C
__end_of_I2C1_MasterSendNack                       text72       005372
__end_of_I2C1_MasterSendTxData                     text69       005354
__end_of_I2C1_MasterSetIrq                         text67       005366
__end_of_I2C1_MasterStartRx                        text73       00538A
__end_of_I2C1_MasterStop                           text86       005396
__end_of_I2C1_SetBuffer                            text85       0051BA
__end_of_I2C1_SetCallback                          text84       0049AE
__end_of_I2C1_SetDataCompleteCallback              text83       005224
__end_of_INTERRUPT_Initialize                      text38       005382
__end_of_INTERRUPT_InterruptManager                intcode      000138
__end_of_OSCILLATOR_Initialize                     text37       00520C
__end_of_PIN_MANAGER_Initialize                    text36       004A8C
__end_of_PMD_Initialize                            text35       0051F4
__end_of_SYSTEM_Initialize                         text34       0051D8
__end_of___awdiv                                   text27       00438C
__end_of___awmod                                   text26       0045C0
__end_of___fladd                                   text20       002672
__end_of___fldiv                                   text25       003724
__end_of___fleq                                    text24       00466A
__end_of___flge                                    text23       004026
__end_of___flmul                                   text22       002F5E
__end_of___flneg                                   text21       004FA8
__end_of___flsub                                   text19       004EB6
__end_of___fltol                                   text18       003F20
__end_of___fpclassifyf                             text17       004124
__end_of___wmul                                    text31       005196
__end_of___xxtofl                                  text93       003AEE
__end_of__initialization                           cinit        004C12
__end_of_atoi                                      text28       003C8C
__end_of_efgtoa                                    text6        001BF6
__end_of_floorf                                    text16       00393A
__end_of_fputc                                     text13       00483E
__end_of_fputs                                     text12       004E6E
__end_of_i2c1_fsmStateTable                        smallconst   000F21
__end_of_isdigit                                   text30       004FE0
__end_of_isspace                                   text29       004D84
__end_of_isupper                                   text8        004F70
__end_of_main                                      text0        003E1A
__end_of_pad                                       text10       0042C8
__end_of_printf                                    text2        005170
__end_of_putch                                     text14       0052DA
__end_of_rd1RegCompleteHandler                     text81       0050F2
__end_of_rd1RegCompleteHandler@temphumidity$F1999  text74       005042
__end_of_rd2RegCompleteHandler                     text80       0050C6
__end_of_rdBlkRegCompleteHandler                   text78       004F38
__end_of_strcpy                                    text9        004CDA
__end_of_strlen                                    text11       005016
__end_of_strncmp                                   text5        004200
__end_of_tolower                                   text7        004C7C
__end_of_txWindSpeed                               text1        004AF2
__end_of_vfpfcnvrt                                 text4        0021B2
__end_of_vfprintf                                  text3        004BBC
__end_of_wr1RegCompleteHandler                     text79       00509A
__end_of_wr1RegCompleteHandler@temphumidity$F1997  text75       00506E
__end_of_wr2RegCompleteHandler                     text82       00511E
__end_ofi2___fladd                                 text92       002B32
__end_ofi2___flmul                                 text91       003388
__initialization                                   cinit        004BBC
__mediumconst                                      mediumconst  000000
__pbssBANK0                                        bssBANK0     0000D7
__pbssBANK1                                        bssBANK1     000100
__pbssCOMRAM                                       bssCOMRAM    00002C
__pcinit                                           cinit        004BBC
[...]
_nout                                              bssBANK0     0000EF
_pad                                               text10       004200
_prec                                              bssBANK0     0000F3
_printf                                            text2        005148
_putch                                             text14       0052D0
_rd1RegCompleteHandler                             text81       0050C6
_rd1RegCompleteHandler@temphumidity$F1999          text74       005016
_rd2RegCompleteHandler                             text80       00509A
_rdBlkRegCompleteHandler                           text78       004EF8
_rxData                                            bssCOMRAM    00003A
_rxDataf                                           bssCOMRAM    00002C
_strcpy                                            text9        004C7C
_strlen                                            text11       004FE0
_strncmp                                           text5        004124
_targetValWin                                      dataBANK0    0000F5
_tolower                                           text7        004C1C
_tolower$2740                                      cstackCOMRAM 000027
_txWindSpeed                                       text1        004A8C
_vfpfcnvrt                                         text4        001BF6
_vfpfcnvrt$2612                                    cstackBANK1  000184
_vfpfcnvrt$2613                                    cstackBANK1  000186
_vfpfcnvrt$2617                                    cstackBANK1  000188
_vfprintf                                          text3        004B58
_voltage                                           bssCOMRAM    000030
_width                                             bssBANK0     0000F1
_wr1RegCompleteHandler                             text79       00506E
_wr1RegCompleteHandler@temphumidity$F1997          text75       005042
_wr2RegCompleteHandler                             text82       0050F2
atoi@n                                             cstackBANK0  000067
atoi@neg                                           cstackBANK0  000060
atoi@s                                             cstackCOMRAM 000022
btemp                                              temp         000045
efgtoa@c                                           cstackBANK0  000083
efgtoa@d                                           cstackBANK0  0000A1
efgtoa@e                                           cstackBANK0  0000B9
efgtoa@f                                           cstackBANK0  00007F
efgtoa@fp                                          cstackBANK0  00007D
efgtoa@g                                           cstackBANK0  0000B5
efgtoa@h                                           cstackBANK0  0000AB
efgtoa@i                                           cstackBANK0  0000B3
efgtoa@l                                           cstackBANK0  0000AF
efgtoa@m                                           cstackBANK0  00009B
efgtoa@mode                                        cstackBANK0  0000AA
efgtoa@n                                           cstackBANK0  0000BB
efgtoa@ne                                          cstackBANK0  000099
efgtoa@nmode                                       cstackBANK0  0000A9
efgtoa@ou                                          cstackBANK0  00009D
efgtoa@p                                           cstackBANK0  0000A5
efgtoa@pp                                          cstackBANK0  000097
efgtoa@sign                                        cstackBANK0  0000A3
efgtoa@t                                           cstackBANK0  000095
efgtoa@u                                           cstackBANK0  0000BD
efgtoa@w                                           cstackBANK0  0000A7
end_of_initialization                              cinit        004C12
floorf@F527                                        bssBANK0     0000DF
floorf@e                                           cstackBANK0  000077
floorf@m                                           cstackBANK0  000073
floorf@u                                           cstackBANK0  000079
floorf@x                                           cstackCOMRAM 000027
fputc@c                                            cstackCOMRAM 00001D
fputc@fp                                           cstackCOMRAM 00001F
fputs@c                                            cstackBANK0  000060
fputs@fp                                           cstackCOMRAM 000028
fputs@i                                            cstackBANK0  000061
fputs@s                                            cstackCOMRAM 000026
i2___fladd                                         text92       002672
i2___fladd@a                                       cstackCOMRAM 000005
i2___fladd@aexp                                    cstackCOMRAM 00000E
i2___fladd@b                                       cstackCOMRAM 000001
i2___fladd@bexp                                    cstackCOMRAM 00000F
i2___fladd@grs                                     cstackCOMRAM 000010
i2___fladd@signs                                   cstackCOMRAM 00000D
i2___flmul                                         text91       002F5E
i2___flmul@a                                       cstackCOMRAM 000015
i2___flmul@aexp                                    cstackCOMRAM 000022
i2___flmul@b                                       cstackCOMRAM 000011
i2___flmul@bexp                                    cstackCOMRAM 000023
i2___flmul@grs                                     cstackCOMRAM 00001E
i2___flmul@prod                                    cstackCOMRAM 000024
i2___flmul@sign                                    cstackCOMRAM 00001D
i2___flmul@temp                                    cstackCOMRAM 000028
int$flags                                          temp         000045
intlevel0                                          text         000000
intlevel1                                          text         000000
intlevel2                                          text         000000
intlevel3                                          text         000000
isa$std                                            (abs)        000001
isa$xinst                                          (abs)        000000
isdigit@c                                          cstackCOMRAM 00001B
isspace@c                                          cstackCOMRAM 00001B
isupper@c                                          cstackCOMRAM 00001B
pad@buf                                            cstackBANK0  000065
pad@fp                                             cstackBANK0  000063
pad@i                                              cstackBANK0  000069
pad@p                                              cstackBANK0  000067
pad@w                                              cstackBANK0  00006B
printf@ap                                          cstackBANK0  0000D3
printf@fmt                                         cstackBANK1  000192
putch@txData                                       cstackCOMRAM 00001C
rd1RegCompleteHandler@ptr                          cstackCOMRAM 00000A
rd1RegCompleteHandler@temphumidity$F1999@ptr       cstackCOMRAM 00000A
rd2RegCompleteHandler@ptr                          cstackCOMRAM 00000A
rdBlkRegCompleteHandler@ptr                        cstackCOMRAM 00000A
stackhi                                            (abs)        000E87
stacklo                                            (abs)        0001A2
start                                              init         000138
start_initialization                               cinit        004BBC
strcpy@d                                           cstackCOMRAM 000023
strcpy@dest                                        cstackCOMRAM 00001B
strcpy@s                                           cstackCOMRAM 000021
strcpy@src                                         cstackCOMRAM 00001D
strlen@a                                           cstackCOMRAM 00001D
strlen@s                                           cstackCOMRAM 00001B
strncmp@_l                                         cstackCOMRAM 00001B
strncmp@_r                                         cstackCOMRAM 00001D
strncmp@l                                          cstackCOMRAM 000022
strncmp@n                                          cstackCOMRAM 00001F
strncmp@r                                          cstackCOMRAM 000024
tolower@c                                          cstackCOMRAM 000021
ttemp5                                             temp         000046
ttemp6                                             temp         000049
ttemp7                                             temp         00004D
txWindSpeed@speed                                  cstackBANK1  000198
vfpfcnvrt@ap                                       cstackBANK0  0000C5
vfpfcnvrt@c                                        cstackBANK1  000191
vfpfcnvrt@ct                                       cstackBANK1  00018E
vfpfcnvrt@f                                        cstackBANK1  00018A
vfpfcnvrt@fmt                                      cstackBANK0  0000C3
vfpfcnvrt@fp                                       cstackBANK0  0000C1
vfprintf@ap                                        cstackBANK0  0000CF
vfprintf@cfmt                                      cstackBANK0  0000D1
vfprintf@fmt                                       cstackBANK0  0000CD
vfprintf@fp                                        cstackBANK0  0000CB
wr1RegCompleteHandler@ptr                          cstackCOMRAM 00000A
wr1RegCompleteHandler@temphumidity$F1997@ptr       cstackCOMRAM 00000A
wr2RegCompleteHandler@ptr                          cstackCOMRAM 00000A
wtemp8                                             temp         000046


MODULE INFORMATION

Module		Function		Class		Link	Load	Size
C:\Program Files\Microchip\xc8\v2.32\pic\sources\c99\common\awdiv.c
		___awdiv       		CODE           	42C8	0000	196

C:\Program Files\Microchip\xc8\v2.32\pic\sources\c99\common\awdiv.c estimated size: 196

C:\Program Files\Microchip\xc8\v2.32\pic\sources\c99\common\isdigit.c
		_isdigit       		CODE           	4FA8	0000	56

C:\Program Files\Microchip\xc8\v2.32\pic\sources\c99\common\isdigit.c estimated size: 56

C:\Program Files\Microchip\xc8\v2.32\pic\sources\c99\common\sprcadd.c
		___flsub       		CODE           	4E6E	0000	72
		___fladd       		CODE           	21B2	0000	1216

C:\Program Files\Microchip\xc8\v2.32\pic\sources\c99\common\sprcadd.c estimated size: 1288

mcc_generated_files/examples/i2c1_master_example.c
		_wr1RegCompleteHandler		CODE           	506E	0000	44
		_wr2RegCompleteHandler		CODE           	50F2	0000	44
		_rdBlkRegCompleteHandler		CODE           	4EF8	0000	64
		_rd1RegCompleteHandler		CODE           	50C6	0000	44
		_rd2RegCompleteHandler		CODE           	509A	0000	44

mcc_generated_files/examples/i2c1_master_example.c estimated size: 240

./temphumidity.h
		_rd1RegCompleteHandler@temphumidity$F1999		CODE           	5016	0000	44
		_wr1RegCompleteHandler@temphumidity$F1997		CODE           	5042	0000	44

./temphumidity.h estimated size: 88

C:\Program Files\Microchip\xc8\v2.32\pic\sources\c99\common\doprnt.c
		_vfpfcnvrt     		CODE           	1BF6	0000	1468
		_efgtoa        		CODE           	0F4A	0000	3244
		_pad           		CODE           	4200	0000	200
		_vfprintf      		CODE           	4B58	0000	100

C:\Program Files\Microchip\xc8\v2.32\pic\sources\c99\common\doprnt.c estimated size: 5012

C:\Program Files\Microchip\xc8\v2.32\pic\sources\c99\common\flneg.c
		___flneg       		CODE           	4F70	0000	56

C:\Program Files\Microchip\xc8\v2.32\pic\sources\c99\common\flneg.c estimated size: 56

mcc_generated_files/i2c1_master.c
		_I2C1_DO_SEND_RESTART		CODE           	5334	0000	8
		_I2C1_DO_TX_EMPTY		CODE           	483E	0000	124
		_I2C1_DO_SEND_RESTART_READ		CODE           	5344	0000	8
		_I2C1_CallbackReturnStop		CODE           	538E	0000	4
		_I2C1_DO_RX    		CODE           	466A	0000	166
		_I2C1_DO_TX    		CODE           	438C	0000	196
		_I2C1_DO_IDLE  		CODE           	52C4	0000	12
		_I2C1_DO_RCEN  		CODE           	52B8	0000	12
		_I2C1_MasterSendTxData		CODE           	534C	0000	8
		_I2C1_MasterStop		CODE           	5392	0000	4
		_I2C1_CallbackReturnReset		CODE           	538A	0000	4
		_I2C1_DO_RESET 		CODE           	52AC	0000	12
		_I2C1_MasterStartRx		CODE           	5386	0000	4
		_I2C1_DO_RX_ACK		CODE           	5324	0000	8
		_I2C1_MasterSendNack		CODE           	536C	0000	6
		_I2C1_DO_RX_NACK_RESTART		CODE           	5314	0000	8
		_I2C1_SetCallback		CODE           	4934	0000	122
		_I2C1_MasterEnableRestart		CODE           	5396	0000	4
		_I2C1_DO_ADDRESS_NACK		CODE           	4AF2	0000	102
		_I2C1_SetBuffer		CODE           	5196	0000	36
		_I2C1_DO_SEND_RESTART_WRITE		CODE           	533C	0000	8
		_I2C1_Initialize		CODE           	5264	0000	20
		_I2C1_MasterIsNack		CODE           	5278	0000	20
		_I2C1_DO_SEND_ADR_WRITE		CODE           	528C	0000	16
		_I2C1_MasterClearIrq		CODE           	535A	0000	6
		_I2C1_SetDataCompleteCallback		CODE           	520C	0000	24
		_I2C1_DO_SEND_STOP		CODE           	532C	0000	8
		_I2C1_MasterSendAck		CODE           	5366	0000	6
		_I2C1_MasterFsm		CODE           	49AE	0000	112
		_I2C1_MasterIsr		CODE           	5354	0000	6
		_I2C1_MasterGetRxData		CODE           	5382	0000	4
		_I2C1_MasterSetIrq		CODE           	5360	0000	6
		_I2C1_DO_SEND_ADR_READ		CODE           	529C	0000	16
		_I2C1_DO_RX_NACK_STOP		CODE           	531C	0000	8

mcc_generated_files/i2c1_master.c estimated size: 1108

./esp32.h
		_txWindSpeed   		CODE           	4A8C	0000	102
		_EUSART1ISR    		CODE           	4710	0000	152

./esp32.h estimated size: 254

mcc_generated_files/interrupt_manager.c
		_INTERRUPT_Initialize		CODE           	537E	0000	4
		_INTERRUPT_InterruptManager		CODE           	0008	0000	304

mcc_generated_files/interrupt_manager.c estimated size: 308

mcc_generated_files/pin_manager.c
		_PIN_MANAGER_Initialize		CODE           	4A1E	0000	110

mcc_generated_files/pin_manager.c estimated size: 110

C:\Program Files\Microchip\xc8\v2.32\pic\sources\c99\common\atoi.c
		_atoi          		CODE           	3AEE	0000	414

C:\Program Files\Microchip\xc8\v2.32\pic\sources\c99\common\atoi.c estimated size: 414

C:\Program Files\Microchip\xc8\v2.32\pic\sources\c99\common\nf_fputs.c
		_fputs         		CODE           	4E26	0000	72

C:\Program Files\Microchip\xc8\v2.32\pic\sources\c99\common\nf_fputs.c estimated size: 72

C:\Program Files\Microchip\xc8\v2.32\pic\sources\c99\common\fleq.c
		___fleq        		CODE           	45C0	0000	170

C:\Program Files\Microchip\xc8\v2.32\pic\sources\c99\common\fleq.c estimated size: 170

C:\Program Files\Microchip\xc8\v2.32\pic\sources\c99\common\__fpclassifyf.c
		___fpclassifyf 		CODE           	4026	0000	254

C:\Program Files\Microchip\xc8\v2.32\pic\sources\c99\common\__fpclassifyf.c estimated size: 254

C:\Program Files\Microchip\xc8\v2.32\pic\sources\c99\common\isupper.c
		_isupper       		CODE           	4F38	0000	56

C:\Program Files\Microchip\xc8\v2.32\pic\sources\c99\common\isupper.c estimated size: 56

C:\Program Files\Microchip\xc8\v2.32\pic\sources\c99\common\Umul16.c
		___wmul        		CODE           	5170	0000	38

C:\Program Files\Microchip\xc8\v2.32\pic\sources\c99\common\Umul16.c estimated size: 38

C:\Program Files\Microchip\xc8\v2.32\pic\sources\c99\common\isspace.c
		_isspace       		CODE           	4D32	0000	82

C:\Program Files\Microchip\xc8\v2.32\pic\sources\c99\common\isspace.c estimated size: 82

C:\Program Files\Microchip\xc8\v2.32\pic\sources\c99\common\strncmp.c
		_strncmp       		CODE           	4124	0000	220

C:\Program Files\Microchip\xc8\v2.32\pic\sources\c99\common\strncmp.c estimated size: 220

C:\Program Files\Microchip\xc8\v2.32\pic\sources\c99\common\tolower.c
		_tolower       		CODE           	4C1C	0000	96

C:\Program Files\Microchip\xc8\v2.32\pic\sources\c99\common\tolower.c estimated size: 96

shared
		i2___fladd     		CODE           	2672	0000	1216
		__initialization		CODE           	4BBC	0000	86
		i2___flmul     		CODE           	2F5E	0000	1066
		_i2c1_fsmStateTable		SMALLCONST     	0F01	0000	32

shared estimated size: 2400

mcc_generated_files/eusart1.c
		_EUSART1_is_tx_done		CODE           	5250	0000	20
		_EUSART1_SetRxInterruptHandler		CODE           	52E4	0000	10
		_EUSART1_SetTxInterruptHandler		CODE           	52DA	0000	10
		_EUSART1_is_rx_ready		CODE           	523A	0000	22
		_EUSART1_is_tx_ready		CODE           	5224	0000	22
		_EUSART1_Initialize		CODE           	48BA	0000	122
		_putch         		CODE           	52D0	0000	10
		_EUSART1_DefaultErrorHandler		CODE           	5378	0000	6
		_EUSART1_SetFramingErrorHandler		CODE           	52F8	0000	10
		_EUSART1_Read  		CODE           	4D84	0000	82
		_EUSART1_SetOverrunErrorHandler		CODE           	52EE	0000	10
		_EUSART1_SetErrorHandler		CODE           	5302	0000	10
		_EUSART1_Write 		CODE           	4CDA	0000	88
		_EUSART1_Receive_ISR		CODE           	4450	0000	192
		_EUSART1_RxDataHandler		CODE           	511E	0000	42
		_EUSART1_DefaultOverrunErrorHandler		CODE           	5372	0000	6
		_EUSART1_Transmit_ISR		CODE           	4EB6	0000	66
		_EUSART1_DefaultFramingErrorHandler		CODE           	539A	0000	2

mcc_generated_files/eusart1.c estimated size: 730

C:\Program Files\Microchip\xc8\v2.32\pic\sources\c99\common\sprcmul.c
		___flmul       		CODE           	2B32	0000	1068

C:\Program Files\Microchip\xc8\v2.32\pic\sources\c99\common\sprcmul.c estimated size: 1068

C:\Program Files\Microchip\xc8\v2.32\pic\sources\c99\common\awmod.c
		___awmod       		CODE           	4510	0000	176

C:\Program Files\Microchip\xc8\v2.32\pic\sources\c99\common\awmod.c estimated size: 176

mcc_generated_files/mcc.c
		_PMD_Initialize		CODE           	51D8	0000	28
		_OSCILLATOR_Initialize		CODE           	51F4	0000	24
		_SYSTEM_Initialize		CODE           	51BA	0000	30

mcc_generated_files/mcc.c estimated size: 82

C:\Program Files\Microchip\xc8\v2.32\pic\sources\c99\common\sprcdiv.c
		___fldiv       		CODE           	3388	0000	924

C:\Program Files\Microchip\xc8\v2.32\pic\sources\c99\common\sprcdiv.c estimated size: 924

C:\Program Files\Microchip\xc8\v2.32\pic\sources\c99\common\fltol.c
		___fltol       		CODE           	3E1A	0000	262

C:\Program Files\Microchip\xc8\v2.32\pic\sources\c99\common\fltol.c estimated size: 262

C:\Program Files\Microchip\xc8\v2.32\pic\sources\c99\common\xxtofl.c
		___xxtofl      		CODE           	393A	0000	436

C:\Program Files\Microchip\xc8\v2.32\pic\sources\c99\common\xxtofl.c estimated size: 436

C:\Program Files\Microchip\xc8\v2.32\pic\sources\c99\common\printf.c
		_printf        		CODE           	5148	0000	40

C:\Program Files\Microchip\xc8\v2.32\pic\sources\c99\common\printf.c estimated size: 40

C:\Program Files\Microchip\xc8\v2.32\pic\sources\c99\common\nf_fputc.c
		_fputc         		CODE           	47A8	0000	150

C:\Program Files\Microchip\xc8\v2.32\pic\sources\c99\common\nf_fputc.c estimated size: 150

mcc_generated_files/adcc.c
		_ADCC_Initialize		CODE           	4DD6	0000	80

mcc_generated_files/adcc.c estimated size: 80

main.c
		_main          		CODE           	3C8C	0000	398

main.c estimated size: 398

C:\Program Files\Microchip\xc8\v2.32\pic\sources\c99\common\strlen.c
		_strlen        		CODE           	4FE0	0000	54

C:\Program Files\Microchip\xc8\v2.32\pic\sources\c99\common\strlen.c estimated size: 54

C:\Program Files\Microchip\xc8\v2.32\pic\sources\c99\common\flge.c
		___flge        		CODE           	3F20	0000	262

C:\Program Files\Microchip\xc8\v2.32\pic\sources\c99\common\flge.c estimated size: 262

C:\Program Files\Microchip\xc8\v2.32\pic\sources\c99\common\floorf.c
		_floorf        		CODE           	3724	0000	534

C:\Program Files\Microchip\xc8\v2.32\pic\sources\c99\common\floorf.c estimated size: 534

C:\Program Files\Microchip\xc8\v2.32\pic\sources\c99\common\strcpy.c
		_strcpy        		CODE           	4C7C	0000	94

C:\Program Files\Microchip\xc8\v2.32\pic\sources\c99\common\strcpy.c estimated size: 94

