Microchip MPLAB XC8 Compiler V2.32

Linker command line:

-W-3 --edf=C:\Program Files\Microchip\xc8\v2.32\pic\dat\en_msgs.txt -cn \
  -h+dist/default/debug\AutoHood_Final.X.debug.sym \
  --cmf=dist/default/debug\AutoHood_Final.X.debug.cmf -z -Q18LF26K40 \
  -oC:\Users\tyler\AppData\Local\Temp\xcAsbao.4 --defsym=__MPLAB_BUILD=1 \
  -Mdist/default/debug/AutoHood_Final.X.debug.map -E1 -ver=XC8 Compiler \
  --acfsm=1493 -ASTACK=01B8h-0E87h -pstack=STACK -ACODE=00h-0FFFFh \
  -ACONST=00h-0FFFFh -ASMALLCONST=0F00h-0FFFhx241 \
  -AMEDIUMCONST=0F00h-0FFFFh -ACOMRAM=01h-05Fh -AABS1=00h-0E87h \
  -ABIGRAM=01h-0E87h -ARAM=060h-0FFh,0100h-01FFhx13,0E00h-0E87h \
  -ABANK0=060h-0FFh -ABANK1=0100h-01FFh -ABANK2=0200h-02FFh \
  -ABANK3=0300h-03FFh -ABANK4=0400h-04FFh -ABANK5=0500h-05FFh \
  -ABANK6=0600h-06FFh -ABANK7=0700h-07FFh -ABANK8=0800h-08FFh \
  -ABANK9=0900h-09FFh -ABANK10=0A00h-0AFFh -ABANK11=0B00h-0BFFh \
  -ABANK12=0C00h-0CFFh -ABANK13=0D00h-0DFFh -ABANK14=0E00h-0E87h \
  -ASFR=0E8Dh-0EFFh,0F00h-0F5Fh,0F60h-0FFFh -ACONFIG=0300000h-030000Bh \
  -AIDLOC=0200000h-020000Fh -AEEDATA=0310000h-03103FFh -peeprom_data=EEDATA \
  -preset_vec=00h,intcode=08h,intcodelo,powerup,init -pramtop=0F00h \
  -psmallconst=SMALLCONST -pmediumconst=MEDIUMCONST -pconst=CONST \
  -AFARRAM=00h-00h \
  -prdata=COMRAM,nvrram=COMRAM,nvbit=COMRAM,rbss=COMRAM,rbit=COMRAM \
  -pfarbss=FARRAM,fardata=FARRAM,nvFARRAM=FARRAM \
  -pintsave_regs=BIGRAM,bigbss=BIGRAM,bigdata=BIGRAM -pbss=RAM \
  -pidata=CODE,irdata=CODE,ibigdata=CODE,ifardata=CODE -prparam=COMRAM \
  C:\Users\tyler\AppData\Local\Temp\xcAsbao.o \
  dist/default/debug\AutoHood_Final.X.debug.o 

Object code version is 3.11

Machine type is 18LF26K40



                Name                               Link     Load   Length Selector   Space Scale
C:\Users\tyler\AppData\Local\Temp\xcAsbao.o
                idloc                            200000   200000       10        0       5
                config                           300000   300000        C        0       4
                init                                13A      13A        4        4       0
                reset_vec                             0        0        4        0       0
dist/default/debug\AutoHood_Final.X.debug.o
                intcode                               8        8      132        4       0
                idloc                            200000   200000       10        0       5
                config                           300000   300000        C        0       4
                temp                                 44       44        1        1       1
                smallconst                          F00      F00       4A      780       0
                text103                            52CA     52CA       52      7A5       0
                text102                            56D8     56D8       2A      7A5       0
                text101                            5930     5930        6      7A5       0
                text100                            595A     595A        2     2CAD       0
                text99                             592A     592A        6      7A5       0
                text98                             57F4     57F4       16      7A5       0
                text97                             2F60     2F60      42A      7A5       0
                text96                             2674     2674      4C0      7A5       0
                text95                             53FC     53FC       46      7A5       0
                text94                             3DDC     3DDC      1B4      7A5       0
                text93                             3F90     3F90      1A8      7A5       0
                text92                             49E8     49E8       BC      7A5       0
                text91                             5442     5442       42      7A5       0
                text90                             5952     5952        4      7A5       0
                text89                             594E     594E        4      7A5       0
                text88                             5750     5750       24      7A5       0
                text87                             4EC6     4EC6       7A      7A5       0
                text86                             57C6     57C6       18      7A5       0
                text85                             56AC     56AC       2C      7A5       0
                text84                             5680     5680       2C      7A5       0
                text83                             5654     5654       2C      7A5       0
                text82                             5628     5628       2C      7A5       0
                text81                             5484     5484       40      7A5       0
                text80                             594A     594A        4      7A5       0
                text79                             5946     5946        4      7A5       0
                text78                             55FC     55FC       2C      7A5       0
                text77                             55D0     55D0       2C      7A5       0
                text76                             5942     5942        4      7A5       0
                text75                             5924     5924        6      7A5       0
                text74                             593E     593E        4      7A5       0
                text73                             591E     591E        6      7A5       0
                text72                             58FE     58FE        8      7A5       0
                text71                             5832     5832       14      7A5       0
                text70                             5918     5918        6      7A5       0
                text69                             4E4A     4E4A       7C      7A5       0
                text68                             587E     587E        C      7A5       0
                text67                             5856     5856       10      7A5       0
                text66                             5846     5846       10      7A5       0
                text65                             4924     4924       C4      7A5       0
                text64                             4BFE     4BFE       A6      7A5       0
                text63                             5872     5872        C      7A5       0
                text62                             58F6     58F6        8      7A5       0
                text61                             58EE     58EE        8      7A5       0
                text60                             58E6     58E6        8      7A5       0
                text59                             58DE     58DE        8      7A5       0
                text58                             58D6     58D6        8      7A5       0
                text57                             58CE     58CE        8      7A5       0
                text56                             58C6     58C6        8      7A5       0
                text55                             5866     5866        C      7A5       0
                text54                             5096     5096       66      7A5       0
                text53                             5912     5912        6      7A5       0
                text52                             4FB8     4FB8       70      7A5       0
                text51                             590C     590C        6      7A5       0
                text49                             55A2     55A2       2E      7A5       0
                text48                             21B2     21B2      4C2      7A5       0
                text47                             2B34     2B34      42C      7A5       0
                text46                             3C24     3C24      1B8      7A5       0
                text45                             46BE     46BE       DA      7A5       0
                text44                             531C     531C       50      7A5       0
                text43                             58BC     58BC        A      7A5       0
                text42                             58B2     58B2        A      7A5       0
                text41                             58A8     58A8        A      7A5       0
                text40                             589E     589E        A      7A5       0
                text39                             5894     5894        A      7A5       0
                text38                             4F40     4F40       78      7A5       0
                text37                             581E     581E       14      7A5       0
                text36                             593A     593A        4      7A5       0
                text35                             57AE     57AE       18      7A5       0
                text34                             5028     5028       6E      7A5       0
                text33                             5792     5792       1C      7A5       0
                text32                             5774     5774       1E      7A5       0
                text31                             580A     580A       14      7A5       0
                text30                             57DE     57DE       16      7A5       0
                text29                             572A     572A       26      7A5       0
                text28                             5534     5534       38      7A5       0
                text27                             5278     5278       52      7A5       0
                text26                             4138     4138      19E      7A5       0
                text25                             4860     4860       C4      7A5       0
                text24                             4AA4     4AA4       B0      7A5       0
                text23                             338A     338A      39C      7A5       0
                text22                             4B54     4B54       AA      7A5       0
                text21                             43DC     43DC      106      7A5       0
                text20                             54FC     54FC       38      7A5       0
                text19                             53B4     53B4       48      7A5       0
                text18                             42D6     42D6      106      7A5       0
                text17                             44E2     44E2      100      7A5       0
                text16                             3A0E     3A0E      216      7A5       0
                text15                             5220     5220       58      7A5       0
                text14                             588A     588A        A      7A5       0
                text13                             4CA4     4CA4       96      7A5       0
                text12                             536C     536C       48      7A5       0
                text11                             556C     556C       36      7A5       0
                text10                             4798     4798       C8      7A5       0
                text9                              51C2     51C2       5E      7A5       0
                text8                              54C4     54C4       38      7A5       0
                text7                              5160     5160       62      7A5       0
                text6                               F4A      F4A      CAC      7A5       0
                text5                              45E2     45E2       DC      7A5       0
                text4                              1BF6     1BF6      5BC      7A5       0
                text3                              50FC     50FC       64      7A5       0
                text2                              5702     5702       28      7A5       0
                text1                              4DC6     4DC6       84      7A5       0
                text0                              3726     3726      2E8      7A5       0
                cstackCOMRAM                          1        1       28        1       1
                cstackBANK0                          60       60       7A       60       1
                cstackBANK1                         190      190       1A      100       1
                dataBANK1                           1B4      1B4        4      100       1
                bssBANK1                            100      100       90      100       1
                dataBANK0                            FA       FA        6       60       1
                bssBANK0                             DA       DA       20       60       1
                dataCOMRAM                           40       40        3        1       1
                bssCOMRAM                            29       29       17        1       1
                cinit                              4D3A     4D3A       8C      7A5       0
                nvBANK1                             1AA      1AA        A      100       1
                nvCOMRAM                             43       43        1        1       1
                idataBANK1                         5936     5936        4      7A5       0
                idataBANK0                         5906     5906        6      7A5       0
                idataCOMRAM                        5956     5956        3      7A5       0

TOTAL           Name                               Link     Load   Length     Space
        CLASS   STACK          

        CLASS   CODE           
                intcode                               8        8      132         0
                init                                13A      13A        4         0
                reset_vec                             0        0        4         0
                text103                            52CA     52CA       52         0
                text102                            56D8     56D8       2A         0
                text101                            5930     5930        6         0
                text100                            595A     595A        2         0
                text99                             592A     592A        6         0
                text98                             57F4     57F4       16         0
                text97                             2F60     2F60      42A         0
                text96                             2674     2674      4C0         0
                text95                             53FC     53FC       46         0
                text94                             3DDC     3DDC      1B4         0
                text93                             3F90     3F90      1A8         0
                text92                             49E8     49E8       BC         0
                text91                             5442     5442       42         0
                text90                             5952     5952        4         0
                text89                             594E     594E        4         0
                text88                             5750     5750       24         0
                text87                             4EC6     4EC6       7A         0
                text86                             57C6     57C6       18         0
                text85                             56AC     56AC       2C         0
                text84                             5680     5680       2C         0
                text83                             5654     5654       2C         0
                text82                             5628     5628       2C         0
                text81                             5484     5484       40         0
                text80                             594A     594A        4         0
                text79                             5946     5946        4         0
                text78                             55FC     55FC       2C         0
                text77                             55D0     55D0       2C         0
                text76                             5942     5942        4         0
                text75                             5924     5924        6         0
                text74                             593E     593E        4         0
                text73                             591E     591E        6         0
                text72                             58FE     58FE        8         0
                text71                             5832     5832       14         0
                text70                             5918     5918        6         0
                text69                             4E4A     4E4A       7C         0
                text68                             587E     587E        C         0
                text67                             5856     5856       10         0
                text66                             5846     5846       10         0
                text65                             4924     4924       C4         0
                text64                             4BFE     4BFE       A6         0
                text63                             5872     5872        C         0
                text62                             58F6     58F6        8         0
                text61                             58EE     58EE        8         0
                text60                             58E6     58E6        8         0
                text59                             58DE     58DE        8         0
                text58                             58D6     58D6        8         0
                text57                             58CE     58CE        8         0
                text56                             58C6     58C6        8         0
                text55                             5866     5866        C         0
                text54                             5096     5096       66         0
                text53                             5912     5912        6         0
                text52                             4FB8     4FB8       70         0
                text51                             590C     590C        6         0
                text49                             55A2     55A2       2E         0
                text48                             21B2     21B2      4C2         0
                text47                             2B34     2B34      42C         0
                text46                             3C24     3C24      1B8         0
                text45                             46BE     46BE       DA         0
                text44                             531C     531C       50         0
                text43                             58BC     58BC        A         0
                text42                             58B2     58B2        A         0
                text41                             58A8     58A8        A         0
                text40                             589E     589E        A         0
                text39                             5894     5894        A         0
                text38                             4F40     4F40       78         0
                text37                             581E     581E       14         0
                text36                             593A     593A        4         0
                text35                             57AE     57AE       18         0
                text34                             5028     5028       6E         0
                text33                             5792     5792       1C         0
                text32                             5774     5774       1E         0
                text31                             580A     580A       14         0
                text30                             57DE     57DE       16         0
                text29                             572A     572A       26         0
                text28                             5534     5534       38         0
                text27                             5278     5278       52         0
                text26                             4138     4138      19E         0
                text25                             4860     4860       C4         0
                text24                             4AA4     4AA4       B0         0
                text23                             338A     338A      39C         0
                text22                             4B54     4B54       AA         0
                text21                             43DC     43DC      106         0
                text20                             54FC     54FC       38         0
                text19                             53B4     53B4       48         0
                text18                             42D6     42D6      106         0
                text17                             44E2     44E2      100         0
                text16                             3A0E     3A0E      216         0
                text15                             5220     5220       58         0
                text14                             588A     588A        A         0
                text13                             4CA4     4CA4       96         0
                text12                             536C     536C       48         0
                text11                             556C     556C       36         0
                text10                             4798     4798       C8         0
                text9                              51C2     51C2       5E         0
                text8                              54C4     54C4       38         0
                text7                              5160     5160       62         0
                text6                               F4A      F4A      CAC         0
                text5                              45E2     45E2       DC         0
                text4                              1BF6     1BF6      5BC         0
                text3                              50FC     50FC       64         0
                text2                              5702     5702       28         0
                text1                              4DC6     4DC6       84         0
                text0                              3726     3726      2E8         0
                cinit                              4D3A     4D3A       8C         0
                idataBANK1                         5936     5936        4         0
                idataBANK0                         5906     5906        6         0
                idataCOMRAM                        5956     5956        3         0

        CLASS   CONST          

        CLASS   SMALLCONST     
                smallconst                          F00      F00       4A         0

        CLASS   MEDIUMCONST    

        CLASS   COMRAM         
                temp                                 44       44        1         1
                cstackCOMRAM                          1        1       28         1
                dataCOMRAM                           40       40        3         1
                bssCOMRAM                            29       29       17         1
                nvCOMRAM                             43       43        1         1

        CLASS   ABS1           

        CLASS   BIGRAM         

        CLASS   RAM            

        CLASS   BANK0          
                cstackBANK0                          60       60       7A         1
                dataBANK0                            FA       FA        6         1
                bssBANK0                             DA       DA       20         1

        CLASS   BANK1          
                cstackBANK1                         190      190       1A         1
                dataBANK1                           1B4      1B4        4         1
                bssBANK1                            100      100       90         1
                nvBANK1                             1AA      1AA        A         1

        CLASS   BANK2          

        CLASS   BANK3          

        CLASS   BANK4          

        CLASS   BANK5          

        CLASS   BANK6          

        CLASS   BANK7          

        CLASS   BANK8          

        CLASS   BANK9          

        CLASS   BANK10         

        CLASS   BANK11         

        CLASS   BANK12         

        CLASS   BANK13         

        CLASS   BANK14         

        CLASS   SFR            

        CLASS   CONFIG         
                config                           300000   300000        C         4

        CLASS   IDLOC          
                idloc                            200000   200000       10         5

        CLASS   EEDATA         

        CLASS   FARRAM         



SEGMENTS        Name                           Load    Length   Top    Selector   Space  Class

                reset_vec                      000000  000004  000004         0       0  CODE    
                cstackCOMRAM                   000001  000044  000045         1       1  COMRAM  
                intcode                        000008  000136  00013E         4       0  CODE    
                cstackBANK0                    000060  0000A0  000100        60       1  BANK0   
                bssBANK1                       000100  0000B8  0001B8       100       1  BANK1   
                smallconst                     000F00  00004A  000F4A       780       0  SMALLCON
                text6                          000F4A  004A0F  005959       7A5       0  CODE    
                text100                        00595A  000002  00595C      2CAD       0  CODE    


UNUSED ADDRESS RANGES

        Name                Unused          Largest block    Delta
        BANK1            0001B8-0001FF               48
        BANK10           000A00-000AFF              100
        BANK11           000B00-000BFF              100
        BANK12           000C00-000CFF              100
        BANK13           000D00-000DFF              100
        BANK14           000E00-000E87               88
        BANK2            000200-0002FF              100
        BANK3            000300-0003FF              100
        BANK4            000400-0004FF              100
        BANK5            000500-0005FF              100
        BANK6            000600-0006FF              100
        BANK7            000700-0007FF              100
        BANK8            000800-0008FF              100
        BANK9            000900-0009FF              100
        BIGRAM           000045-00005F               1B
                         0001B8-000E87              CD0
        CODE             000004-000007                4
                         00013E-000EFF              DC2
                         005959-005959                1
                         00595C-00FFFF             A6A4
        COMRAM           000045-00005F               1B
        CONST            000004-000007                4
                         00013E-000EFF              DC2
                         005959-005959                1
                         00595C-00FFFF             A6A4
        EEDATA           310000-3103FF              400
        MEDIUMCONST      005959-005959                1
                         00595C-00FFFF             A6A4
        RAM              0001B8-000E87              100
        SFR              000E8D-000FFF               73
        SMALLCONST       005959-005959                1
                         00595C-00FFFF              100
        STACK            0001B8-000E87              CD0

                                  Symbol Table

?_ADCC_GetSingleConversion                         cstackCOMRAM 00001C
?___awdiv                                          cstackCOMRAM 00001C
?___awmod                                          cstackCOMRAM 00001C
?___fladd                                          cstackCOMRAM 00001C
?___fldiv                                          cstackCOMRAM 00001C
?___flmul                                          cstackCOMRAM 00001C
?___flneg                                          cstackCOMRAM 00001C
?___flsub                                          cstackBANK0  00006D
?___fltol                                          cstackCOMRAM 00001C
?___fpclassifyf                                    cstackCOMRAM 00001C
?___wmul                                           cstackCOMRAM 00001C
?___xxtofl                                         cstackCOMRAM 00001C
?_atoi                                             cstackCOMRAM 000023
?_efgtoa                                           cstackBANK0  000081
?_floorf                                           cstackBANK0  00006D
?_isdigit                                          cstackCOMRAM 00001C
?_isspace                                          cstackCOMRAM 00001C
?_isupper                                          cstackCOMRAM 00001C
?_pad                                              cstackBANK0  000067
?_printf                                           cstackBANK1  00019E
?_strlen                                           cstackCOMRAM 00001C
?_strncmp                                          cstackCOMRAM 00001C
?_tolower                                          cstackCOMRAM 000022
?_vfpfcnvrt                                        cstackBANK0  0000C5
?_vfprintf                                         cstackBANK0  0000CF
?i2___fladd                                        cstackCOMRAM 000001
?i2___flmul                                        cstackCOMRAM 000001
?i2___flsub                                        cstackCOMRAM 000011
?i2___xxtofl                                       cstackCOMRAM 000001
ADCC_GetSingleConversion@channel                   cstackCOMRAM 000020
ADCGetVal@convertedValue                           cstackBANK0  00006F
EUSART1_Read@readValue                             cstackCOMRAM 000001
EUSART1_SetErrorHandler@interruptHandler           cstackCOMRAM 00001C
EUSART1_SetFramingErrorHandler@interruptHandler    cstackCOMRAM 00001C
EUSART1_SetOverrunErrorHandler@interruptHandler    cstackCOMRAM 00001C
EUSART1_SetRxInterruptHandler@interruptHandler     cstackCOMRAM 00001C
EUSART1_SetTxInterruptHandler@interruptHandler     cstackCOMRAM 00001C
EUSART1_Write@txData                               cstackCOMRAM 00001C
I2C1_MasterSendTxData@data                         cstackCOMRAM 000001
I2C1_SetBuffer@buffer                              cstackCOMRAM 000001
I2C1_SetBuffer@bufferSize                          cstackCOMRAM 000003
I2C1_SetCallback@cb                                cstackCOMRAM 000001
I2C1_SetCallback@idx                               cstackCOMRAM 000005
I2C1_SetCallback@ptr                               cstackCOMRAM 000003
I2C1_SetDataCompleteCallback@cb                    cstackCOMRAM 000006
I2C1_SetDataCompleteCallback@ptr                   cstackCOMRAM 000008
_ADACCH                                            (abs)        000F71
_ADACCL                                            (abs)        000F70
_ADACQ                                             (abs)        000F5C
_ADACT                                             (abs)        000F56
_ADCAP                                             (abs)        000F5D
_ADCC_GetSingleConversion                          text49       0055A2
_ADCC_Initialize                                   text44       00531C
_ADCGetVal                                         text45       0046BE
_ADCLK                                             (abs)        000F57
_ADCNT                                             (abs)        000F67
_ADCON0                                            (abs)        000F60
_ADCON0bits                                        (abs)        000F60
_ADCON1                                            (abs)        000F59
_ADCON1bits                                        (abs)        000F59
_ADCON2                                            (abs)        000F5A
_ADCON2bits                                        (abs)        000F5A
_ADCON3                                            (abs)        000F5B
_ADCON3bits                                        (abs)        000F5B
_ADCOut                                            bssCOMRAM    000031
_ADERRH                                            (abs)        000F6F
_ADERRL                                            (abs)        000F6E
_ADFLTRH                                           (abs)        000F73
_ADFLTRL                                           (abs)        000F72
_ADLTHH                                            (abs)        000F6B
_ADLTHL                                            (abs)        000F6A
_ADPCH                                             (abs)        000F5F
_ADPRE                                             (abs)        000F5E
_ADPREVH                                           (abs)        000F62
_ADPREVL                                           (abs)        000F61
_ADREF                                             (abs)        000F58
_ADRESH                                            (abs)        000F64
_ADRESL                                            (abs)        000F63
_ADRPT                                             (abs)        000F66
_ADSTAT                                            (abs)        000F65
_ADSTATbits                                        (abs)        000F65
_ADSTPTH                                           (abs)        000F69
_ADSTPTL                                           (abs)        000F68
_ADUTHH                                            (abs)        000F6D
_ADUTHL                                            (abs)        000F6C
_ANSELA                                            (abs)        000F11
_ANSELB                                            (abs)        000F19
_ANSELC                                            (abs)        000F21
_BAUD1CON                                          (abs)        000F9F
_EUSART1ISR                                        text93       003F90
_EUSART1_DefaultErrorHandler                       text101      005930
_EUSART1_DefaultFramingErrorHandler                text100      00595A
_EUSART1_DefaultOverrunErrorHandler                text99       00592A
_EUSART1_ErrorHandler                              nvBANK1      0001AA
_EUSART1_FramingErrorHandler                       nvBANK1      0001AE
_EUSART1_Initialize                                text38       004F40
_EUSART1_OverrunErrorHandler                       nvBANK1      0001AC
_EUSART1_Read                                      text103      0052CA
_EUSART1_Receive_ISR                               text92       0049E8
_EUSART1_RxDataHandler                             text102      0056D8
_EUSART1_RxDefaultInterruptHandler                 nvBANK1      0001B0
_EUSART1_SetErrorHandler                           text43       0058BC
_EUSART1_SetFramingErrorHandler                    text42       0058B2
_EUSART1_SetOverrunErrorHandler                    text41       0058A8
_EUSART1_SetRxInterruptHandler                     text40       00589E
_EUSART1_SetTxInterruptHandler                     text39       005894
_EUSART1_Transmit_ISR                              text91       005442
_EUSART1_TxDefaultInterruptHandler                 nvBANK1      0001B2
_EUSART1_Write                                     text15       005220
_EUSART1_is_rx_ready                               text98       0057F4
_EUSART1_is_tx_done                                text31       00580A
_EUSART1_is_tx_ready                               text30       0057DE
_HUdata                                            bssBANK0     0000F6
_I2C1_CallbackReturnReset                          text79       005946
_I2C1_CallbackReturnStop                           text80       00594A
_I2C1_DO_ADDRESS_NACK                              text54       005096
_I2C1_DO_IDLE                                      text68       00587E
_I2C1_DO_RCEN                                      text63       005872
_I2C1_DO_RESET                                     text55       005866
_I2C1_DO_RX                                        text64       004BFE
_I2C1_DO_RX_ACK                                    text58       0058D6
_I2C1_DO_RX_NACK_RESTART                           text56       0058C6
_I2C1_DO_RX_NACK_STOP                              text57       0058CE
_I2C1_DO_SEND_ADR_READ                             text67       005856
_I2C1_DO_SEND_ADR_WRITE                            text66       005846
_I2C1_DO_SEND_RESTART                              text60       0058E6
_I2C1_DO_SEND_RESTART_READ                         text62       0058F6
_I2C1_DO_SEND_RESTART_WRITE                        text61       0058EE
_I2C1_DO_SEND_STOP                                 text59       0058DE
_I2C1_DO_TX                                        text65       004924
_I2C1_DO_TX_EMPTY                                  text69       004E4A
_I2C1_Initialize                                   text37       00581E
_I2C1_MasterClearIrq                               text53       005912
_I2C1_MasterEnableRestart                          text90       005952
_I2C1_MasterFsm                                    text52       004FB8
_I2C1_MasterGetRxData                              text74       00593E
_I2C1_MasterIsNack                                 text71       005832
_I2C1_MasterIsr                                    text51       00590C
_I2C1_MasterSendAck                                text73       00591E
_I2C1_MasterSendNack                               text75       005924
_I2C1_MasterSendTxData                             text72       0058FE
_I2C1_MasterSetIrq                                 text70       005918
_I2C1_MasterStartRx                                text76       005942
_I2C1_MasterStop                                   text89       00594E
_I2C1_SetBuffer                                    text88       005750
_I2C1_SetCallback                                  text87       004EC6
_I2C1_SetDataCompleteCallback                      text86       0057C6
_I2C1_Status                                       bssBANK1     000100
_INLVLA                                            (abs)        000F0D
_INLVLB                                            (abs)        000F15
_INLVLC                                            (abs)        000F1D
_INLVLE                                            (abs)        000F2A
_INTCONbits                                        (abs)        000FF2
_INTERRUPT_Initialize                              text36       00593A
_INTERRUPT_InterruptManager                        intcode      000008
_LATA                                              (abs)        000F83
_LATAbits                                          (abs)        000F83
_LATB                                              (abs)        000F84
_LATBbits                                          (abs)        000F84
_LATC                                              (abs)        000F85
_MSSP1_InterruptHandler                            bssCOMRAM    000037
_ODCONA                                            (abs)        000F0F
_ODCONB                                            (abs)        000F17
_ODCONC                                            (abs)        000F1F
_OSCCON1                                           (abs)        000ED8
_OSCCON3                                           (abs)        000EDA
_OSCEN                                             (abs)        000EDC
_OSCFRQ                                            (abs)        000EDE
_OSCILLATOR_Initialize                             text35       0057AE
_OSCTUNE                                           (abs)        000EDD
_PIE3bits                                          (abs)        000EC5
_PIN_MANAGER_Initialize                            text34       005028
_PIR3bits                                          (abs)        000ECD
_PMD0                                              (abs)        000EE1
_PMD1                                              (abs)        000EE2
_PMD2                                              (abs)        000EE3
_PMD3                                              (abs)        000EE4
_PMD4                                              (abs)        000EE5
_PMD5                                              (abs)        000EE6
_PMD_Initialize                                    text33       005792
_RC1REG                                            (abs)        000F99
_RC1STA                                            (abs)        000F9D
_RC1STAbits                                        (abs)        000F9D
_RC2PPS                                            (abs)        000EF9
_RC3PPS                                            (abs)        000EFA
_RC7PPS                                            (abs)        000EFE
_RESOLUTION                                        dataBANK0    0000FA
_RESOLUTION_ADJUSTED                               dataBANK1    0001B4
_RX1PPS                                            (abs)        000EB5
_SLRCONA                                           (abs)        000F0E
_SLRCONB                                           (abs)        000F16
_SLRCONC                                           (abs)        000F1E
_SP1BRGH                                           (abs)        000F9C
_SP1BRGL                                           (abs)        000F9B
_SSP1ADD                                           (abs)        000F93
_SSP1BUF                                           (abs)        000F92
_SSP1CLKPPS                                        (abs)        000EB7
_SSP1CON1                                          (abs)        000F96
_SSP1CON1bits                                      (abs)        000F96
_SSP1CON2                                          (abs)        000F97
_SSP1CON2bits                                      (abs)        000F97
_SSP1DATPPS                                        (abs)        000EB8
_SSP1STAT                                          (abs)        000F95
_SSP1STATbits                                      (abs)        000F95
_SYSTEM_Initialize                                 text32       005774
_TRISA                                             (abs)        000F88
_TRISB                                             (abs)        000F89
_TRISC                                             (abs)        000F8A
_TX1REG                                            (abs)        000F9A
_TX1STA                                            (abs)        000F9E
_TX1STAbits                                        (abs)        000F9E
_WPUA                                              (abs)        000F10
_WPUB                                              (abs)        000F18
_WPUC                                              (abs)        000F20
_WPUE                                              (abs)        000F2D
__HRAM                                             (abs)        000000
__Habs1                                            abs1         000000
__Hbank0                                           bank0        000000
__Hbank1                                           bank1        000000
__Hbank10                                          bank10       000000
__Hbank11                                          bank11       000000
__Hbank12                                          bank12       000000
__Hbank13                                          bank13       000000
__Hbank14                                          bank14       000000
__Hbank2                                           bank2        000000
__Hbank3                                           bank3        000000
__Hbank4                                           bank4        000000
__Hbank5                                           bank5        000000
__Hbank6                                           bank6        000000
__Hbank7                                           bank7        000000
__Hbank8                                           bank8        000000
__Hbank9                                           bank9        000000
__Hbigbss                                          bigbss       000000
__Hbigdata                                         bigdata      000000
__Hbigram                                          bigram       000000
__Hbss                                             bss          000000
__HbssBANK0                                        bssBANK0     000000
__HbssBANK1                                        bssBANK1     000000
__HbssCOMRAM                                       bssCOMRAM    000000
__Hcinit                                           cinit        000000
__Hclrtext                                         clrtext      000000
__Hcomram                                          comram       000000
__Hconfig                                          config       30000C
__Hconst                                           const        000000
__HcstackBANK0                                     cstackBANK0  000000
__HcstackBANK1                                     cstackBANK1  000000
__HcstackCOMRAM                                    cstackCOMRAM 000000
__Hdata                                            data         000000
__HdataBANK0                                       dataBANK0    000000
__HdataBANK1                                       dataBANK1    000000
__HdataCOMRAM                                      dataCOMRAM   000000
__Heeprom_data                                     eeprom_data  000000
__Hfarbss                                          farbss       000000
__Hfardata                                         fardata      000000
__Hibigdata                                        ibigdata     000000
__Hidata                                           idata        000000
__HidataBANK0                                      idataBANK0   000000
__HidataBANK1                                      idataBANK1   000000
__HidataCOMRAM                                     idataCOMRAM  000000
__Hidloc                                           idloc        200010
__Hifardata                                        ifardata     000000
__Hinit                                            init         00013E
__Hintcode                                         intcode      00013A
__Hintcode_body                                    intcode_body 000000
__Hintcodelo                                       intcodelo    00013A
__Hintentry                                        intentry     000000
__Hintret                                          intret       000000
__Hintsave_regs                                    intsave_regs 000000
__Hirdata                                          irdata       000000
__Hmediumconst                                     mediumconst  000000
__HnvBANK1                                         nvBANK1      000000
__HnvCOMRAM                                        nvCOMRAM     000000
__HnvFARRAM                                        nvFARRAM     000000
__Hnvbit                                           nvbit        000000
__Hnvrram                                          nvrram       000000
__Hparam                                           rparam       000000
__Hpowerup                                         powerup      00013A
__Hram                                             ram          000000
__Hramtop                                          ramtop       000F00
__Hrbit                                            rbit         000000
__Hrbss                                            rbss         000000
__Hrdata                                           rdata        000000
__Hreset_vec                                       reset_vec    000004
__Hrparam                                          rparam       000000
__Hsfr                                             sfr          000000
__Hsmallconst                                      smallconst   000F4A
__Hspace_0                                         (abs)        00595C
__Hspace_1                                         (abs)        0001B8
__Hspace_2                                         (abs)        000000
__Hspace_4                                         (abs)        60000C
__Hstack                                           stack        000000
__Hstruct                                          struct       000000
__Htemp                                            temp         000045
__Htext                                            text         000000
__Htext0                                           text0        000000
__Htext1                                           text1        000000
__Htext10                                          text10       000000
__Htext100                                         text100      000000
__Htext101                                         text101      000000
__Htext102                                         text102      000000
__Htext103                                         text103      000000
__Htext104                                         text104      000000
__Htext11                                          text11       000000
__Htext12                                          text12       000000
__Htext13                                          text13       000000
__Htext14                                          text14       000000
__Htext15                                          text15       000000
__Htext16                                          text16       000000
__Htext17                                          text17       000000
__Htext18                                          text18       000000
__Htext19                                          text19       000000
__Htext2                                           text2        000000
__Htext20                                          text20       000000
__Htext21                                          text21       000000
__Htext22                                          text22       000000
__Htext23                                          text23       000000
__Htext24                                          text24       000000
__Htext25                                          text25       000000
__Htext26                                          text26       000000
__Htext27                                          text27       000000
__Htext28                                          text28       000000
__Htext29                                          text29       000000
__Htext3                                           text3        000000
__Htext30                                          text30       000000
__Htext31                                          text31       000000
__Htext32                                          text32       000000
__Htext33                                          text33       000000
__Htext34                                          text34       000000
__Htext35                                          text35       000000
__Htext36                                          text36       000000
__Htext37                                          text37       000000
__Htext38                                          text38       000000
__Htext39                                          text39       000000
__Htext4                                           text4        000000
__Htext40                                          text40       000000
__Htext41                                          text41       000000
__Htext42                                          text42       000000
__Htext43                                          text43       000000
__Htext44                                          text44       000000
__Htext45                                          text45       000000
__Htext46                                          text46       000000
__Htext47                                          text47       000000
__Htext48                                          text48       000000
__Htext49                                          text49       000000
__Htext5                                           text5        000000
__Htext51                                          text51       000000
__Htext52                                          text52       000000
__Htext53                                          text53       000000
__Htext54                                          text54       000000
__Htext55                                          text55       000000
__Htext56                                          text56       000000
__Htext57                                          text57       000000
__Htext58                                          text58       000000
__Htext59                                          text59       000000
__Htext6                                           text6        000000
__Htext60                                          text60       000000
__Htext61                                          text61       000000
__Htext62                                          text62       000000
__Htext63                                          text63       000000
__Htext64                                          text64       000000
__Htext65                                          text65       000000
__Htext66                                          text66       000000
__Htext67                                          text67       000000
__Htext68                                          text68       000000
__Htext69                                          text69       000000
__Htext7                                           text7        000000
__Htext70                                          text70       000000
__Htext71                                          text71       000000
__Htext72                                          text72       000000
__Htext73                                          text73       000000
__Htext74                                          text74       000000
__Htext75                                          text75       000000
__Htext76                                          text76       000000
__Htext77                                          text77       000000
__Htext78                                          text78       000000
__Htext79                                          text79       000000
__Htext8                                           text8        000000
__Htext80                                          text80       000000
__Htext81                                          text81       000000
__Htext82                                          text82       000000
__Htext83                                          text83       000000
__Htext84                                          text84       000000
__Htext85                                          text85       000000
__Htext86                                          text86       000000
__Htext87                                          text87       000000
__Htext88                                          text88       000000
__Htext89                                          text89       000000
__Htext9                                           text9        000000
__Htext90                                          text90       000000
__Htext91                                          text91       000000
__Htext92                                          text92       000000
__Htext93                                          text93       000000
__Htext94                                          text94       000000
__Htext95                                          text95       000000
__Htext96                                          text96       000000
__Htext97                                          text97       000000
__Htext98                                          text98       000000
__Htext99                                          text99       000000
__LRAM                                             (abs)        000001
__Labs1                                            abs1         000000
__Lbank0                                           bank0        000000
__Lbank1                                           bank1        000000
__Lbank10                                          bank10       000000
__Lbank11                                          bank11       000000
__Lbank12                                          bank12       000000
__Lbank13                                          bank13       000000
__Lbank14                                          bank14       000000
__Lbank2                                           bank2        000000
__Lbank3                                           bank3        000000
__Lbank4                                           bank4        000000
__Lbank5                                           bank5        000000
__Lbank6                                           bank6        000000
__Lbank7                                           bank7        000000
__Lbank8                                           bank8        000000
__Lbank9                                           bank9        000000
__Lbigbss                                          bigbss       000000
__Lbigdata                                         bigdata      000000
__Lbigram                                          bigram       000000
__Lbss                                             bss          000000
__LbssBANK0                                        bssBANK0     000000
__LbssBANK1                                        bssBANK1     000000
__LbssCOMRAM                                       bssCOMRAM    000000
__Lcinit                                           cinit        000000
__Lclrtext                                         clrtext      000000
__Lcomram                                          comram       000000
__Lconfig                                          config       000000
__Lconst                                           const        000000
__LcstackBANK0                                     cstackBANK0  000000
__LcstackBANK1                                     cstackBANK1  000000
__LcstackCOMRAM                                    cstackCOMRAM 000000
__Ldata                                            data         000000
__LdataBANK0                                       dataBANK0    000000
__LdataBANK1                                       dataBANK1    000000
__LdataCOMRAM                                      dataCOMRAM   000000
__Leeprom_data                                     eeprom_data  000000
__Lfarbss                                          farbss       000000
__Lfardata                                         fardata      000000
__Libigdata                                        ibigdata     000000
__Lidata                                           idata        000000
__LidataBANK0                                      idataBANK0   000000
__LidataBANK1                                      idataBANK1   000000
__LidataCOMRAM                                     idataCOMRAM  000000
__Lidloc                                           idloc        000000
__Lifardata                                        ifardata     000000
__Linit                                            init         00013A
__Lintcode                                         intcode      000008
__Lintcode_body                                    intcode_body 000000
__Lintcodelo                                       intcodelo    00013A
__Lintentry                                        intentry     000000
__Lintret                                          intret       000000
__Lintsave_regs                                    intsave_regs 000000
__Lirdata                                          irdata       000000
__Lmediumconst                                     mediumconst  000000
__LnvBANK1                                         nvBANK1      000000
__LnvCOMRAM                                        nvCOMRAM     000000
__LnvFARRAM                                        nvFARRAM     000000
__Lnvbit                                           nvbit        000000
__Lnvrram                                          nvrram       000000
__Lparam                                           rparam       000000
__Lpowerup                                         powerup      00013A
__Lram                                             ram          000000
__Lramtop                                          ramtop       000F00
__Lrbit                                            rbit         000000
__Lrbss                                            rbss         000000
__Lrdata                                           rdata        000000
__Lreset_vec                                       reset_vec    000000
__Lrparam                                          rparam       000000
__Lsfr                                             sfr          000000
__Lsmallconst                                      smallconst   000F00
__Lspace_0                                         (abs)        000000
__Lspace_1                                         (abs)        000000
__Lspace_2                                         (abs)        000000
__Lspace_4                                         (abs)        000000
__Lstack                                           stack        000000
__Lstruct                                          struct       000000
__Ltemp                                            temp         000044
__Ltext                                            text         000000
__Ltext0                                           text0        000000
__Ltext1                                           text1        000000
__Ltext10                                          text10       000000
__Ltext100                                         text100      000000
__Ltext101                                         text101      000000
__Ltext102                                         text102      000000
__Ltext103                                         text103      000000
__Ltext104                                         text104      000000
__Ltext11                                          text11       000000
__Ltext12                                          text12       000000
__Ltext13                                          text13       000000
__Ltext14                                          text14       000000
__Ltext15                                          text15       000000
__Ltext16                                          text16       000000
__Ltext17                                          text17       000000
__Ltext18                                          text18       000000
__Ltext19                                          text19       000000
__Ltext2                                           text2        000000
__Ltext20                                          text20       000000
__Ltext21                                          text21       000000
__Ltext22                                          text22       000000
__Ltext23                                          text23       000000
__Ltext24                                          text24       000000
__Ltext25                                          text25       000000
__Ltext26                                          text26       000000
__Ltext27                                          text27       000000
__Ltext28                                          text28       000000
__Ltext29                                          text29       000000
__Ltext3                                           text3        000000
__Ltext30                                          text30       000000
__Ltext31                                          text31       000000
__Ltext32                                          text32       000000
__Ltext33                                          text33       000000
__Ltext34                                          text34       000000
__Ltext35                                          text35       000000
__Ltext36                                          text36       000000
__Ltext37                                          text37       000000
__Ltext38                                          text38       000000
__Ltext39                                          text39       000000
__Ltext4                                           text4        000000
__Ltext40                                          text40       000000
__Ltext41                                          text41       000000
__Ltext42                                          text42       000000
__Ltext43                                          text43       000000
__Ltext44                                          text44       000000
__Ltext45                                          text45       000000
__Ltext46                                          text46       000000
__Ltext47                                          text47       000000
__Ltext48                                          text48       000000
__Ltext49                                          text49       000000
__Ltext5                                           text5        000000
__Ltext51                                          text51       000000
__Ltext52                                          text52       000000
__Ltext53                                          text53       000000
__Ltext54                                          text54       000000
__Ltext55                                          text55       000000
__Ltext56                                          text56       000000
__Ltext57                                          text57       000000
__Ltext58                                          text58       000000
__Ltext59                                          text59       000000
__Ltext6                                           text6        000000
__Ltext60                                          text60       000000
__Ltext61                                          text61       000000
__Ltext62                                          text62       000000
__Ltext63                                          text63       000000
__Ltext64                                          text64       000000
__Ltext65                                          text65       000000
__Ltext66                                          text66       000000
__Ltext67                                          text67       000000
__Ltext68                                          text68       000000
__Ltext69                                          text69       000000
__Ltext7                                           text7        000000
__Ltext70                                          text70       000000
__Ltext71                                          text71       000000
__Ltext72                                          text72       000000
__Ltext73                                          text73       000000
__Ltext74                                          text74       000000
__Ltext75                                          text75       000000
__Ltext76                                          text76       000000
__Ltext77                                          text77       000000
__Ltext78                                          text78       000000
__Ltext79                                          text79       000000
__Ltext8                                           text8        000000
__Ltext80                                          text80       000000
__Ltext81                                          text81       000000
__Ltext82                                          text82       000000
__Ltext83                                          text83       000000
__Ltext84                                          text84       000000
__Ltext85                                          text85       000000
__Ltext86                                          text86       000000
__Ltext87                                          text87       000000
__Ltext88                                          text88       000000
__Ltext89                                          text89       000000
__Ltext9                                           text9        000000
__Ltext90                                          text90       000000
__Ltext91                                          text91       000000
__Ltext92                                          text92       000000
__Ltext93                                          text93       000000
__Ltext94                                          text94       000000
__Ltext95                                          text95       000000
__Ltext96                                          text96       000000
__Ltext97                                          text97       000000
__Ltext98                                          text98       000000
__Ltext99                                          text99       000000
__S0                                               (abs)        00595C
__S1                                               (abs)        0001B8
__S2                                               (abs)        000000
__S4                                               (abs)        000000
__S5                                               (abs)        000000
___awdiv                                           text25       004860
___awdiv@counter                                   cstackCOMRAM 000020
___awdiv@dividend                                  cstackCOMRAM 00001C
___awdiv@divisor                                   cstackCOMRAM 00001E
___awdiv@quotient                                  cstackCOMRAM 000022
___awdiv@sign                                      cstackCOMRAM 000021
___awmod                                           text24       004AA4
___awmod@counter                                   cstackCOMRAM 000020
___awmod@dividend                                  cstackCOMRAM 00001C
___awmod@divisor                                   cstackCOMRAM 00001E
___awmod@sign                                      cstackCOMRAM 000021
___fladd                                           text48       0021B2
___fladd@a                                         cstackCOMRAM 000020
___fladd@aexp                                      cstackBANK0  000061
___fladd@b                                         cstackCOMRAM 00001C
___fladd@bexp                                      cstackBANK0  000062
___fladd@grs                                       cstackBANK0  000063
___fladd@signs                                     cstackBANK0  000060
___fldiv                                           text23       00338A
___fldiv@a                                         cstackCOMRAM 000020
___fldiv@aexp                                      cstackBANK0  00006C
___fldiv@b                                         cstackCOMRAM 00001C
___fldiv@bexp                                      cstackBANK0  00006B
___fldiv@grs                                       cstackBANK0  000067
___fldiv@new_exp                                   cstackBANK0  000065
___fldiv@rem                                       cstackBANK0  000060
___fldiv@sign                                      cstackBANK0  000064
___fleq                                            text22       004B54
___fleq@ff1                                        cstackCOMRAM 00001C
___fleq@ff2                                        cstackCOMRAM 000020
___flge                                            text21       0043DC
___flge@ff1                                        cstackBANK0  00006D
___flge@ff2                                        cstackBANK0  000071
___flmul                                           text47       002B34
___flmul@a                                         cstackCOMRAM 000020
___flmul@aexp                                      cstackBANK0  000061
___flmul@b                                         cstackCOMRAM 00001C
___flmul@bexp                                      cstackBANK0  000066
___flmul@grs                                       cstackBANK0  000062
___flmul@prod                                      cstackBANK0  000067
___flmul@sign                                      cstackBANK0  000060
___flmul@temp                                      cstackBANK0  00006B
___flneg                                           text20       0054FC
___flneg@f1                                        cstackCOMRAM 00001C
___flsub                                           text19       0053B4
___flsub@a                                         cstackBANK0  000071
___flsub@b                                         cstackBANK0  00006D
___fltol                                           text18       0042D6
___fltol@exp1                                      cstackCOMRAM 000025
___fltol@f1                                        cstackCOMRAM 00001C
___fltol@sign1                                     cstackCOMRAM 000024
___fpclassifyf                                     text17       0044E2
___fpclassifyf@F465                                bssBANK0     0000DE
___fpclassifyf@e                                   cstackBANK0  000060
___fpclassifyf@u                                   cstackBANK0  000062
___fpclassifyf@x                                   cstackCOMRAM 00001C
___inthi_sp                                        stack        000000
___intlo_sp                                        stack        000000
___param_bank                                      (abs)        000000
___rparam_used                                     (abs)        000001
___sp                                              stack        000000
___wmul                                            text29       00572A
___wmul@multiplicand                               cstackCOMRAM 00001E
___wmul@multiplier                                 cstackCOMRAM 00001C
___wmul@product                                    cstackCOMRAM 000020
___xxtofl                                          text46       003C24
___xxtofl@arg                                      cstackBANK0  000062
___xxtofl@exp                                      cstackBANK0  000061
___xxtofl@sign                                     cstackBANK0  000060
___xxtofl@val                                      cstackCOMRAM 00001C
__accesstop                                        (abs)        000060
__activetblptr                                     (abs)        000003
__end_of_ADCC_GetSingleConversion                  text49       0055D0
__end_of_ADCC_Initialize                           text44       00536C
__end_of_ADCGetVal                                 text45       004798
__end_of_EUSART1ISR                                text93       004138
__end_of_EUSART1_DefaultErrorHandler               text101      005936
__end_of_EUSART1_DefaultFramingErrorHandler        text100      00595C
__end_of_EUSART1_DefaultOverrunErrorHandler        text99       005930
__end_of_EUSART1_Initialize                        text38       004FB8
__end_of_EUSART1_Read                              text103      00531C
__end_of_EUSART1_Receive_ISR                       text92       004AA4
__end_of_EUSART1_RxDataHandler                     text102      005702
__end_of_EUSART1_SetErrorHandler                   text43       0058C6
__end_of_EUSART1_SetFramingErrorHandler            text42       0058BC
__end_of_EUSART1_SetOverrunErrorHandler            text41       0058B2
__end_of_EUSART1_SetRxInterruptHandler             text40       0058A8
__end_of_EUSART1_SetTxInterruptHandler             text39       00589E
__end_of_EUSART1_Transmit_ISR                      text91       005484
__end_of_EUSART1_Write                             text15       005278
__end_of_EUSART1_is_rx_ready                       text98       00580A
__end_of_EUSART1_is_tx_done                        text31       00581E
__end_of_EUSART1_is_tx_ready                       text30       0057F4
__end_of_I2C1_CallbackReturnReset                  text79       00594A
__end_of_I2C1_CallbackReturnStop                   text80       00594E
__end_of_I2C1_DO_ADDRESS_NACK                      text54       0050FC
__end_of_I2C1_DO_IDLE                              text68       00588A
__end_of_I2C1_DO_RCEN                              text63       00587E
__end_of_I2C1_DO_RESET                             text55       005872
__end_of_I2C1_DO_RX                                text64       004CA4
__end_of_I2C1_DO_RX_ACK                            text58       0058DE
__end_of_I2C1_DO_RX_NACK_RESTART                   text56       0058CE
__end_of_I2C1_DO_RX_NACK_STOP                      text57       0058D6
__end_of_I2C1_DO_SEND_ADR_READ                     text67       005866
__end_of_I2C1_DO_SEND_ADR_WRITE                    text66       005856
__end_of_I2C1_DO_SEND_RESTART                      text60       0058EE
__end_of_I2C1_DO_SEND_RESTART_READ                 text62       0058FE
__end_of_I2C1_DO_SEND_RESTART_WRITE                text61       0058F6
__end_of_I2C1_DO_SEND_STOP                         text59       0058E6
__end_of_I2C1_DO_TX                                text65       0049E8
__end_of_I2C1_DO_TX_EMPTY                          text69       004EC6
__end_of_I2C1_Initialize                           text37       005832
__end_of_I2C1_MasterClearIrq                       text53       005918
__end_of_I2C1_MasterEnableRestart                  text90       005956
__end_of_I2C1_MasterFsm                            text52       005028
__end_of_I2C1_MasterGetRxData                      text74       005942
__end_of_I2C1_MasterIsNack                         text71       005846
__end_of_I2C1_MasterIsr                            text51       005912
__end_of_I2C1_MasterSendAck                        text73       005924
__end_of_I2C1_MasterSendNack                       text75       00592A
__end_of_I2C1_MasterSendTxData                     text72       005906
__end_of_I2C1_MasterSetIrq                         text70       00591E
__end_of_I2C1_MasterStartRx                        text76       005946
__end_of_I2C1_MasterStop                           text89       005952
__end_of_I2C1_SetBuffer                            text88       005774
__end_of_I2C1_SetCallback                          text87       004F40
__end_of_I2C1_SetDataCompleteCallback              text86       0057DE
__end_of_INTERRUPT_Initialize                      text36       00593E
__end_of_INTERRUPT_InterruptManager                intcode      00013A
__end_of_OSCILLATOR_Initialize                     text35       0057C6
__end_of_PIN_MANAGER_Initialize                    text34       005096
__end_of_PMD_Initialize                            text33       0057AE
__end_of_SYSTEM_Initialize                         text32       005792
__end_of___awdiv                                   text25       004924
__end_of___awmod                                   text24       004B54
__end_of___fladd                                   text48       002674
__end_of___fldiv                                   text23       003726
__end_of___fleq                                    text22       004BFE
__end_of___flge                                    text21       0044E2
__end_of___flmul                                   text47       002F60
__end_of___flneg                                   text20       005534
__end_of___flsub                                   text19       0053FC
__end_of___fltol                                   text18       0043DC
__end_of___fpclassifyf                             text17       0045E2
__end_of___wmul                                    text29       005750
__end_of___xxtofl                                  text46       003DDC
__end_of__initialization                           cinit        004DBC
__end_of_atoi                                      text26       0042D6
[...]
_strlen                                            text11       00556C
_strncmp                                           text5        0045E2
_tolower                                           text7        005160
_tolower$2749                                      cstackBANK0  000060
_txWindSpeed                                       text1        004DC6
_tx_f                                              bssBANK0     0000F8
_vfpfcnvrt                                         text4        001BF6
_vfpfcnvrt$2621                                    cstackBANK1  000190
_vfpfcnvrt$2622                                    cstackBANK1  000192
_vfpfcnvrt$2626                                    cstackBANK1  000194
_vfprintf                                          text3        0050FC
_voltage                                           bssBANK0     0000EA
_width                                             bssBANK0     0000F0
_wr1RegCompleteHandler                             text82       005628
_wr1RegCompleteHandler@temphumidity$F1999          text78       0055FC
_wr2RegCompleteHandler                             text85       0056AC
atoi@n                                             cstackBANK0  000067
atoi@neg                                           cstackBANK0  000060
atoi@s                                             cstackCOMRAM 000023
btemp                                              temp         000044
efgtoa@c                                           cstackBANK0  000087
efgtoa@d                                           cstackBANK0  0000A5
efgtoa@e                                           cstackBANK0  0000BD
efgtoa@f                                           cstackBANK0  000083
efgtoa@fp                                          cstackBANK0  000081
efgtoa@g                                           cstackBANK0  0000B9
efgtoa@h                                           cstackBANK0  0000AF
efgtoa@i                                           cstackBANK0  0000B7
efgtoa@l                                           cstackBANK0  0000B3
efgtoa@m                                           cstackBANK0  00009F
efgtoa@mode                                        cstackBANK0  0000AE
efgtoa@n                                           cstackBANK0  0000BF
efgtoa@ne                                          cstackBANK0  00009D
efgtoa@nmode                                       cstackBANK0  0000AD
efgtoa@ou                                          cstackBANK0  0000A1
efgtoa@p                                           cstackBANK0  0000A9
efgtoa@pp                                          cstackBANK0  00009B
efgtoa@sign                                        cstackBANK0  0000A7
efgtoa@t                                           cstackBANK0  000099
efgtoa@u                                           cstackBANK0  0000C1
efgtoa@w                                           cstackBANK0  0000AB
end_of_initialization                              cinit        004DBC
floorf@F527                                        bssBANK0     0000DA
floorf@e                                           cstackBANK0  00007B
floorf@m                                           cstackBANK0  000077
floorf@u                                           cstackBANK0  00007D
floorf@x                                           cstackBANK0  00006D
fputc@c                                            cstackCOMRAM 00001E
fputc@fp                                           cstackCOMRAM 000020
fputs@c                                            cstackBANK0  000064
fputs@fp                                           cstackBANK0  000062
fputs@i                                            cstackBANK0  000065
fputs@s                                            cstackBANK0  000060
i2___fladd                                         text96       002674
i2___fladd@a                                       cstackCOMRAM 000005
i2___fladd@aexp                                    cstackCOMRAM 00000E
i2___fladd@b                                       cstackCOMRAM 000001
i2___fladd@bexp                                    cstackCOMRAM 00000F
i2___fladd@grs                                     cstackCOMRAM 000010
i2___fladd@signs                                   cstackCOMRAM 00000D
i2___flmul                                         text97       002F60
i2___flmul@a                                       cstackCOMRAM 000005
i2___flmul@aexp                                    cstackCOMRAM 000012
i2___flmul@b                                       cstackCOMRAM 000001
i2___flmul@bexp                                    cstackCOMRAM 000013
i2___flmul@grs                                     cstackCOMRAM 00000E
i2___flmul@prod                                    cstackCOMRAM 000014
i2___flmul@sign                                    cstackCOMRAM 00000D
i2___flmul@temp                                    cstackCOMRAM 000018
i2___flsub                                         text95       0053FC
i2___flsub@a                                       cstackCOMRAM 000015
i2___flsub@b                                       cstackCOMRAM 000011
i2___xxtofl                                        text94       003DDC
i2___xxtofl@arg                                    cstackCOMRAM 00000B
i2___xxtofl@exp                                    cstackCOMRAM 00000A
i2___xxtofl@sign                                   cstackCOMRAM 000009
i2___xxtofl@val                                    cstackCOMRAM 000001
int$flags                                          temp         000044
intlevel0                                          text         000000
intlevel1                                          text         000000
intlevel2                                          text         000000
intlevel3                                          text         000000
isa$std                                            (abs)        000001
isa$xinst                                          (abs)        000000
isdigit@c                                          cstackCOMRAM 00001C
isspace@c                                          cstackCOMRAM 00001C
isupper@c                                          cstackCOMRAM 00001C
pad@buf                                            cstackBANK0  000069
pad@fp                                             cstackBANK0  000067
pad@i                                              cstackBANK0  00006D
pad@p                                              cstackBANK0  00006B
pad@w                                              cstackBANK0  00006F
printf@ap                                          cstackBANK0  0000D7
printf@fmt                                         cstackBANK1  00019E
putch@txData                                       cstackCOMRAM 00001D
rd1RegCompleteHandler@ptr                          cstackCOMRAM 00000A
rd1RegCompleteHandler@temphumidity$F2001@ptr       cstackCOMRAM 00000A
rd2RegCompleteHandler@ptr                          cstackCOMRAM 00000A
rdBlkRegCompleteHandler@ptr                        cstackCOMRAM 00000A
stackhi                                            (abs)        000E87
stacklo                                            (abs)        0001B8
start                                              init         00013A
start_initialization                               cinit        004D3A
strcpy@d                                           cstackCOMRAM 000024
strcpy@dest                                        cstackCOMRAM 00001C
strcpy@s                                           cstackCOMRAM 000022
strcpy@src                                         cstackCOMRAM 00001E
strlen@a                                           cstackCOMRAM 00001E
strlen@s                                           cstackCOMRAM 00001C
strncmp@_l                                         cstackCOMRAM 00001C
strncmp@_r                                         cstackCOMRAM 00001E
strncmp@l                                          cstackCOMRAM 000023
strncmp@n                                          cstackCOMRAM 000020
strncmp@r                                          cstackCOMRAM 000025
tolower@c                                          cstackCOMRAM 000022
ttemp5                                             temp         000045
ttemp6                                             temp         000048
ttemp7                                             temp         00004C
txWindSpeed@speed                                  cstackBANK1  0001A4
vfpfcnvrt@ap                                       cstackBANK0  0000C9
vfpfcnvrt@c                                        cstackBANK1  00019D
vfpfcnvrt@ct                                       cstackBANK1  00019A
vfpfcnvrt@f                                        cstackBANK1  000196
vfpfcnvrt@fmt                                      cstackBANK0  0000C7
vfpfcnvrt@fp                                       cstackBANK0  0000C5
vfprintf@ap                                        cstackBANK0  0000D3
vfprintf@cfmt                                      cstackBANK0  0000D5
vfprintf@fmt                                       cstackBANK0  0000D1
vfprintf@fp                                        cstackBANK0  0000CF
wr1RegCompleteHandler@ptr                          cstackCOMRAM 00000A
wr1RegCompleteHandler@temphumidity$F1999@ptr       cstackCOMRAM 00000A
wr2RegCompleteHandler@ptr                          cstackCOMRAM 00000A
wtemp8                                             temp         000045


MODULE INFORMATION

Module		Function		Class		Link	Load	Size
C:\Program Files\Microchip\xc8\v2.32\pic\sources\c99\common\awdiv.c
		___awdiv       		CODE           	4860	0000	196

C:\Program Files\Microchip\xc8\v2.32\pic\sources\c99\common\awdiv.c estimated size: 196

C:\Program Files\Microchip\xc8\v2.32\pic\sources\c99\common\isdigit.c
		_isdigit       		CODE           	5534	0000	56

C:\Program Files\Microchip\xc8\v2.32\pic\sources\c99\common\isdigit.c estimated size: 56

C:\Program Files\Microchip\xc8\v2.32\pic\sources\c99\common\sprcadd.c
		___flsub       		CODE           	53B4	0000	72
		___fladd       		CODE           	21B2	0000	1218

C:\Program Files\Microchip\xc8\v2.32\pic\sources\c99\common\sprcadd.c estimated size: 1290

mcc_generated_files/examples/i2c1_master_example.c
		_wr1RegCompleteHandler		CODE           	5628	0000	44
		_wr2RegCompleteHandler		CODE           	56AC	0000	44
		_rdBlkRegCompleteHandler		CODE           	5484	0000	64
		_rd1RegCompleteHandler		CODE           	5680	0000	44
		_rd2RegCompleteHandler		CODE           	5654	0000	44

mcc_generated_files/examples/i2c1_master_example.c estimated size: 240

./anemometer.h
		_ADCGetVal     		CODE           	46BE	0000	218

./anemometer.h estimated size: 218

./temphumidity.h
		_rd1RegCompleteHandler@temphumidity$F2001		CODE           	55D0	0000	44
		_wr1RegCompleteHandler@temphumidity$F1999		CODE           	55FC	0000	44

./temphumidity.h estimated size: 88

C:\Program Files\Microchip\xc8\v2.32\pic\sources\c99\common\doprnt.c
		_vfpfcnvrt     		CODE           	1BF6	0000	1468
		_efgtoa        		CODE           	0F4A	0000	3244
		_pad           		CODE           	4798	0000	200
		_vfprintf      		CODE           	50FC	0000	100

C:\Program Files\Microchip\xc8\v2.32\pic\sources\c99\common\doprnt.c estimated size: 5012

C:\Program Files\Microchip\xc8\v2.32\pic\sources\c99\common\flneg.c
		___flneg       		CODE           	54FC	0000	56

C:\Program Files\Microchip\xc8\v2.32\pic\sources\c99\common\flneg.c estimated size: 56

mcc_generated_files/i2c1_master.c
		_I2C1_DO_SEND_RESTART		CODE           	58E6	0000	8
		_I2C1_DO_TX_EMPTY		CODE           	4E4A	0000	124
		_I2C1_DO_SEND_RESTART_READ		CODE           	58F6	0000	8
		_I2C1_CallbackReturnStop		CODE           	594A	0000	4
		_I2C1_DO_RX    		CODE           	4BFE	0000	166
		_I2C1_DO_TX    		CODE           	4924	0000	196
		_I2C1_DO_IDLE  		CODE           	587E	0000	12
		_I2C1_DO_RCEN  		CODE           	5872	0000	12
		_I2C1_MasterSendTxData		CODE           	58FE	0000	8
		_I2C1_MasterStop		CODE           	594E	0000	4
		_I2C1_CallbackReturnReset		CODE           	5946	0000	4
		_I2C1_DO_RESET 		CODE           	5866	0000	12
		_I2C1_MasterStartRx		CODE           	5942	0000	4
		_I2C1_DO_RX_ACK		CODE           	58D6	0000	8
		_I2C1_MasterSendNack		CODE           	5924	0000	6
		_I2C1_DO_RX_NACK_RESTART		CODE           	58C6	0000	8
		_I2C1_SetCallback		CODE           	4EC6	0000	122
		_I2C1_MasterEnableRestart		CODE           	5952	0000	4
		_I2C1_DO_ADDRESS_NACK		CODE           	5096	0000	102
		_I2C1_SetBuffer		CODE           	5750	0000	36
		_I2C1_DO_SEND_RESTART_WRITE		CODE           	58EE	0000	8
		_I2C1_Initialize		CODE           	581E	0000	20
		_I2C1_MasterIsNack		CODE           	5832	0000	20
		_I2C1_DO_SEND_ADR_WRITE		CODE           	5846	0000	16
		_I2C1_MasterClearIrq		CODE           	5912	0000	6
		_I2C1_SetDataCompleteCallback		CODE           	57C6	0000	24
		_I2C1_DO_SEND_STOP		CODE           	58DE	0000	8
		_I2C1_MasterSendAck		CODE           	591E	0000	6
		_I2C1_MasterFsm		CODE           	4FB8	0000	112
		_I2C1_MasterIsr		CODE           	590C	0000	6
		_I2C1_MasterGetRxData		CODE           	593E	0000	4
		_I2C1_MasterSetIrq		CODE           	5918	0000	6
		_I2C1_DO_SEND_ADR_READ		CODE           	5856	0000	16
		_I2C1_DO_RX_NACK_STOP		CODE           	58CE	0000	8

mcc_generated_files/i2c1_master.c estimated size: 1108

./esp32.h
		_txWindSpeed   		CODE           	4DC6	0000	132
		_EUSART1ISR    		CODE           	3F90	0000	424

./esp32.h estimated size: 556

mcc_generated_files/interrupt_manager.c
		_INTERRUPT_Initialize		CODE           	593A	0000	4
		_INTERRUPT_InterruptManager		CODE           	0008	0000	306

mcc_generated_files/interrupt_manager.c estimated size: 310

mcc_generated_files/pin_manager.c
		_PIN_MANAGER_Initialize		CODE           	5028	0000	110

mcc_generated_files/pin_manager.c estimated size: 110

C:\Program Files\Microchip\xc8\v2.32\pic\sources\c99\common\atoi.c
		_atoi          		CODE           	4138	0000	414

C:\Program Files\Microchip\xc8\v2.32\pic\sources\c99\common\atoi.c estimated size: 414

C:\Program Files\Microchip\xc8\v2.32\pic\sources\c99\common\nf_fputs.c
		_fputs         		CODE           	536C	0000	72

C:\Program Files\Microchip\xc8\v2.32\pic\sources\c99\common\nf_fputs.c estimated size: 72

C:\Program Files\Microchip\xc8\v2.32\pic\sources\c99\common\fleq.c
		___fleq        		CODE           	4B54	0000	170

C:\Program Files\Microchip\xc8\v2.32\pic\sources\c99\common\fleq.c estimated size: 170

C:\Program Files\Microchip\xc8\v2.32\pic\sources\c99\common\__fpclassifyf.c
		___fpclassifyf 		CODE           	44E2	0000	256

C:\Program Files\Microchip\xc8\v2.32\pic\sources\c99\common\__fpclassifyf.c estimated size: 256

C:\Program Files\Microchip\xc8\v2.32\pic\sources\c99\common\isupper.c
		_isupper       		CODE           	54C4	0000	56

C:\Program Files\Microchip\xc8\v2.32\pic\sources\c99\common\isupper.c estimated size: 56

C:\Program Files\Microchip\xc8\v2.32\pic\sources\c99\common\Umul16.c
		___wmul        		CODE           	572A	0000	38

C:\Program Files\Microchip\xc8\v2.32\pic\sources\c99\common\Umul16.c estimated size: 38

C:\Program Files\Microchip\xc8\v2.32\pic\sources\c99\common\isspace.c
		_isspace       		CODE           	5278	0000	82

C:\Program Files\Microchip\xc8\v2.32\pic\sources\c99\common\isspace.c estimated size: 82

C:\Program Files\Microchip\xc8\v2.32\pic\sources\c99\common\strncmp.c
		_strncmp       		CODE           	45E2	0000	220

C:\Program Files\Microchip\xc8\v2.32\pic\sources\c99\common\strncmp.c estimated size: 220

C:\Program Files\Microchip\xc8\v2.32\pic\sources\c99\common\tolower.c
		_tolower       		CODE           	5160	0000	98

C:\Program Files\Microchip\xc8\v2.32\pic\sources\c99\common\tolower.c estimated size: 98

shared
		i2___fladd     		CODE           	2674	0000	1216
		__initialization		CODE           	4D3A	0000	130
		i2___flmul     		CODE           	2F60	0000	1066
		_i2c1_fsmStateTable		SMALLCONST     	0F01	0000	32
		i2___xxtofl    		CODE           	3DDC	0000	436
		i2___flsub     		CODE           	53FC	0000	70

shared estimated size: 2950

mcc_generated_files/eusart1.c
		_EUSART1_is_tx_done		CODE           	580A	0000	20
		_EUSART1_SetRxInterruptHandler		CODE           	589E	0000	10
		_EUSART1_SetTxInterruptHandler		CODE           	5894	0000	10
		_EUSART1_is_rx_ready		CODE           	57F4	0000	22
		_EUSART1_is_tx_ready		CODE           	57DE	0000	22
		_EUSART1_Initialize		CODE           	4F40	0000	120
		_putch         		CODE           	588A	0000	10
		_EUSART1_DefaultErrorHandler		CODE           	5930	0000	6
		_EUSART1_SetFramingErrorHandler		CODE           	58B2	0000	10
		_EUSART1_Read  		CODE           	52CA	0000	82
		_EUSART1_SetOverrunErrorHandler		CODE           	58A8	0000	10
		_EUSART1_SetErrorHandler		CODE           	58BC	0000	10
		_EUSART1_Write 		CODE           	5220	0000	88
		_EUSART1_Receive_ISR		CODE           	49E8	0000	188
		_EUSART1_RxDataHandler		CODE           	56D8	0000	42
		_EUSART1_DefaultOverrunErrorHandler		CODE           	592A	0000	6
		_EUSART1_Transmit_ISR		CODE           	5442	0000	66
		_EUSART1_DefaultFramingErrorHandler		CODE           	595A	0000	2

mcc_generated_files/eusart1.c estimated size: 724

C:\Program Files\Microchip\xc8\v2.32\pic\sources\c99\common\sprcmul.c
		___flmul       		CODE           	2B34	0000	1068

C:\Program Files\Microchip\xc8\v2.32\pic\sources\c99\common\sprcmul.c estimated size: 1068

C:\Program Files\Microchip\xc8\v2.32\pic\sources\c99\common\awmod.c
		___awmod       		CODE           	4AA4	0000	176

C:\Program Files\Microchip\xc8\v2.32\pic\sources\c99\common\awmod.c estimated size: 176

mcc_generated_files/mcc.c
		_PMD_Initialize		CODE           	5792	0000	28
		_OSCILLATOR_Initialize		CODE           	57AE	0000	24
		_SYSTEM_Initialize		CODE           	5774	0000	30

mcc_generated_files/mcc.c estimated size: 82

C:\Program Files\Microchip\xc8\v2.32\pic\sources\c99\common\sprcdiv.c
		___fldiv       		CODE           	338A	0000	924

C:\Program Files\Microchip\xc8\v2.32\pic\sources\c99\common\sprcdiv.c estimated size: 924

C:\Program Files\Microchip\xc8\v2.32\pic\sources\c99\common\fltol.c
		___fltol       		CODE           	42D6	0000	262

C:\Program Files\Microchip\xc8\v2.32\pic\sources\c99\common\fltol.c estimated size: 262

C:\Program Files\Microchip\xc8\v2.32\pic\sources\c99\common\xxtofl.c
		___xxtofl      		CODE           	3C24	0000	440

C:\Program Files\Microchip\xc8\v2.32\pic\sources\c99\common\xxtofl.c estimated size: 440

C:\Program Files\Microchip\xc8\v2.32\pic\sources\c99\common\printf.c
		_printf        		CODE           	5702	0000	40

C:\Program Files\Microchip\xc8\v2.32\pic\sources\c99\common\printf.c estimated size: 40

C:\Program Files\Microchip\xc8\v2.32\pic\sources\c99\common\nf_fputc.c
		_fputc         		CODE           	4CA4	0000	150

C:\Program Files\Microchip\xc8\v2.32\pic\sources\c99\common\nf_fputc.c estimated size: 150

mcc_generated_files/adcc.c
		_ADCC_GetSingleConversion		CODE           	55A2	0000	46
		_ADCC_Initialize		CODE           	531C	0000	80

mcc_generated_files/adcc.c estimated size: 126

main.c
		_main          		CODE           	3726	0000	744

main.c estimated size: 744

C:\Program Files\Microchip\xc8\v2.32\pic\sources\c99\common\strlen.c
		_strlen        		CODE           	556C	0000	54

C:\Program Files\Microchip\xc8\v2.32\pic\sources\c99\common\strlen.c estimated size: 54

C:\Program Files\Microchip\xc8\v2.32\pic\sources\c99\common\flge.c
		___flge        		CODE           	43DC	0000	262

C:\Program Files\Microchip\xc8\v2.32\pic\sources\c99\common\flge.c estimated size: 262

C:\Program Files\Microchip\xc8\v2.32\pic\sources\c99\common\floorf.c
		_floorf        		CODE           	3A0E	0000	534

C:\Program Files\Microchip\xc8\v2.32\pic\sources\c99\common\floorf.c estimated size: 534

C:\Program Files\Microchip\xc8\v2.32\pic\sources\c99\common\strcpy.c
		_strcpy        		CODE           	51C2	0000	94

C:\Program Files\Microchip\xc8\v2.32\pic\sources\c99\common\strcpy.c estimated size: 94

